###############################################################################
#
# IAR ELF Linker V9.20.2.320/W64 for ARM                  08/Apr/2022  15:41:35
# Copyright 2007-2021 IAR Systems AB.
#
#    Output file  =
#        D:\Work\Programming\Sensors\TVOC\CJMCU-811 CCS811 TVOC
#        sensor\EWARM\CJMCU-811 CCS811 TVOC sensor\Exe\CJMCU-811 CCS811 TVOC
#        sensor.out
#    Map file     =
#        D:\Work\Programming\Sensors\TVOC\CJMCU-811 CCS811 TVOC
#        sensor\EWARM\CJMCU-811 CCS811 TVOC sensor\List\CJMCU-811 CCS811 TVOC
#        sensor.map
#    Command line =
#        -f "D:\Work\Programming\Sensors\TVOC\CJMCU-811 CCS811 TVOC
#        sensor\EWARM\CJMCU-811 CCS811 TVOC sensor\Exe\CJMCU-811 CCS811 TVOC
#        sensor.out.rsp" ("D:\Work\Programming\Sensors\TVOC\CJMCU-811 CCS811
#        TVOC sensor\EWARM\CJMCU-811 CCS811 TVOC
#        sensor\Obj\Application\User\Core\CCS811.o"
#        "D:\Work\Programming\Sensors\TVOC\CJMCU-811 CCS811 TVOC
#        sensor\EWARM\CJMCU-811 CCS811 TVOC
#        sensor\Obj\Application\User\Core\main.o"
#        "D:\Work\Programming\Sensors\TVOC\CJMCU-811 CCS811 TVOC
#        sensor\EWARM\CJMCU-811 CCS811 TVOC
#        sensor\Obj\Application\User\Core\spi_ili9341.o"
#        "D:\Work\Programming\Sensors\TVOC\CJMCU-811 CCS811 TVOC
#        sensor\EWARM\CJMCU-811 CCS811 TVOC
#        sensor\Obj\Application\EWARM\startup_stm32f446xx.o"
#        "D:\Work\Programming\Sensors\TVOC\CJMCU-811 CCS811 TVOC
#        sensor\EWARM\CJMCU-811 CCS811 TVOC
#        sensor\Obj\Drivers\STM32F4xx_HAL_Driver\stm32f4xx_hal.o"
#        "D:\Work\Programming\Sensors\TVOC\CJMCU-811 CCS811 TVOC
#        sensor\EWARM\CJMCU-811 CCS811 TVOC
#        sensor\Obj\Drivers\STM32F4xx_HAL_Driver\stm32f4xx_hal_cortex.o"
#        "D:\Work\Programming\Sensors\TVOC\CJMCU-811 CCS811 TVOC
#        sensor\EWARM\CJMCU-811 CCS811 TVOC
#        sensor\Obj\Drivers\STM32F4xx_HAL_Driver\stm32f4xx_hal_dma.o"
#        "D:\Work\Programming\Sensors\TVOC\CJMCU-811 CCS811 TVOC
#        sensor\EWARM\CJMCU-811 CCS811 TVOC
#        sensor\Obj\Drivers\STM32F4xx_HAL_Driver\stm32f4xx_hal_dma_ex.o"
#        "D:\Work\Programming\Sensors\TVOC\CJMCU-811 CCS811 TVOC
#        sensor\EWARM\CJMCU-811 CCS811 TVOC
#        sensor\Obj\Drivers\STM32F4xx_HAL_Driver\stm32f4xx_hal_exti.o"
#        "D:\Work\Programming\Sensors\TVOC\CJMCU-811 CCS811 TVOC
#        sensor\EWARM\CJMCU-811 CCS811 TVOC
#        sensor\Obj\Drivers\STM32F4xx_HAL_Driver\stm32f4xx_hal_flash.o"
#        "D:\Work\Programming\Sensors\TVOC\CJMCU-811 CCS811 TVOC
#        sensor\EWARM\CJMCU-811 CCS811 TVOC
#        sensor\Obj\Drivers\STM32F4xx_HAL_Driver\stm32f4xx_hal_flash_ex.o"
#        "D:\Work\Programming\Sensors\TVOC\CJMCU-811 CCS811 TVOC
#        sensor\EWARM\CJMCU-811 CCS811 TVOC
#        sensor\Obj\Drivers\STM32F4xx_HAL_Driver\stm32f4xx_hal_flash_ramfunc.o"
#        "D:\Work\Programming\Sensors\TVOC\CJMCU-811 CCS811 TVOC
#        sensor\EWARM\CJMCU-811 CCS811 TVOC
#        sensor\Obj\Drivers\STM32F4xx_HAL_Driver\stm32f4xx_hal_gpio.o"
#        "D:\Work\Programming\Sensors\TVOC\CJMCU-811 CCS811 TVOC
#        sensor\EWARM\CJMCU-811 CCS811 TVOC
#        sensor\Obj\Drivers\STM32F4xx_HAL_Driver\stm32f4xx_hal_i2c.o"
#        "D:\Work\Programming\Sensors\TVOC\CJMCU-811 CCS811 TVOC
#        sensor\EWARM\CJMCU-811 CCS811 TVOC
#        sensor\Obj\Drivers\STM32F4xx_HAL_Driver\stm32f4xx_hal_i2c_ex.o"
#        "D:\Work\Programming\Sensors\TVOC\CJMCU-811 CCS811 TVOC
#        sensor\EWARM\CJMCU-811 CCS811 TVOC
#        sensor\Obj\Application\User\Core\stm32f4xx_hal_msp.o"
#        "D:\Work\Programming\Sensors\TVOC\CJMCU-811 CCS811 TVOC
#        sensor\EWARM\CJMCU-811 CCS811 TVOC
#        sensor\Obj\Drivers\STM32F4xx_HAL_Driver\stm32f4xx_hal_pwr.o"
#        "D:\Work\Programming\Sensors\TVOC\CJMCU-811 CCS811 TVOC
#        sensor\EWARM\CJMCU-811 CCS811 TVOC
#        sensor\Obj\Drivers\STM32F4xx_HAL_Driver\stm32f4xx_hal_pwr_ex.o"
#        "D:\Work\Programming\Sensors\TVOC\CJMCU-811 CCS811 TVOC
#        sensor\EWARM\CJMCU-811 CCS811 TVOC
#        sensor\Obj\Drivers\STM32F4xx_HAL_Driver\stm32f4xx_hal_rcc.o"
#        "D:\Work\Programming\Sensors\TVOC\CJMCU-811 CCS811 TVOC
#        sensor\EWARM\CJMCU-811 CCS811 TVOC
#        sensor\Obj\Drivers\STM32F4xx_HAL_Driver\stm32f4xx_hal_rcc_ex.o"
#        "D:\Work\Programming\Sensors\TVOC\CJMCU-811 CCS811 TVOC
#        sensor\EWARM\CJMCU-811 CCS811 TVOC
#        sensor\Obj\Drivers\STM32F4xx_HAL_Driver\stm32f4xx_hal_spi.o"
#        "D:\Work\Programming\Sensors\TVOC\CJMCU-811 CCS811 TVOC
#        sensor\EWARM\CJMCU-811 CCS811 TVOC
#        sensor\Obj\Drivers\STM32F4xx_HAL_Driver\stm32f4xx_hal_tim.o"
#        "D:\Work\Programming\Sensors\TVOC\CJMCU-811 CCS811 TVOC
#        sensor\EWARM\CJMCU-811 CCS811 TVOC
#        sensor\Obj\Drivers\STM32F4xx_HAL_Driver\stm32f4xx_hal_tim_ex.o"
#        "D:\Work\Programming\Sensors\TVOC\CJMCU-811 CCS811 TVOC
#        sensor\EWARM\CJMCU-811 CCS811 TVOC
#        sensor\Obj\Application\User\Core\stm32f4xx_it.o"
#        "D:\Work\Programming\Sensors\TVOC\CJMCU-811 CCS811 TVOC
#        sensor\EWARM\CJMCU-811 CCS811 TVOC
#        sensor\Obj\Drivers\CMSIS\system_stm32f4xx.o" --no_out_extension -o
#        "D:\Work\Programming\Sensors\TVOC\CJMCU-811 CCS811 TVOC
#        sensor\EWARM\CJMCU-811 CCS811 TVOC sensor\Exe\CJMCU-811 CCS811 TVOC
#        sensor.out" --redirect _Printf=_PrintfFullNoMb --redirect
#        _Scanf=_ScanfFullNoMb --map
#        "D:\Work\Programming\Sensors\TVOC\CJMCU-811 CCS811 TVOC
#        sensor\EWARM\CJMCU-811 CCS811 TVOC sensor\List\CJMCU-811 CCS811 TVOC
#        sensor.map" --config "D:\Work\Programming\Sensors\TVOC\CJMCU-811
#        CCS811 TVOC sensor\EWARM/stm32f446xx_flash.icf" --semihosting --entry
#        __iar_program_start --vfe --text_out locale)
#
###############################################################################

*******************************************************************************
*** RUNTIME MODEL ATTRIBUTES
***

CppFlavor       = *
__CPP_Runtime   = 1
__SystemLibrary = DLib
__dlib_version  = 6


*******************************************************************************
*** HEAP SELECTION
***

The basic heap was selected because some modules are built with
size limitations (and not runtime checking), and --advanced_heap
was not specified.


*******************************************************************************
*** PLACEMENT SUMMARY
***

"A0":  place at address 0x800'0000 { ro section .intvec };
"P1":  place in [from 0x800'0000 to 0x807'ffff] { ro };
define block CSTACK with size = 2K, alignment = 8 { };
define block HEAP with size = 1K, alignment = 8 { };
"P2":  place in [from 0x2000'0000 to 0x2001'ffff] {
          rw, block CSTACK, block HEAP };
initialize by copy { rw };

  Section            Kind         Address    Size  Object
  -------            ----         -------    ----  ------
"A0":                                       0x1c4
  .intvec            ro code   0x800'0000   0x1c4  startup_stm32f446xx.o [1]
                             - 0x800'01c4   0x1c4

"P1":                                      0x323f
  .text              ro code   0x800'01c4  0x1796  stm32f4xx_hal_i2c.o [4]
  .text              ro code   0x800'195a    0x3a  packbits_init_single.o [7]
  .text              ro code   0x800'1994   0x1fc  stm32f4xx_hal_msp.o [2]
  .text              ro code   0x800'1b90   0x140  stm32f4xx_hal_rcc.o [4]
  .text              ro code   0x800'1cd0     0xc  stm32f4xx_hal.o [4]
  .text              ro code   0x800'1cdc     0x2  stm32f4xx_hal_i2c.o [4]
  .text              ro code   0x800'1cde     0x2  stm32f4xx_hal_i2c.o [4]
  .text              ro code   0x800'1ce0     0x2  stm32f4xx_hal_i2c.o [4]
  .text              ro code   0x800'1ce2     0x2  stm32f4xx_hal_i2c.o [4]
  .text              ro code   0x800'1ce4     0x2  stm32f4xx_hal_i2c.o [4]
  .text              ro code   0x800'1ce6     0x2  stm32f4xx_hal_i2c.o [4]
  .text              ro code   0x800'1ce8    0x2a  stm32f4xx_hal_dma.o [4]
  .text              ro code   0x800'1d12     0x2  stm32f4xx_hal_i2c.o [4]
  .text              ro code   0x800'1d14     0x2  stm32f4xx_hal_i2c.o [4]
  .text              ro code   0x800'1d16     0x2  stm32f4xx_hal_i2c.o [4]
  .text              ro code   0x800'1d18     0x2  stm32f4xx_hal_i2c.o [4]
  .text              ro code   0x800'1d1a    0x14  memset.o [7]
  .text              ro code   0x800'1d30    0xc4  stm32f4xx_hal_cortex.o [4]
  .text              ro code   0x800'1df4   0x200  stm32f4xx_hal_gpio.o [4]
  .text              ro code   0x800'1ff4   0x390  stm32f4xx_hal_rcc_ex.o [4]
  .text              ro code   0x800'2384    0x40  stm32f4xx_hal.o [4]
  .text              ro code   0x800'23c4    0x66  ABImemset.o [7]
  .text              ro code   0x800'242a     0x2  stm32f4xx_hal_gpio.o [4]
  .text              ro code   0x800'242c   0x106  I64DivMod_small.o [7]
  .text              ro code   0x800'2534     0x2  I64DivZer.o [7]
  .text              ro code   0x800'2538   0x6c4  main.o [2]
  .text              ro code   0x800'2bfc    0x34  stm32f4xx_hal.o [4]
  .text              ro code   0x800'2c30    0x82  stm32f4xx_hal_spi.o [4]
  .text              ro code   0x800'2cb4   0x1d2  spi_ili9341.o [2]
  .text              ro code   0x800'2e88    0x1c  U32ToDbl.o [6]
  .text              ro code   0x800'2ea4   0x1aa  DblMul.o [6]
  .text              ro code   0x800'3050    0x68  DblToFlt.o [6]
  .text              ro code   0x800'30b8    0x28  stm32f4xx_hal.o [4]
  .text              ro code   0x800'30e0    0x78  stm32f4xx_hal_pwr_ex.o [4]
  .text              ro code   0x800'3158    0x2c  stm32f4xx_it.o [2]
  .text              ro code   0x800'3184    0x10  stm32f4xx_hal.o [4]
  .text              ro code   0x800'3194    0x2c  system_stm32f4xx.o [3]
  .text              ro code   0x800'31c0    0x28  data_init.o [7]
  .text              ro code   0x800'31e8    0x22  fpinit_M.o [6]
  .iar.init_table    const     0x800'320c    0x10  - Linker created -
  .text              ro code   0x800'321c    0x1e  cmain.o [7]
  .text              ro code   0x800'323a     0x4  low_level_init.o [5]
  .text              ro code   0x800'323e     0x4  exit.o [5]
  .text              ro code   0x800'3244     0xa  cexit.o [7]
  .text              ro code   0x800'3250    0x14  exit.o [8]
  .text              ro code   0x800'3264    0x1c  cstartup_M.o [7]
  .text              ro code   0x800'3280    0x10  startup_stm32f446xx.o [1]
  .rodata            const     0x800'3290     0x8  system_stm32f4xx.o [3]
  .text              ro code   0x800'3298     0x4  startup_stm32f446xx.o [1]
  .text              ro code   0x800'329c     0x4  startup_stm32f446xx.o [1]
  .text              ro code   0x800'32a0     0x4  startup_stm32f446xx.o [1]
  .text              ro code   0x800'32a4     0x4  startup_stm32f446xx.o [1]
  .text              ro code   0x800'32a8     0x4  startup_stm32f446xx.o [1]
  .text              ro code   0x800'32ac     0x4  startup_stm32f446xx.o [1]
  .text              ro code   0x800'32b0     0x4  startup_stm32f446xx.o [1]
  .text              ro code   0x800'32b4     0x4  startup_stm32f446xx.o [1]
  .text              ro code   0x800'32b8     0x4  startup_stm32f446xx.o [1]
  .text              ro code   0x800'32bc     0x4  startup_stm32f446xx.o [1]
  .text              ro code   0x800'32c0     0x4  startup_stm32f446xx.o [1]
  .text              ro code   0x800'32c4     0x4  startup_stm32f446xx.o [1]
  .text              ro code   0x800'32c8     0x4  startup_stm32f446xx.o [1]
  .text              ro code   0x800'32cc     0x4  startup_stm32f446xx.o [1]
  .text              ro code   0x800'32d0     0x4  startup_stm32f446xx.o [1]
  .text              ro code   0x800'32d4     0x4  startup_stm32f446xx.o [1]
  .text              ro code   0x800'32d8     0x4  startup_stm32f446xx.o [1]
  .text              ro code   0x800'32dc     0x4  startup_stm32f446xx.o [1]
  .text              ro code   0x800'32e0     0x4  startup_stm32f446xx.o [1]
  .text              ro code   0x800'32e4     0x4  startup_stm32f446xx.o [1]
  .text              ro code   0x800'32e8     0x4  startup_stm32f446xx.o [1]
  .text              ro code   0x800'32ec     0x4  startup_stm32f446xx.o [1]
  .text              ro code   0x800'32f0     0x4  startup_stm32f446xx.o [1]
  .text              ro code   0x800'32f4     0x4  startup_stm32f446xx.o [1]
  .text              ro code   0x800'32f8     0x4  startup_stm32f446xx.o [1]
  .text              ro code   0x800'32fc     0x4  startup_stm32f446xx.o [1]
  .text              ro code   0x800'3300     0x4  startup_stm32f446xx.o [1]
  .text              ro code   0x800'3304     0x4  startup_stm32f446xx.o [1]
  .text              ro code   0x800'3308     0x4  startup_stm32f446xx.o [1]
  .text              ro code   0x800'330c     0x4  startup_stm32f446xx.o [1]
  .text              ro code   0x800'3310     0x4  startup_stm32f446xx.o [1]
  .text              ro code   0x800'3314     0x4  startup_stm32f446xx.o [1]
  .text              ro code   0x800'3318     0x4  startup_stm32f446xx.o [1]
  .text              ro code   0x800'331c     0x4  startup_stm32f446xx.o [1]
  .text              ro code   0x800'3320     0x4  startup_stm32f446xx.o [1]
  .text              ro code   0x800'3324     0x4  startup_stm32f446xx.o [1]
  .text              ro code   0x800'3328     0x4  startup_stm32f446xx.o [1]
  .text              ro code   0x800'332c     0x4  startup_stm32f446xx.o [1]
  .text              ro code   0x800'3330     0x4  startup_stm32f446xx.o [1]
  .text              ro code   0x800'3334     0x4  startup_stm32f446xx.o [1]
  .text              ro code   0x800'3338     0x4  startup_stm32f446xx.o [1]
  .text              ro code   0x800'333c     0x4  startup_stm32f446xx.o [1]
  .text              ro code   0x800'3340     0x4  startup_stm32f446xx.o [1]
  .text              ro code   0x800'3344     0x4  startup_stm32f446xx.o [1]
  .text              ro code   0x800'3348     0x4  startup_stm32f446xx.o [1]
  .text              ro code   0x800'334c     0x4  startup_stm32f446xx.o [1]
  .text              ro code   0x800'3350     0x4  startup_stm32f446xx.o [1]
  .text              ro code   0x800'3354     0x4  startup_stm32f446xx.o [1]
  .text              ro code   0x800'3358     0x4  startup_stm32f446xx.o [1]
  .text              ro code   0x800'335c     0x4  startup_stm32f446xx.o [1]
  .text              ro code   0x800'3360     0x4  startup_stm32f446xx.o [1]
  .text              ro code   0x800'3364     0x4  startup_stm32f446xx.o [1]
  .text              ro code   0x800'3368     0x4  startup_stm32f446xx.o [1]
  .text              ro code   0x800'336c     0x4  startup_stm32f446xx.o [1]
  .text              ro code   0x800'3370     0x4  startup_stm32f446xx.o [1]
  .text              ro code   0x800'3374     0x4  startup_stm32f446xx.o [1]
  .text              ro code   0x800'3378     0x4  startup_stm32f446xx.o [1]
  .text              ro code   0x800'337c     0x4  startup_stm32f446xx.o [1]
  .text              ro code   0x800'3380     0x4  startup_stm32f446xx.o [1]
  .text              ro code   0x800'3384     0x4  startup_stm32f446xx.o [1]
  .text              ro code   0x800'3388     0x4  startup_stm32f446xx.o [1]
  .text              ro code   0x800'338c     0x4  startup_stm32f446xx.o [1]
  .text              ro code   0x800'3390     0x4  startup_stm32f446xx.o [1]
  .text              ro code   0x800'3394     0x4  startup_stm32f446xx.o [1]
  .text              ro code   0x800'3398     0x4  startup_stm32f446xx.o [1]
  .text              ro code   0x800'339c     0x4  startup_stm32f446xx.o [1]
  .text              ro code   0x800'33a0     0x4  startup_stm32f446xx.o [1]
  .text              ro code   0x800'33a4     0x4  startup_stm32f446xx.o [1]
  .text              ro code   0x800'33a8     0x4  startup_stm32f446xx.o [1]
  .text              ro code   0x800'33ac     0x4  startup_stm32f446xx.o [1]
  .text              ro code   0x800'33b0     0x4  startup_stm32f446xx.o [1]
  .text              ro code   0x800'33b4     0x4  startup_stm32f446xx.o [1]
  .text              ro code   0x800'33b8     0x4  startup_stm32f446xx.o [1]
  .text              ro code   0x800'33bc     0x4  startup_stm32f446xx.o [1]
  .text              ro code   0x800'33c0     0x4  startup_stm32f446xx.o [1]
  .text              ro code   0x800'33c4     0x4  startup_stm32f446xx.o [1]
  .text              ro code   0x800'33c8     0x4  startup_stm32f446xx.o [1]
  .text              ro code   0x800'33cc     0x4  startup_stm32f446xx.o [1]
  .text              ro code   0x800'33d0     0x4  startup_stm32f446xx.o [1]
  .text              ro code   0x800'33d4     0x4  startup_stm32f446xx.o [1]
  .text              ro code   0x800'33d8     0x4  startup_stm32f446xx.o [1]
  .text              ro code   0x800'33dc     0x4  startup_stm32f446xx.o [1]
  .text              ro code   0x800'33e0     0x4  startup_stm32f446xx.o [1]
  .rodata            const     0x800'33e4     0x0  packbits_init_single.o [7]
  Initializer bytes  const     0x800'33e4    0x1f  <for P2-1>
                             - 0x800'3403  0x323f

"P2", part 1 of 2:                          0x1ac
  P2-1                        0x2000'0000   0x1ac  <Init block>
    .data            inited   0x2000'0000   0x19c  main.o [2]
    .data            inited   0x2000'019c     0xc  stm32f4xx_hal.o [4]
    .data            inited   0x2000'01a8     0x4  system_stm32f4xx.o [3]
                            - 0x2000'01ac   0x1ac

"P2", part 2 of 2:                          0x800
  CSTACK                      0x2000'01b0   0x800  <Block>
    CSTACK           uninit   0x2000'01b0   0x800  <Block tail>
                            - 0x2000'09b0   0x800

Unused ranges:

         From           To      Size
         ----           --      ----
   0x800'3403   0x807'ffff  0x7'cbfd
  0x2000'01ac  0x2000'01af       0x4
  0x2000'09b0  0x2001'ffff  0x1'f650


*******************************************************************************
*** INIT TABLE
***

          Address      Size
          -------      ----
Copy/packbits (__iar_packbits_init_single3)
    1 source range, total size 0x1f (7% of destination):
           0x800'33e4   0x1f
    1 destination range, total size 0x1ac:
          0x2000'0000  0x1ac



*******************************************************************************
*** MODULE SUMMARY
***

    Module                  ro code  ro data  rw data
    ------                  -------  -------  -------
command line/config:
    -------------------------------------------------
    Total:

D:\Work\Programming\Sensors\TVOC\CJMCU-811 CCS811 TVOC sensor\EWARM\CJMCU-811 CCS811 TVOC sensor\Obj\Application\EWARM: [1]
    startup_stm32f446xx.o       800
    -------------------------------------------------
    Total:                      800

D:\Work\Programming\Sensors\TVOC\CJMCU-811 CCS811 TVOC sensor\EWARM\CJMCU-811 CCS811 TVOC sensor\Obj\Application\User\Core: [2]
    main.o                    1'732       29      412
    spi_ili9341.o               466
    stm32f4xx_hal_msp.o         508
    stm32f4xx_it.o               44
    -------------------------------------------------
    Total:                    2'750       29      412

D:\Work\Programming\Sensors\TVOC\CJMCU-811 CCS811 TVOC sensor\EWARM\CJMCU-811 CCS811 TVOC sensor\Obj\Drivers\CMSIS: [3]
    system_stm32f4xx.o           44        8        4
    -------------------------------------------------
    Total:                       44        8        4

D:\Work\Programming\Sensors\TVOC\CJMCU-811 CCS811 TVOC sensor\EWARM\CJMCU-811 CCS811 TVOC sensor\Obj\Drivers\STM32F4xx_HAL_Driver: [4]
    stm32f4xx_hal.o             184        1       12
    stm32f4xx_hal_cortex.o      196
    stm32f4xx_hal_dma.o          42
    stm32f4xx_hal_gpio.o        514
    stm32f4xx_hal_i2c.o       6'058
    stm32f4xx_hal_pwr_ex.o      120
    stm32f4xx_hal_rcc.o         320
    stm32f4xx_hal_rcc_ex.o      912
    stm32f4xx_hal_spi.o         130
    -------------------------------------------------
    Total:                    8'476        1       12

dl7M_tln.a: [5]
    exit.o                        4
    low_level_init.o              4
    -------------------------------------------------
    Total:                        8

m7M_tls.a: [6]
    DblMul.o                    426
    DblToFlt.o                  104
    U32ToDbl.o                   28
    fpinit_M.o                   34
    -------------------------------------------------
    Total:                      592

rt7M_tl.a: [7]
    ABImemset.o                 102
    I64DivMod_small.o           262
    I64DivZer.o                   2
    cexit.o                      10
    cmain.o                      30
    cstartup_M.o                 28
    data_init.o                  40
    memset.o                     20
    packbits_init_single.o       58
    -------------------------------------------------
    Total:                      552

shb_l.a: [8]
    exit.o                       20
    -------------------------------------------------
    Total:                       20

    Gaps                         16        2
    Linker created                        17    2'048
-----------------------------------------------------
    Grand Total:             13'258       57    2'476


*******************************************************************************
*** ENTRY LIST
***

Entry                       Address   Size  Type      Object
-----                       -------   ----  ----      ------
.iar.init_table$$Base    0x800'320c          --   Gb  - Linker created -
.iar.init_table$$Limit   0x800'321c          --   Gb  - Linker created -
?main                    0x800'321d         Code  Gb  cmain.o [7]
AHBPrescTable            0x800'31b0   0x10  Data  Gb  system_stm32f4xx.o [3]
AHT10_ADC_Raw           0x2000'017c    0x4  Data  Gb  main.o [2]
AHT10_Humidity          0x2000'0184    0x4  Data  Gb  main.o [2]
AHT10_Humidity_int      0x2000'0174    0x8  Data  Gb  main.o [2]
AHT10_RX_Data           0x2000'0000    0x8  Data  Gb  main.o [2]
AHT10_Temperature       0x2000'0180    0x4  Data  Gb  main.o [2]
AHT10_Temperature_int   0x2000'016c    0x8  Data  Gb  main.o [2]
AHT10_TmpHum_Cmd        0x2000'0188    0x1  Data  Gb  main.o [2]
APBPrescTable            0x800'3290    0x8  Data  Gb  system_stm32f4xx.o [3]
BusFault_Handler         0x800'315f    0x2  Code  Gb  stm32f4xx_it.o [2]
CSTACK$$Base            0x2000'01b0          --   Gb  - Linker created -
CSTACK$$Limit           0x2000'09b0          --   Gb  - Linker created -
DebugMon_Handler         0x800'3165    0x2  Code  Gb  stm32f4xx_it.o [2]
EXTI15_10_IRQHandler     0x800'317d    0x8  Code  Gb  stm32f4xx_it.o [2]
Error_Handler            0x800'2be9    0x4  Code  Gb  main.o [2]
HAL_DMA_Abort_IT         0x800'1ce9   0x24  Code  Gb  stm32f4xx_hal_dma.o [4]
HAL_DMA_GetState         0x800'1d0d    0x6  Code  Gb  stm32f4xx_hal_dma.o [4]
HAL_Delay                0x800'30b9   0x28  Code  Wk  stm32f4xx_hal.o [4]
HAL_GPIO_EXTI_IRQHandler
                         0x800'1fb3   0x12  Code  Gb  stm32f4xx_hal_gpio.o [4]
HAL_GPIO_Init            0x800'1df5  0x1b6  Code  Gb  stm32f4xx_hal_gpio.o [4]
HAL_GPIO_WritePin        0x800'1fab    0x8  Code  Gb  stm32f4xx_hal_gpio.o [4]
HAL_GetTick              0x800'1cd1    0xc  Code  Wk  stm32f4xx_hal.o [4]
HAL_I2C_ER_IRQHandler    0x800'11d5  0x122  Code  Gb  stm32f4xx_hal_i2c.o [4]
HAL_I2C_EV_IRQHandler    0x800'0a29  0x6ac  Code  Gb  stm32f4xx_hal_i2c.o [4]
HAL_I2C_Init             0x800'01c5  0x128  Code  Gb  stm32f4xx_hal_i2c.o [4]
HAL_I2C_Master_Receive   0x800'042f  0x1ac  Code  Gb  stm32f4xx_hal_i2c.o [4]
HAL_I2C_Master_Transmit
                         0x800'02f9  0x136  Code  Gb  stm32f4xx_hal_i2c.o [4]
HAL_I2C_Mem_Read         0x800'07af  0x120  Code  Gb  stm32f4xx_hal_i2c.o [4]
HAL_I2C_Mem_Write        0x800'0679   0xd0  Code  Gb  stm32f4xx_hal_i2c.o [4]
HAL_I2C_MspInit          0x800'19c9  0x124  Code  Gb  stm32f4xx_hal_msp.o [2]
HAL_IncTick              0x800'3185   0x10  Code  Wk  stm32f4xx_hal.o [4]
HAL_Init                 0x800'2bfd   0x30  Code  Gb  stm32f4xx_hal.o [4]
HAL_InitTick             0x800'2385   0x40  Code  Wk  stm32f4xx_hal.o [4]
HAL_MspInit              0x800'1995   0x34  Code  Gb  stm32f4xx_hal_msp.o [2]
HAL_NVIC_EnableIRQ       0x800'1d9f   0x16  Code  Gb  stm32f4xx_hal_cortex.o [4]
HAL_NVIC_SetPriority     0x800'1d65   0x3a  Code  Gb  stm32f4xx_hal_cortex.o [4]
HAL_NVIC_SetPriorityGrouping
                         0x800'1d4b   0x1a  Code  Gb  stm32f4xx_hal_cortex.o [4]
HAL_PWREx_EnableOverDrive
                         0x800'30e1   0x48  Code  Gb  stm32f4xx_hal_pwr_ex.o [4]
HAL_RCC_ClockConfig      0x800'1b91  0x100  Code  Gb  stm32f4xx_hal_rcc.o [4]
HAL_RCC_GetPCLK1Freq     0x800'1c9d   0x10  Code  Gb  stm32f4xx_hal_rcc.o [4]
HAL_RCC_GetSysClockFreq
                         0x800'1ffd   0x7a  Code  Gb  stm32f4xx_hal_rcc_ex.o [4]
HAL_RCC_OscConfig        0x800'2087  0x2d0  Code  Gb  stm32f4xx_hal_rcc_ex.o [4]
HAL_SPI_Init             0x800'2c31   0x76  Code  Gb  stm32f4xx_hal_spi.o [4]
HAL_SPI_MspInit          0x800'1b03   0x64  Code  Gb  stm32f4xx_hal_msp.o [2]
HAL_SYSTICK_Config       0x800'1db5   0x28  Code  Gb  stm32f4xx_hal_cortex.o [4]
HardFault_Handler        0x800'315b    0x2  Code  Gb  stm32f4xx_it.o [2]
I2C1_ER_IRQHandler       0x800'3173    0x6  Code  Gb  stm32f4xx_it.o [2]
I2C1_EV_IRQHandler       0x800'316d    0x6  Code  Gb  stm32f4xx_it.o [2]
I2C_DMAAbort             0x800'1691   0xce  Code  Lc  stm32f4xx_hal_i2c.o [4]
I2C_ITError              0x800'13bd   0xf2  Code  Lc  stm32f4xx_hal_i2c.o [4]
I2C_IsAcknowledgeFailed
                         0x800'1929   0x32  Code  Lc  stm32f4xx_hal_i2c.o [4]
I2C_MemoryTransmit_TXE_BTF
                         0x800'1303   0xae  Code  Lc  stm32f4xx_hal_i2c.o [4]
I2C_RequestMemoryRead    0x800'1591   0xb2  Code  Lc  stm32f4xx_hal_i2c.o [4]
I2C_RequestMemoryWrite   0x800'14ef   0x90  Code  Lc  stm32f4xx_hal_i2c.o [4]
I2C_WaitOnBTFFlagUntilTimeout
                         0x800'1895   0x3a  Code  Lc  stm32f4xx_hal_i2c.o [4]
I2C_WaitOnFlagUntilTimeout
                         0x800'1769   0x50  Code  Lc  stm32f4xx_hal_i2c.o [4]
I2C_WaitOnMasterAddressFlagUntilTimeout
                         0x800'17b9   0x76  Code  Lc  stm32f4xx_hal_i2c.o [4]
I2C_WaitOnRXNEFlagUntilTimeout
                         0x800'18cf   0x46  Code  Lc  stm32f4xx_hal_i2c.o [4]
I2C_WaitOnTXEFlagUntilTimeout
                         0x800'183f   0x3a  Code  Lc  stm32f4xx_hal_i2c.o [4]
LCD_Command              0x800'2dbd    0xa  Code  Gb  spi_ili9341.o [2]
LCD_Data                 0x800'2dc7    0x8  Code  Gb  spi_ili9341.o [2]
LCD_SendChar             0x800'2e1d    0xe  Code  Gb  spi_ili9341.o [2]
LCD_SetPos               0x800'2e51   0x36  Code  Gb  spi_ili9341.o [2]
LCD_String               0x800'2e31   0x1e  Code  Gb  spi_ili9341.o [2]
LCD_WriteData            0x800'2d65   0x56  Code  Gb  spi_ili9341.o [2]
LCD_ini                  0x800'2cb5   0x9e  Code  Gb  spi_ili9341.o [2]
MemManage_Handler        0x800'315d    0x2  Code  Gb  stm32f4xx_it.o [2]
NMI_Handler              0x800'3159    0x2  Code  Gb  stm32f4xx_it.o [2]
PendSV_Handler           0x800'3167    0x2  Code  Gb  stm32f4xx_it.o [2]
Region$$Table$$Base      0x800'320c          --   Gb  - Linker created -
Region$$Table$$Limit     0x800'321c          --   Gb  - Linker created -
SVC_Handler              0x800'3163    0x2  Code  Gb  stm32f4xx_it.o [2]
SysTick_Handler          0x800'3169    0x4  Code  Gb  stm32f4xx_it.o [2]
SystemClock_Config       0x800'2ae9   0xaa  Code  Gb  main.o [2]
SystemCoreClock         0x2000'01a8    0x4  Data  Gb  system_stm32f4xx.o [3]
SystemInit               0x800'3195   0x14  Code  Gb  system_stm32f4xx.o [3]
UsageFault_Handler       0x800'3161    0x2  Code  Gb  stm32f4xx_it.o [2]
__NVIC_SetPriority       0x800'1d31   0x1a  Code  Lc  stm32f4xx_hal_cortex.o [4]
__aeabi_d2f              0x800'3051         Code  Gb  DblToFlt.o [6]
__aeabi_dmul             0x800'2ea5         Code  Gb  DblMul.o [6]
__aeabi_ldiv0            0x800'2535         Code  Gb  I64DivZer.o [7]
__aeabi_memset           0x800'23c5         Code  Gb  ABImemset.o [7]
__aeabi_ui2d             0x800'2e89         Code  Gb  U32ToDbl.o [6]
__cmain                  0x800'321d         Code  Gb  cmain.o [7]
__exit                   0x800'3251   0x14  Code  Gb  exit.o [8]
__iar_Memset             0x800'23c5         Code  Gb  ABImemset.o [7]
__iar_Memset_word        0x800'23cd         Code  Gb  ABImemset.o [7]
__iar_data_init3         0x800'31c1   0x28  Code  Gb  data_init.o [7]
__iar_init_vfp           0x800'31e9         Code  Gb  fpinit_M.o [6]
__iar_packbits_init_single3
                         0x800'195b   0x3a  Code  Gb  packbits_init_single.o [7]
__iar_program_start      0x800'3265         Code  Gb  cstartup_M.o [7]
__iar_small_uldivmod     0x800'242d         Code  Gb  I64DivMod_small.o [7]
__low_level_init         0x800'323b    0x4  Code  Gb  low_level_init.o [5]
__vector_table           0x800'0000         Data  Gb  startup_stm32f446xx.o [1]
_call_main               0x800'3229         Code  Gb  cmain.o [7]
_exit                    0x800'3245         Code  Gb  cexit.o [7]
data                    0x2000'0008    0xc  Data  Gb  main.o [2]
data1                   0x2000'0190    0xc  Data  Gb  main.o [2]
delay                    0x800'2dbb    0x2  Code  Gb  spi_ili9341.o [2]
eco2_data               0x2000'0014    0x2  Data  Gb  main.o [2]
exit                     0x800'323f    0x4  Code  Gb  exit.o [5]
hi2c1                   0x2000'0070   0x54  Data  Gb  main.o [2]
hi2c2                   0x2000'00c4   0x54  Data  Gb  main.o [2]
hi2c3                   0x2000'0118   0x54  Data  Gb  main.o [2]
hspi1                   0x2000'0018   0x58  Data  Gb  main.o [2]
main                     0x800'2539  0x506  Code  Gb  main.o [2]
meas                    0x2000'0189    0x1  Data  Gb  main.o [2]
memset                   0x800'1d1b   0x14  Code  Gb  memset.o [7]
reset                   0x2000'018c    0x4  Data  Gb  main.o [2]
uwTick                  0x2000'01a0    0x4  Data  Gb  stm32f4xx_hal.o [4]
uwTickFreq              0x2000'019c    0x1  Data  Gb  stm32f4xx_hal.o [4]
uwTickPrio              0x2000'01a4    0x4  Data  Gb  stm32f4xx_hal.o [4]
voc_data                0x2000'0016    0x2  Data  Gb  main.o [2]


[1] = D:\Work\Programming\Sensors\TVOC\CJMCU-811 CCS811 TVOC sensor\EWARM\CJMCU-811 CCS811 TVOC sensor\Obj\Application\EWARM
[2] = D:\Work\Programming\Sensors\TVOC\CJMCU-811 CCS811 TVOC sensor\EWARM\CJMCU-811 CCS811 TVOC sensor\Obj\Application\User\Core
[3] = D:\Work\Programming\Sensors\TVOC\CJMCU-811 CCS811 TVOC sensor\EWARM\CJMCU-811 CCS811 TVOC sensor\Obj\Drivers\CMSIS
[4] = D:\Work\Programming\Sensors\TVOC\CJMCU-811 CCS811 TVOC sensor\EWARM\CJMCU-811 CCS811 TVOC sensor\Obj\Drivers\STM32F4xx_HAL_Driver
[5] = dl7M_tln.a
[6] = m7M_tls.a
[7] = rt7M_tl.a
[8] = shb_l.a

  13'258 bytes of readonly  code memory
      57 bytes of readonly  data memory
   2'476 bytes of readwrite data memory

Errors: none
Warnings: none
