###############################################################################
#
# IAR ELF Linker V9.20.2.320/W64 for ARM                  19/Apr/2022  16:47:08
# Copyright 2007-2021 IAR Systems AB.
#
#    Output file  =
#        D:\Work\Programming\Sensors\Temperature_and_CO2_to_display\TVOC-Temperature-Humidity-BOX\EWARM\CJMCU-811
#        CCS811 TVOC sensor\Exe\CJMCU-811 CCS811 TVOC sensor.out
#    Map file     =
#        D:\Work\Programming\Sensors\Temperature_and_CO2_to_display\TVOC-Temperature-Humidity-BOX\EWARM\CJMCU-811
#        CCS811 TVOC sensor\List\CJMCU-811 CCS811 TVOC sensor.map
#    Command line =
#        -f
#        "D:\Work\Programming\Sensors\Temperature_and_CO2_to_display\TVOC-Temperature-Humidity-BOX\EWARM\CJMCU-811
#        CCS811 TVOC sensor\Exe\CJMCU-811 CCS811 TVOC sensor.out.rsp"
#        ("D:\Work\Programming\Sensors\Temperature_and_CO2_to_display\TVOC-Temperature-Humidity-BOX\EWARM\CJMCU-811
#        CCS811 TVOC sensor\Obj\Application\User\Core\CCS811.o"
#        "D:\Work\Programming\Sensors\Temperature_and_CO2_to_display\TVOC-Temperature-Humidity-BOX\EWARM\CJMCU-811
#        CCS811 TVOC sensor\Obj\Application\User\Core\I2C1.o"
#        "D:\Work\Programming\Sensors\Temperature_and_CO2_to_display\TVOC-Temperature-Humidity-BOX\EWARM\CJMCU-811
#        CCS811 TVOC sensor\Obj\Application\User\Core\main.o"
#        "D:\Work\Programming\Sensors\Temperature_and_CO2_to_display\TVOC-Temperature-Humidity-BOX\EWARM\CJMCU-811
#        CCS811 TVOC sensor\Obj\Application\User\Core\spi_ili9341.o"
#        "D:\Work\Programming\Sensors\Temperature_and_CO2_to_display\TVOC-Temperature-Humidity-BOX\EWARM\CJMCU-811
#        CCS811 TVOC sensor\Obj\Application\EWARM\startup_stm32f446xx.o"
#        "D:\Work\Programming\Sensors\Temperature_and_CO2_to_display\TVOC-Temperature-Humidity-BOX\EWARM\CJMCU-811
#        CCS811 TVOC
#        sensor\Obj\Application\User\Core\Drivers\STM32F4xx_HAL_Driver\stm32f4xx_hal.o"
#        "D:\Work\Programming\Sensors\Temperature_and_CO2_to_display\TVOC-Temperature-Humidity-BOX\EWARM\CJMCU-811
#        CCS811 TVOC
#        sensor\Obj\Application\User\Core\Drivers\STM32F4xx_HAL_Driver\stm32f4xx_hal_cortex.o"
#        "D:\Work\Programming\Sensors\Temperature_and_CO2_to_display\TVOC-Temperature-Humidity-BOX\EWARM\CJMCU-811
#        CCS811 TVOC
#        sensor\Obj\Application\User\Core\Drivers\STM32F4xx_HAL_Driver\stm32f4xx_hal_dma.o"
#        "D:\Work\Programming\Sensors\Temperature_and_CO2_to_display\TVOC-Temperature-Humidity-BOX\EWARM\CJMCU-811
#        CCS811 TVOC
#        sensor\Obj\Application\User\Core\Drivers\STM32F4xx_HAL_Driver\stm32f4xx_hal_dma_ex.o"
#        "D:\Work\Programming\Sensors\Temperature_and_CO2_to_display\TVOC-Temperature-Humidity-BOX\EWARM\CJMCU-811
#        CCS811 TVOC
#        sensor\Obj\Application\User\Core\Drivers\STM32F4xx_HAL_Driver\stm32f4xx_hal_exti.o"
#        "D:\Work\Programming\Sensors\Temperature_and_CO2_to_display\TVOC-Temperature-Humidity-BOX\EWARM\CJMCU-811
#        CCS811 TVOC
#        sensor\Obj\Application\User\Core\Drivers\STM32F4xx_HAL_Driver\stm32f4xx_hal_flash.o"
#        "D:\Work\Programming\Sensors\Temperature_and_CO2_to_display\TVOC-Temperature-Humidity-BOX\EWARM\CJMCU-811
#        CCS811 TVOC
#        sensor\Obj\Application\User\Core\Drivers\STM32F4xx_HAL_Driver\stm32f4xx_hal_flash_ex.o"
#        "D:\Work\Programming\Sensors\Temperature_and_CO2_to_display\TVOC-Temperature-Humidity-BOX\EWARM\CJMCU-811
#        CCS811 TVOC
#        sensor\Obj\Application\User\Core\Drivers\STM32F4xx_HAL_Driver\stm32f4xx_hal_flash_ramfunc.o"
#        "D:\Work\Programming\Sensors\Temperature_and_CO2_to_display\TVOC-Temperature-Humidity-BOX\EWARM\CJMCU-811
#        CCS811 TVOC
#        sensor\Obj\Application\User\Core\Drivers\STM32F4xx_HAL_Driver\stm32f4xx_hal_gpio.o"
#        "D:\Work\Programming\Sensors\Temperature_and_CO2_to_display\TVOC-Temperature-Humidity-BOX\EWARM\CJMCU-811
#        CCS811 TVOC
#        sensor\Obj\Application\User\Core\Drivers\STM32F4xx_HAL_Driver\stm32f4xx_hal_i2c.o"
#        "D:\Work\Programming\Sensors\Temperature_and_CO2_to_display\TVOC-Temperature-Humidity-BOX\EWARM\CJMCU-811
#        CCS811 TVOC
#        sensor\Obj\Application\User\Core\Drivers\STM32F4xx_HAL_Driver\stm32f4xx_hal_i2c_ex.o"
#        "D:\Work\Programming\Sensors\Temperature_and_CO2_to_display\TVOC-Temperature-Humidity-BOX\EWARM\CJMCU-811
#        CCS811 TVOC sensor\Obj\Application\User\Core\stm32f4xx_hal_msp.o"
#        "D:\Work\Programming\Sensors\Temperature_and_CO2_to_display\TVOC-Temperature-Humidity-BOX\EWARM\CJMCU-811
#        CCS811 TVOC
#        sensor\Obj\Application\User\Core\Drivers\STM32F4xx_HAL_Driver\stm32f4xx_hal_pwr.o"
#        "D:\Work\Programming\Sensors\Temperature_and_CO2_to_display\TVOC-Temperature-Humidity-BOX\EWARM\CJMCU-811
#        CCS811 TVOC
#        sensor\Obj\Application\User\Core\Drivers\STM32F4xx_HAL_Driver\stm32f4xx_hal_pwr_ex.o"
#        "D:\Work\Programming\Sensors\Temperature_and_CO2_to_display\TVOC-Temperature-Humidity-BOX\EWARM\CJMCU-811
#        CCS811 TVOC
#        sensor\Obj\Application\User\Core\Drivers\STM32F4xx_HAL_Driver\stm32f4xx_hal_rcc.o"
#        "D:\Work\Programming\Sensors\Temperature_and_CO2_to_display\TVOC-Temperature-Humidity-BOX\EWARM\CJMCU-811
#        CCS811 TVOC
#        sensor\Obj\Application\User\Core\Drivers\STM32F4xx_HAL_Driver\stm32f4xx_hal_rcc_ex.o"
#        "D:\Work\Programming\Sensors\Temperature_and_CO2_to_display\TVOC-Temperature-Humidity-BOX\EWARM\CJMCU-811
#        CCS811 TVOC
#        sensor\Obj\Application\User\Core\Drivers\STM32F4xx_HAL_Driver\stm32f4xx_hal_spi.o"
#        "D:\Work\Programming\Sensors\Temperature_and_CO2_to_display\TVOC-Temperature-Humidity-BOX\EWARM\CJMCU-811
#        CCS811 TVOC
#        sensor\Obj\Application\User\Core\Drivers\STM32F4xx_HAL_Driver\stm32f4xx_hal_tim.o"
#        "D:\Work\Programming\Sensors\Temperature_and_CO2_to_display\TVOC-Temperature-Humidity-BOX\EWARM\CJMCU-811
#        CCS811 TVOC
#        sensor\Obj\Application\User\Core\Drivers\STM32F4xx_HAL_Driver\stm32f4xx_hal_tim_ex.o"
#        "D:\Work\Programming\Sensors\Temperature_and_CO2_to_display\TVOC-Temperature-Humidity-BOX\EWARM\CJMCU-811
#        CCS811 TVOC sensor\Obj\Application\User\Core\stm32f4xx_it.o"
#        "D:\Work\Programming\Sensors\Temperature_and_CO2_to_display\TVOC-Temperature-Humidity-BOX\EWARM\CJMCU-811
#        CCS811 TVOC
#        sensor\Obj\Application\User\Core\Drivers\CMSIS\system_stm32f4xx.o"
#        --no_out_extension -o
#        "D:\Work\Programming\Sensors\Temperature_and_CO2_to_display\TVOC-Temperature-Humidity-BOX\EWARM\CJMCU-811
#        CCS811 TVOC sensor\Exe\CJMCU-811 CCS811 TVOC sensor.out" --redirect
#        _Printf=_PrintfFullNoMb --redirect _Scanf=_ScanfFullNoMb --map
#        "D:\Work\Programming\Sensors\Temperature_and_CO2_to_display\TVOC-Temperature-Humidity-BOX\EWARM\CJMCU-811
#        CCS811 TVOC sensor\List\CJMCU-811 CCS811 TVOC sensor.map" --config
#        D:\Work\Programming\Sensors\Temperature_and_CO2_to_display\TVOC-Temperature-Humidity-BOX\EWARM/stm32f446xx_flash.icf
#        --semihosting --entry __iar_program_start --vfe --text_out locale)
#
###############################################################################

*******************************************************************************
*** RUNTIME MODEL ATTRIBUTES
***

CppFlavor       = *
__CPP_Runtime   = 1
__SystemLibrary = DLib
__dlib_version  = 6


*******************************************************************************
*** HEAP SELECTION
***

The basic heap was selected because some modules are built with
size limitations (and not runtime checking), and --advanced_heap
was not specified.


*******************************************************************************
*** PLACEMENT SUMMARY
***

"A0":  place at address 0x800'0000 { ro section .intvec };
"P1":  place in [from 0x800'0000 to 0x807'ffff] { ro };
define block CSTACK with size = 2K, alignment = 8 { };
define block HEAP with size = 1K, alignment = 8 { };
"P2":  place in [from 0x2000'0000 to 0x2001'ffff] {
          rw, block CSTACK, block HEAP };
initialize by copy { rw };

  Section            Kind         Address    Size  Object
  -------            ----         -------    ----  ------
"A0":                                       0x1c4
  .intvec            ro code   0x800'0000   0x1c4  startup_stm32f446xx.o [1]
                             - 0x800'01c4   0x1c4

"P1":                                      0x30c3
  .text              ro code   0x800'01c4  0x1796  stm32f4xx_hal_i2c.o [4]
  .text              ro code   0x800'195a    0x3a  packbits_init_single.o [7]
  .text              ro code   0x800'1994   0x194  stm32f4xx_hal_msp.o [2]
  .text              ro code   0x800'1b28   0x140  stm32f4xx_hal_rcc.o [4]
  .text              ro code   0x800'1c68     0xc  stm32f4xx_hal.o [4]
  .text              ro code   0x800'1c74     0x2  stm32f4xx_hal_i2c.o [4]
  .text              ro code   0x800'1c76     0x2  stm32f4xx_hal_i2c.o [4]
  .text              ro code   0x800'1c78     0x2  stm32f4xx_hal_i2c.o [4]
  .text              ro code   0x800'1c7a     0x2  stm32f4xx_hal_i2c.o [4]
  .text              ro code   0x800'1c7c     0x2  stm32f4xx_hal_i2c.o [4]
  .text              ro code   0x800'1c7e     0x2  stm32f4xx_hal_i2c.o [4]
  .text              ro code   0x800'1c80    0x2a  stm32f4xx_hal_dma.o [4]
  .text              ro code   0x800'1caa     0x2  stm32f4xx_hal_i2c.o [4]
  .text              ro code   0x800'1cac     0x2  stm32f4xx_hal_i2c.o [4]
  .text              ro code   0x800'1cae     0x2  stm32f4xx_hal_i2c.o [4]
  .text              ro code   0x800'1cb0     0x2  stm32f4xx_hal_i2c.o [4]
  .text              ro code   0x800'1cb2    0x14  memset.o [7]
  .text              ro code   0x800'1cc8    0xc4  stm32f4xx_hal_cortex.o [4]
  .text              ro code   0x800'1d8c   0x200  stm32f4xx_hal_gpio.o [4]
  .text              ro code   0x800'1f8c   0x390  stm32f4xx_hal_rcc_ex.o [4]
  .text              ro code   0x800'231c    0x40  stm32f4xx_hal.o [4]
  .text              ro code   0x800'235c    0x66  ABImemset.o [7]
  .text              ro code   0x800'23c2     0x2  stm32f4xx_hal_gpio.o [4]
  .text              ro code   0x800'23c4   0x106  I64DivMod_small.o [7]
  .text              ro code   0x800'24cc     0x2  I64DivZer.o [7]
  .text              ro code   0x800'24d0   0x638  main.o [2]
  .text              ro code   0x800'2b08    0x34  stm32f4xx_hal.o [4]
  .text              ro code   0x800'2b3c   0x1d2  spi_ili9341.o [2]
  .text              ro code   0x800'2d10    0x1c  U32ToDbl.o [6]
  .text              ro code   0x800'2d2c   0x1aa  DblMul.o [6]
  .text              ro code   0x800'2ed8    0x68  DblToFlt.o [6]
  .text              ro code   0x800'2f40    0x28  stm32f4xx_hal.o [4]
  .text              ro code   0x800'2f68    0x78  stm32f4xx_hal_pwr_ex.o [4]
  .text              ro code   0x800'2fe0    0x2c  stm32f4xx_it.o [2]
  .text              ro code   0x800'300c    0x10  stm32f4xx_hal.o [4]
  .text              ro code   0x800'301c    0x2c  system_stm32f4xx.o [3]
  .text              ro code   0x800'3048    0x28  data_init.o [7]
  .text              ro code   0x800'3070    0x22  fpinit_M.o [6]
  .iar.init_table    const     0x800'3094    0x10  - Linker created -
  .text              ro code   0x800'30a4    0x1e  cmain.o [7]
  .text              ro code   0x800'30c2     0x4  low_level_init.o [5]
  .text              ro code   0x800'30c6     0x4  exit.o [5]
  .text              ro code   0x800'30cc     0xa  cexit.o [7]
  .text              ro code   0x800'30d8    0x14  exit.o [8]
  .text              ro code   0x800'30ec    0x1c  cstartup_M.o [7]
  .text              ro code   0x800'3108    0x10  startup_stm32f446xx.o [1]
  .rodata            const     0x800'3118     0x8  system_stm32f4xx.o [3]
  .text              ro code   0x800'3120     0x4  startup_stm32f446xx.o [1]
  .text              ro code   0x800'3124     0x4  startup_stm32f446xx.o [1]
  .text              ro code   0x800'3128     0x4  startup_stm32f446xx.o [1]
  .text              ro code   0x800'312c     0x4  startup_stm32f446xx.o [1]
  .text              ro code   0x800'3130     0x4  startup_stm32f446xx.o [1]
  .text              ro code   0x800'3134     0x4  startup_stm32f446xx.o [1]
  .text              ro code   0x800'3138     0x4  startup_stm32f446xx.o [1]
  .text              ro code   0x800'313c     0x4  startup_stm32f446xx.o [1]
  .text              ro code   0x800'3140     0x4  startup_stm32f446xx.o [1]
  .text              ro code   0x800'3144     0x4  startup_stm32f446xx.o [1]
  .text              ro code   0x800'3148     0x4  startup_stm32f446xx.o [1]
  .text              ro code   0x800'314c     0x4  startup_stm32f446xx.o [1]
  .text              ro code   0x800'3150     0x4  startup_stm32f446xx.o [1]
  .text              ro code   0x800'3154     0x4  startup_stm32f446xx.o [1]
  .text              ro code   0x800'3158     0x4  startup_stm32f446xx.o [1]
  .text              ro code   0x800'315c     0x4  startup_stm32f446xx.o [1]
  .text              ro code   0x800'3160     0x4  startup_stm32f446xx.o [1]
  .text              ro code   0x800'3164     0x4  startup_stm32f446xx.o [1]
  .text              ro code   0x800'3168     0x4  startup_stm32f446xx.o [1]
  .text              ro code   0x800'316c     0x4  startup_stm32f446xx.o [1]
  .text              ro code   0x800'3170     0x4  startup_stm32f446xx.o [1]
  .text              ro code   0x800'3174     0x4  startup_stm32f446xx.o [1]
  .text              ro code   0x800'3178     0x4  startup_stm32f446xx.o [1]
  .text              ro code   0x800'317c     0x4  startup_stm32f446xx.o [1]
  .text              ro code   0x800'3180     0x4  startup_stm32f446xx.o [1]
  .text              ro code   0x800'3184     0x4  startup_stm32f446xx.o [1]
  .text              ro code   0x800'3188     0x4  startup_stm32f446xx.o [1]
  .text              ro code   0x800'318c     0x4  startup_stm32f446xx.o [1]
  .text              ro code   0x800'3190     0x4  startup_stm32f446xx.o [1]
  .text              ro code   0x800'3194     0x4  startup_stm32f446xx.o [1]
  .text              ro code   0x800'3198     0x4  startup_stm32f446xx.o [1]
  .text              ro code   0x800'319c     0x4  startup_stm32f446xx.o [1]
  .text              ro code   0x800'31a0     0x4  startup_stm32f446xx.o [1]
  .text              ro code   0x800'31a4     0x4  startup_stm32f446xx.o [1]
  .text              ro code   0x800'31a8     0x4  startup_stm32f446xx.o [1]
  .text              ro code   0x800'31ac     0x4  startup_stm32f446xx.o [1]
  .text              ro code   0x800'31b0     0x4  startup_stm32f446xx.o [1]
  .text              ro code   0x800'31b4     0x4  startup_stm32f446xx.o [1]
  .text              ro code   0x800'31b8     0x4  startup_stm32f446xx.o [1]
  .text              ro code   0x800'31bc     0x4  startup_stm32f446xx.o [1]
  .text              ro code   0x800'31c0     0x4  startup_stm32f446xx.o [1]
  .text              ro code   0x800'31c4     0x4  startup_stm32f446xx.o [1]
  .text              ro code   0x800'31c8     0x4  startup_stm32f446xx.o [1]
  .text              ro code   0x800'31cc     0x4  startup_stm32f446xx.o [1]
  .text              ro code   0x800'31d0     0x4  startup_stm32f446xx.o [1]
  .text              ro code   0x800'31d4     0x4  startup_stm32f446xx.o [1]
  .text              ro code   0x800'31d8     0x4  startup_stm32f446xx.o [1]
  .text              ro code   0x800'31dc     0x4  startup_stm32f446xx.o [1]
  .text              ro code   0x800'31e0     0x4  startup_stm32f446xx.o [1]
  .text              ro code   0x800'31e4     0x4  startup_stm32f446xx.o [1]
  .text              ro code   0x800'31e8     0x4  startup_stm32f446xx.o [1]
  .text              ro code   0x800'31ec     0x4  startup_stm32f446xx.o [1]
  .text              ro code   0x800'31f0     0x4  startup_stm32f446xx.o [1]
  .text              ro code   0x800'31f4     0x4  startup_stm32f446xx.o [1]
  .text              ro code   0x800'31f8     0x4  startup_stm32f446xx.o [1]
  .text              ro code   0x800'31fc     0x4  startup_stm32f446xx.o [1]
  .text              ro code   0x800'3200     0x4  startup_stm32f446xx.o [1]
  .text              ro code   0x800'3204     0x4  startup_stm32f446xx.o [1]
  .text              ro code   0x800'3208     0x4  startup_stm32f446xx.o [1]
  .text              ro code   0x800'320c     0x4  startup_stm32f446xx.o [1]
  .text              ro code   0x800'3210     0x4  startup_stm32f446xx.o [1]
  .text              ro code   0x800'3214     0x4  startup_stm32f446xx.o [1]
  .text              ro code   0x800'3218     0x4  startup_stm32f446xx.o [1]
  .text              ro code   0x800'321c     0x4  startup_stm32f446xx.o [1]
  .text              ro code   0x800'3220     0x4  startup_stm32f446xx.o [1]
  .text              ro code   0x800'3224     0x4  startup_stm32f446xx.o [1]
  .text              ro code   0x800'3228     0x4  startup_stm32f446xx.o [1]
  .text              ro code   0x800'322c     0x4  startup_stm32f446xx.o [1]
  .text              ro code   0x800'3230     0x4  startup_stm32f446xx.o [1]
  .text              ro code   0x800'3234     0x4  startup_stm32f446xx.o [1]
  .text              ro code   0x800'3238     0x4  startup_stm32f446xx.o [1]
  .text              ro code   0x800'323c     0x4  startup_stm32f446xx.o [1]
  .text              ro code   0x800'3240     0x4  startup_stm32f446xx.o [1]
  .text              ro code   0x800'3244     0x4  startup_stm32f446xx.o [1]
  .text              ro code   0x800'3248     0x4  startup_stm32f446xx.o [1]
  .text              ro code   0x800'324c     0x4  startup_stm32f446xx.o [1]
  .text              ro code   0x800'3250     0x4  startup_stm32f446xx.o [1]
  .text              ro code   0x800'3254     0x4  startup_stm32f446xx.o [1]
  .text              ro code   0x800'3258     0x4  startup_stm32f446xx.o [1]
  .text              ro code   0x800'325c     0x4  startup_stm32f446xx.o [1]
  .text              ro code   0x800'3260     0x4  startup_stm32f446xx.o [1]
  .text              ro code   0x800'3264     0x4  startup_stm32f446xx.o [1]
  .text              ro code   0x800'3268     0x4  startup_stm32f446xx.o [1]
  .rodata            const     0x800'326c     0x0  packbits_init_single.o [7]
  Initializer bytes  const     0x800'326c    0x1b  <for P2-1>
                             - 0x800'3287  0x30c3

"P2", part 1 of 2:                           0xac
  P2-1                        0x2000'0000    0xac  <Init block>
    .data            inited   0x2000'0000    0x9c  main.o [2]
    .data            inited   0x2000'009c     0xc  stm32f4xx_hal.o [4]
    .data            inited   0x2000'00a8     0x4  system_stm32f4xx.o [3]
                            - 0x2000'00ac    0xac

"P2", part 2 of 2:                          0x800
  CSTACK                      0x2000'00b0   0x800  <Block>
    CSTACK           uninit   0x2000'00b0   0x800  <Block tail>
                            - 0x2000'08b0   0x800

Unused ranges:

         From           To      Size
         ----           --      ----
   0x800'3287   0x807'ffff  0x7'cd79
  0x2000'00ac  0x2000'00af       0x4
  0x2000'08b0  0x2001'ffff  0x1'f750


*******************************************************************************
*** INIT TABLE
***

          Address      Size
          -------      ----
Copy/packbits (__iar_packbits_init_single3)
    1 source range, total size 0x1b (15% of destination):
           0x800'326c  0x1b
    1 destination range, total size 0xac:
          0x2000'0000  0xac



*******************************************************************************
*** MODULE SUMMARY
***

    Module                  ro code  ro data  rw data
    ------                  -------  -------  -------
command line/config:
    -------------------------------------------------
    Total:

D:\Work\Programming\Sensors\Temperature_and_CO2_to_display\TVOC-Temperature-Humidity-BOX\EWARM\CJMCU-811 CCS811 TVOC sensor\Obj\Application\EWARM: [1]
    startup_stm32f446xx.o       800
    -------------------------------------------------
    Total:                      800

D:\Work\Programming\Sensors\Temperature_and_CO2_to_display\TVOC-Temperature-Humidity-BOX\EWARM\CJMCU-811 CCS811 TVOC sensor\Obj\Application\User\Core: [2]
    main.o                    1'592       24      156
    spi_ili9341.o               466
    stm32f4xx_hal_msp.o         404
    stm32f4xx_it.o               44
    -------------------------------------------------
    Total:                    2'506       24      156

D:\Work\Programming\Sensors\Temperature_and_CO2_to_display\TVOC-Temperature-Humidity-BOX\EWARM\CJMCU-811 CCS811 TVOC sensor\Obj\Application\User\Core\Drivers\CMSIS: [3]
    system_stm32f4xx.o           44        9        4
    -------------------------------------------------
    Total:                       44        9        4

D:\Work\Programming\Sensors\Temperature_and_CO2_to_display\TVOC-Temperature-Humidity-BOX\EWARM\CJMCU-811 CCS811 TVOC sensor\Obj\Application\User\Core\Drivers\STM32F4xx_HAL_Driver: [4]
    stm32f4xx_hal.o             184        2       12
    stm32f4xx_hal_cortex.o      196
    stm32f4xx_hal_dma.o          42
    stm32f4xx_hal_gpio.o        514
    stm32f4xx_hal_i2c.o       6'058
    stm32f4xx_hal_pwr_ex.o      120
    stm32f4xx_hal_rcc.o         320
    stm32f4xx_hal_rcc_ex.o      912
    -------------------------------------------------
    Total:                    8'346        2       12

dl7M_tln.a: [5]
    exit.o                        4
    low_level_init.o              4
    -------------------------------------------------
    Total:                        8

m7M_tls.a: [6]
    DblMul.o                    426
    DblToFlt.o                  104
    U32ToDbl.o                   28
    fpinit_M.o                   34
    -------------------------------------------------
    Total:                      592

rt7M_tl.a: [7]
    ABImemset.o                 102
    I64DivMod_small.o           262
    I64DivZer.o                   2
    cexit.o                      10
    cmain.o                      30
    cstartup_M.o                 28
    data_init.o                  40
    memset.o                     20
    packbits_init_single.o       58
    -------------------------------------------------
    Total:                      552

shb_l.a: [8]
    exit.o                       20
    -------------------------------------------------
    Total:                       20

    Gaps                         14        2
    Linker created                        16    2'048
-----------------------------------------------------
    Grand Total:             12'882       53    2'220


*******************************************************************************
*** ENTRY LIST
***

Entry                       Address   Size  Type      Object
-----                       -------   ----  ----      ------
.iar.init_table$$Base    0x800'3094          --   Gb  - Linker created -
.iar.init_table$$Limit   0x800'30a4          --   Gb  - Linker created -
?main                    0x800'30a5         Code  Gb  cmain.o [7]
AHBPrescTable            0x800'3038   0x10  Data  Gb  system_stm32f4xx.o [3]
AHT10_ADC_Raw           0x2000'007c    0x4  Data  Gb  main.o [2]
AHT10_Humidity          0x2000'0084    0x4  Data  Gb  main.o [2]
AHT10_Humidity_int      0x2000'0074    0x8  Data  Gb  main.o [2]
AHT10_RX_Data           0x2000'0000    0x8  Data  Gb  main.o [2]
AHT10_Temperature       0x2000'0080    0x4  Data  Gb  main.o [2]
AHT10_Temperature_int   0x2000'006c    0x8  Data  Gb  main.o [2]
AHT10_TmpHum_Cmd        0x2000'0088    0x1  Data  Gb  main.o [2]
APBPrescTable            0x800'3118    0x8  Data  Gb  system_stm32f4xx.o [3]
BusFault_Handler         0x800'2fe7    0x2  Code  Gb  stm32f4xx_it.o [2]
CSTACK$$Base            0x2000'00b0          --   Gb  - Linker created -
CSTACK$$Limit           0x2000'08b0          --   Gb  - Linker created -
DebugMon_Handler         0x800'2fed    0x2  Code  Gb  stm32f4xx_it.o [2]
EXTI15_10_IRQHandler     0x800'3005    0x8  Code  Gb  stm32f4xx_it.o [2]
Error_Handler            0x800'2af5    0x4  Code  Gb  main.o [2]
HAL_DMA_Abort_IT         0x800'1c81   0x24  Code  Gb  stm32f4xx_hal_dma.o [4]
HAL_DMA_GetState         0x800'1ca5    0x6  Code  Gb  stm32f4xx_hal_dma.o [4]
HAL_Delay                0x800'2f41   0x28  Code  Wk  stm32f4xx_hal.o [4]
HAL_GPIO_EXTI_IRQHandler
                         0x800'1f4b   0x12  Code  Gb  stm32f4xx_hal_gpio.o [4]
HAL_GPIO_Init            0x800'1d8d  0x1b6  Code  Gb  stm32f4xx_hal_gpio.o [4]
HAL_GPIO_WritePin        0x800'1f43    0x8  Code  Gb  stm32f4xx_hal_gpio.o [4]
HAL_GetTick              0x800'1c69    0xc  Code  Wk  stm32f4xx_hal.o [4]
HAL_I2C_ER_IRQHandler    0x800'11d5  0x122  Code  Gb  stm32f4xx_hal_i2c.o [4]
HAL_I2C_EV_IRQHandler    0x800'0a29  0x6ac  Code  Gb  stm32f4xx_hal_i2c.o [4]
HAL_I2C_Init             0x800'01c5  0x128  Code  Gb  stm32f4xx_hal_i2c.o [4]
HAL_I2C_Master_Receive   0x800'042f  0x1ac  Code  Gb  stm32f4xx_hal_i2c.o [4]
HAL_I2C_Master_Transmit
                         0x800'02f9  0x136  Code  Gb  stm32f4xx_hal_i2c.o [4]
HAL_I2C_Mem_Read         0x800'07af  0x120  Code  Gb  stm32f4xx_hal_i2c.o [4]
HAL_I2C_Mem_Write        0x800'0679   0xd0  Code  Gb  stm32f4xx_hal_i2c.o [4]
HAL_I2C_MspInit          0x800'19c9  0x124  Code  Gb  stm32f4xx_hal_msp.o [2]
HAL_IncTick              0x800'300d   0x10  Code  Wk  stm32f4xx_hal.o [4]
HAL_Init                 0x800'2b09   0x30  Code  Gb  stm32f4xx_hal.o [4]
HAL_InitTick             0x800'231d   0x40  Code  Wk  stm32f4xx_hal.o [4]
HAL_MspInit              0x800'1995   0x34  Code  Gb  stm32f4xx_hal_msp.o [2]
HAL_NVIC_EnableIRQ       0x800'1d37   0x16  Code  Gb  stm32f4xx_hal_cortex.o [4]
HAL_NVIC_SetPriority     0x800'1cfd   0x3a  Code  Gb  stm32f4xx_hal_cortex.o [4]
HAL_NVIC_SetPriorityGrouping
                         0x800'1ce3   0x1a  Code  Gb  stm32f4xx_hal_cortex.o [4]
HAL_PWREx_EnableOverDrive
                         0x800'2f69   0x48  Code  Gb  stm32f4xx_hal_pwr_ex.o [4]
HAL_RCC_ClockConfig      0x800'1b29  0x100  Code  Gb  stm32f4xx_hal_rcc.o [4]
HAL_RCC_GetPCLK1Freq     0x800'1c35   0x10  Code  Gb  stm32f4xx_hal_rcc.o [4]
HAL_RCC_GetSysClockFreq
                         0x800'1f95   0x7a  Code  Gb  stm32f4xx_hal_rcc_ex.o [4]
HAL_RCC_OscConfig        0x800'201f  0x2d0  Code  Gb  stm32f4xx_hal_rcc_ex.o [4]
HAL_SYSTICK_Config       0x800'1d4d   0x28  Code  Gb  stm32f4xx_hal_cortex.o [4]
HardFault_Handler        0x800'2fe3    0x2  Code  Gb  stm32f4xx_it.o [2]
I2C1_ER_IRQHandler       0x800'2ffb    0x6  Code  Gb  stm32f4xx_it.o [2]
I2C1_EV_IRQHandler       0x800'2ff5    0x6  Code  Gb  stm32f4xx_it.o [2]
I2C_DMAAbort             0x800'1691   0xce  Code  Lc  stm32f4xx_hal_i2c.o [4]
I2C_ITError              0x800'13bd   0xf2  Code  Lc  stm32f4xx_hal_i2c.o [4]
I2C_IsAcknowledgeFailed
                         0x800'1929   0x32  Code  Lc  stm32f4xx_hal_i2c.o [4]
I2C_MemoryTransmit_TXE_BTF
                         0x800'1303   0xae  Code  Lc  stm32f4xx_hal_i2c.o [4]
I2C_RequestMemoryRead    0x800'1591   0xb2  Code  Lc  stm32f4xx_hal_i2c.o [4]
I2C_RequestMemoryWrite   0x800'14ef   0x90  Code  Lc  stm32f4xx_hal_i2c.o [4]
I2C_WaitOnBTFFlagUntilTimeout
                         0x800'1895   0x3a  Code  Lc  stm32f4xx_hal_i2c.o [4]
I2C_WaitOnFlagUntilTimeout
                         0x800'1769   0x50  Code  Lc  stm32f4xx_hal_i2c.o [4]
I2C_WaitOnMasterAddressFlagUntilTimeout
                         0x800'17b9   0x76  Code  Lc  stm32f4xx_hal_i2c.o [4]
I2C_WaitOnRXNEFlagUntilTimeout
                         0x800'18cf   0x46  Code  Lc  stm32f4xx_hal_i2c.o [4]
I2C_WaitOnTXEFlagUntilTimeout
                         0x800'183f   0x3a  Code  Lc  stm32f4xx_hal_i2c.o [4]
LCD_Command              0x800'2c45    0xa  Code  Gb  spi_ili9341.o [2]
LCD_Data                 0x800'2c4f    0x8  Code  Gb  spi_ili9341.o [2]
LCD_SendChar             0x800'2ca5    0xe  Code  Gb  spi_ili9341.o [2]
LCD_SetPos               0x800'2cd9   0x36  Code  Gb  spi_ili9341.o [2]
LCD_String               0x800'2cb9   0x1e  Code  Gb  spi_ili9341.o [2]
LCD_WriteData            0x800'2bed   0x56  Code  Gb  spi_ili9341.o [2]
LCD_ini                  0x800'2b3d   0x9e  Code  Gb  spi_ili9341.o [2]
MemManage_Handler        0x800'2fe5    0x2  Code  Gb  stm32f4xx_it.o [2]
NMI_Handler              0x800'2fe1    0x2  Code  Gb  stm32f4xx_it.o [2]
PendSV_Handler           0x800'2fef    0x2  Code  Gb  stm32f4xx_it.o [2]
Region$$Table$$Base      0x800'3094          --   Gb  - Linker created -
Region$$Table$$Limit     0x800'30a4          --   Gb  - Linker created -
SVC_Handler              0x800'2feb    0x2  Code  Gb  stm32f4xx_it.o [2]
SysTick_Handler          0x800'2ff1    0x4  Code  Gb  stm32f4xx_it.o [2]
SystemClock_Config       0x800'2a03   0xaa  Code  Gb  main.o [2]
SystemCoreClock         0x2000'00a8    0x4  Data  Gb  system_stm32f4xx.o [3]
SystemInit               0x800'301d   0x14  Code  Gb  system_stm32f4xx.o [3]
UsageFault_Handler       0x800'2fe9    0x2  Code  Gb  stm32f4xx_it.o [2]
__NVIC_SetPriority       0x800'1cc9   0x1a  Code  Lc  stm32f4xx_hal_cortex.o [4]
__aeabi_d2f              0x800'2ed9         Code  Gb  DblToFlt.o [6]
__aeabi_dmul             0x800'2d2d         Code  Gb  DblMul.o [6]
__aeabi_ldiv0            0x800'24cd         Code  Gb  I64DivZer.o [7]
__aeabi_memset           0x800'235d         Code  Gb  ABImemset.o [7]
__aeabi_ui2d             0x800'2d11         Code  Gb  U32ToDbl.o [6]
__cmain                  0x800'30a5         Code  Gb  cmain.o [7]
__exit                   0x800'30d9   0x14  Code  Gb  exit.o [8]
__iar_Memset             0x800'235d         Code  Gb  ABImemset.o [7]
__iar_Memset_word        0x800'2365         Code  Gb  ABImemset.o [7]
__iar_data_init3         0x800'3049   0x28  Code  Gb  data_init.o [7]
__iar_init_vfp           0x800'3071         Code  Gb  fpinit_M.o [6]
__iar_packbits_init_single3
                         0x800'195b   0x3a  Code  Gb  packbits_init_single.o [7]
__iar_program_start      0x800'30ed         Code  Gb  cstartup_M.o [7]
__iar_small_uldivmod     0x800'23c5         Code  Gb  I64DivMod_small.o [7]
__low_level_init         0x800'30c3    0x4  Code  Gb  low_level_init.o [5]
__vector_table           0x800'0000         Data  Gb  startup_stm32f446xx.o [1]
_call_main               0x800'30b1         Code  Gb  cmain.o [7]
_exit                    0x800'30cd         Code  Gb  cexit.o [7]
data                    0x2000'0008    0xc  Data  Gb  main.o [2]
data1                   0x2000'0090    0xc  Data  Gb  main.o [2]
delay                    0x800'2c43    0x2  Code  Gb  spi_ili9341.o [2]
eco2_data               0x2000'0014    0x2  Data  Gb  main.o [2]
exit                     0x800'30c7    0x4  Code  Gb  exit.o [5]
hi2c1                   0x2000'0018   0x54  Data  Gb  main.o [2]
main                     0x800'24d1  0x486  Code  Gb  main.o [2]
meas                    0x2000'0089    0x1  Data  Gb  main.o [2]
memset                   0x800'1cb3   0x14  Code  Gb  memset.o [7]
reset                   0x2000'008c    0x4  Data  Gb  main.o [2]
uwTick                  0x2000'00a0    0x4  Data  Gb  stm32f4xx_hal.o [4]
uwTickFreq              0x2000'009c    0x1  Data  Gb  stm32f4xx_hal.o [4]
uwTickPrio              0x2000'00a4    0x4  Data  Gb  stm32f4xx_hal.o [4]
voc_data                0x2000'0016    0x2  Data  Gb  main.o [2]


[1] = D:\Work\Programming\Sensors\Temperature_and_CO2_to_display\TVOC-Temperature-Humidity-BOX\EWARM\CJMCU-811 CCS811 TVOC sensor\Obj\Application\EWARM
[2] = D:\Work\Programming\Sensors\Temperature_and_CO2_to_display\TVOC-Temperature-Humidity-BOX\EWARM\CJMCU-811 CCS811 TVOC sensor\Obj\Application\User\Core
[3] = D:\Work\Programming\Sensors\Temperature_and_CO2_to_display\TVOC-Temperature-Humidity-BOX\EWARM\CJMCU-811 CCS811 TVOC sensor\Obj\Application\User\Core\Drivers\CMSIS
[4] = D:\Work\Programming\Sensors\Temperature_and_CO2_to_display\TVOC-Temperature-Humidity-BOX\EWARM\CJMCU-811 CCS811 TVOC sensor\Obj\Application\User\Core\Drivers\STM32F4xx_HAL_Driver
[5] = dl7M_tln.a
[6] = m7M_tls.a
[7] = rt7M_tl.a
[8] = shb_l.a

  12'882 bytes of readonly  code memory
      53 bytes of readonly  data memory
   2'220 bytes of readwrite data memory

Errors: none
Warnings: none
