###############################################################################
#
# IAR ELF Linker V9.20.2.320/W64 for ARM                  22/Apr/2022  14:57:25
# Copyright 2007-2021 IAR Systems AB.
#
#    Output file  =
#        D:\Work\Programming\Sensors\Temperature_and_CO2_to_display\TVOC-Temperature-Humidity-BOX\EWARM\CJMCU-811
#        CCS811 TVOC sensor\Exe\CJMCU-811 CCS811 TVOC sensor.out
#    Map file     =
#        D:\Work\Programming\Sensors\Temperature_and_CO2_to_display\TVOC-Temperature-Humidity-BOX\EWARM\CJMCU-811
#        CCS811 TVOC sensor\List\CJMCU-811 CCS811 TVOC sensor.map
#    Command line =
#        -f
#        "D:\Work\Programming\Sensors\Temperature_and_CO2_to_display\TVOC-Temperature-Humidity-BOX\EWARM\CJMCU-811
#        CCS811 TVOC sensor\Exe\CJMCU-811 CCS811 TVOC sensor.out.rsp"
#        ("D:\Work\Programming\Sensors\Temperature_and_CO2_to_display\TVOC-Temperature-Humidity-BOX\EWARM\CJMCU-811
#        CCS811 TVOC sensor\Obj\Application\User\Core\CCS811.o"
#        "D:\Work\Programming\Sensors\Temperature_and_CO2_to_display\TVOC-Temperature-Humidity-BOX\EWARM\CJMCU-811
#        CCS811 TVOC sensor\Obj\Application\User\Core\I2C1.o"
#        "D:\Work\Programming\Sensors\Temperature_and_CO2_to_display\TVOC-Temperature-Humidity-BOX\EWARM\CJMCU-811
#        CCS811 TVOC sensor\Obj\Application\User\Core\main.o"
#        "D:\Work\Programming\Sensors\Temperature_and_CO2_to_display\TVOC-Temperature-Humidity-BOX\EWARM\CJMCU-811
#        CCS811 TVOC sensor\Obj\Application\User\Core\spi_ili9341.o"
#        "D:\Work\Programming\Sensors\Temperature_and_CO2_to_display\TVOC-Temperature-Humidity-BOX\EWARM\CJMCU-811
#        CCS811 TVOC sensor\Obj\Application\EWARM\startup_stm32f446xx.o"
#        "D:\Work\Programming\Sensors\Temperature_and_CO2_to_display\TVOC-Temperature-Humidity-BOX\EWARM\CJMCU-811
#        CCS811 TVOC
#        sensor\Obj\Application\User\Core\Drivers\STM32F4xx_HAL_Driver\stm32f4xx_hal.o"
#        "D:\Work\Programming\Sensors\Temperature_and_CO2_to_display\TVOC-Temperature-Humidity-BOX\EWARM\CJMCU-811
#        CCS811 TVOC
#        sensor\Obj\Application\User\Core\Drivers\STM32F4xx_HAL_Driver\stm32f4xx_hal_cortex.o"
#        "D:\Work\Programming\Sensors\Temperature_and_CO2_to_display\TVOC-Temperature-Humidity-BOX\EWARM\CJMCU-811
#        CCS811 TVOC
#        sensor\Obj\Application\User\Core\Drivers\STM32F4xx_HAL_Driver\stm32f4xx_hal_dma.o"
#        "D:\Work\Programming\Sensors\Temperature_and_CO2_to_display\TVOC-Temperature-Humidity-BOX\EWARM\CJMCU-811
#        CCS811 TVOC
#        sensor\Obj\Application\User\Core\Drivers\STM32F4xx_HAL_Driver\stm32f4xx_hal_dma_ex.o"
#        "D:\Work\Programming\Sensors\Temperature_and_CO2_to_display\TVOC-Temperature-Humidity-BOX\EWARM\CJMCU-811
#        CCS811 TVOC
#        sensor\Obj\Application\User\Core\Drivers\STM32F4xx_HAL_Driver\stm32f4xx_hal_exti.o"
#        "D:\Work\Programming\Sensors\Temperature_and_CO2_to_display\TVOC-Temperature-Humidity-BOX\EWARM\CJMCU-811
#        CCS811 TVOC
#        sensor\Obj\Application\User\Core\Drivers\STM32F4xx_HAL_Driver\stm32f4xx_hal_flash.o"
#        "D:\Work\Programming\Sensors\Temperature_and_CO2_to_display\TVOC-Temperature-Humidity-BOX\EWARM\CJMCU-811
#        CCS811 TVOC
#        sensor\Obj\Application\User\Core\Drivers\STM32F4xx_HAL_Driver\stm32f4xx_hal_flash_ex.o"
#        "D:\Work\Programming\Sensors\Temperature_and_CO2_to_display\TVOC-Temperature-Humidity-BOX\EWARM\CJMCU-811
#        CCS811 TVOC
#        sensor\Obj\Application\User\Core\Drivers\STM32F4xx_HAL_Driver\stm32f4xx_hal_flash_ramfunc.o"
#        "D:\Work\Programming\Sensors\Temperature_and_CO2_to_display\TVOC-Temperature-Humidity-BOX\EWARM\CJMCU-811
#        CCS811 TVOC
#        sensor\Obj\Application\User\Core\Drivers\STM32F4xx_HAL_Driver\stm32f4xx_hal_gpio.o"
#        "D:\Work\Programming\Sensors\Temperature_and_CO2_to_display\TVOC-Temperature-Humidity-BOX\EWARM\CJMCU-811
#        CCS811 TVOC
#        sensor\Obj\Application\User\Core\Drivers\STM32F4xx_HAL_Driver\stm32f4xx_hal_i2c.o"
#        "D:\Work\Programming\Sensors\Temperature_and_CO2_to_display\TVOC-Temperature-Humidity-BOX\EWARM\CJMCU-811
#        CCS811 TVOC
#        sensor\Obj\Application\User\Core\Drivers\STM32F4xx_HAL_Driver\stm32f4xx_hal_i2c_ex.o"
#        "D:\Work\Programming\Sensors\Temperature_and_CO2_to_display\TVOC-Temperature-Humidity-BOX\EWARM\CJMCU-811
#        CCS811 TVOC sensor\Obj\Application\User\Core\stm32f4xx_hal_msp.o"
#        "D:\Work\Programming\Sensors\Temperature_and_CO2_to_display\TVOC-Temperature-Humidity-BOX\EWARM\CJMCU-811
#        CCS811 TVOC
#        sensor\Obj\Application\User\Core\Drivers\STM32F4xx_HAL_Driver\stm32f4xx_hal_pwr.o"
#        "D:\Work\Programming\Sensors\Temperature_and_CO2_to_display\TVOC-Temperature-Humidity-BOX\EWARM\CJMCU-811
#        CCS811 TVOC
#        sensor\Obj\Application\User\Core\Drivers\STM32F4xx_HAL_Driver\stm32f4xx_hal_pwr_ex.o"
#        "D:\Work\Programming\Sensors\Temperature_and_CO2_to_display\TVOC-Temperature-Humidity-BOX\EWARM\CJMCU-811
#        CCS811 TVOC
#        sensor\Obj\Application\User\Core\Drivers\STM32F4xx_HAL_Driver\stm32f4xx_hal_rcc.o"
#        "D:\Work\Programming\Sensors\Temperature_and_CO2_to_display\TVOC-Temperature-Humidity-BOX\EWARM\CJMCU-811
#        CCS811 TVOC
#        sensor\Obj\Application\User\Core\Drivers\STM32F4xx_HAL_Driver\stm32f4xx_hal_rcc_ex.o"
#        "D:\Work\Programming\Sensors\Temperature_and_CO2_to_display\TVOC-Temperature-Humidity-BOX\EWARM\CJMCU-811
#        CCS811 TVOC
#        sensor\Obj\Application\User\Core\Drivers\STM32F4xx_HAL_Driver\stm32f4xx_hal_spi.o"
#        "D:\Work\Programming\Sensors\Temperature_and_CO2_to_display\TVOC-Temperature-Humidity-BOX\EWARM\CJMCU-811
#        CCS811 TVOC
#        sensor\Obj\Application\User\Core\Drivers\STM32F4xx_HAL_Driver\stm32f4xx_hal_tim.o"
#        "D:\Work\Programming\Sensors\Temperature_and_CO2_to_display\TVOC-Temperature-Humidity-BOX\EWARM\CJMCU-811
#        CCS811 TVOC
#        sensor\Obj\Application\User\Core\Drivers\STM32F4xx_HAL_Driver\stm32f4xx_hal_tim_ex.o"
#        "D:\Work\Programming\Sensors\Temperature_and_CO2_to_display\TVOC-Temperature-Humidity-BOX\EWARM\CJMCU-811
#        CCS811 TVOC sensor\Obj\Application\User\Core\stm32f4xx_it.o"
#        "D:\Work\Programming\Sensors\Temperature_and_CO2_to_display\TVOC-Temperature-Humidity-BOX\EWARM\CJMCU-811
#        CCS811 TVOC
#        sensor\Obj\Application\User\Core\Drivers\CMSIS\system_stm32f4xx.o"
#        --no_out_extension -o
#        "D:\Work\Programming\Sensors\Temperature_and_CO2_to_display\TVOC-Temperature-Humidity-BOX\EWARM\CJMCU-811
#        CCS811 TVOC sensor\Exe\CJMCU-811 CCS811 TVOC sensor.out" --redirect
#        _Printf=_PrintfFullNoMb --redirect _Scanf=_ScanfFullNoMb --map
#        "D:\Work\Programming\Sensors\Temperature_and_CO2_to_display\TVOC-Temperature-Humidity-BOX\EWARM\CJMCU-811
#        CCS811 TVOC sensor\List\CJMCU-811 CCS811 TVOC sensor.map" --config
#        D:\Work\Programming\Sensors\Temperature_and_CO2_to_display\TVOC-Temperature-Humidity-BOX\EWARM/stm32f446xx_flash.icf
#        --semihosting --entry __iar_program_start --vfe --text_out locale)
#
###############################################################################

*******************************************************************************
*** RUNTIME MODEL ATTRIBUTES
***

CppFlavor       = *
__CPP_Runtime   = 1
__SystemLibrary = DLib
__dlib_version  = 6


*******************************************************************************
*** HEAP SELECTION
***

The basic heap was selected because some modules are built with
size limitations (and not runtime checking), and --advanced_heap
was not specified.


*******************************************************************************
*** PLACEMENT SUMMARY
***

"A0":  place at address 0x800'0000 { ro section .intvec };
"P1":  place in [from 0x800'0000 to 0x807'ffff] { ro };
define block CSTACK with size = 2K, alignment = 8 { };
define block HEAP with size = 1K, alignment = 8 { };
"P2":  place in [from 0x2000'0000 to 0x2001'ffff] {
          rw, block CSTACK, block HEAP };
initialize by copy { rw };

  Section            Kind         Address    Size  Object
  -------            ----         -------    ----  ------
"A0":                                       0x1c4
  .intvec            ro code   0x800'0000   0x1c4  startup_stm32f446xx.o [1]
                             - 0x800'01c4   0x1c4

"P1":                                      0x1ffc
  .text              ro code   0x800'01c4   0xd24  stm32f4xx_hal_i2c.o [4]
  .text              ro code   0x800'0ee8   0x194  stm32f4xx_hal_msp.o [2]
  .text              ro code   0x800'107c   0x140  stm32f4xx_hal_rcc.o [4]
  .text              ro code   0x800'11bc     0x2  stm32f4xx_hal_i2c.o [4]
  .text              ro code   0x800'11be     0x2  stm32f4xx_hal_i2c.o [4]
  .text              ro code   0x800'11c0     0x2  stm32f4xx_hal_i2c.o [4]
  .text              ro code   0x800'11c2     0x2  stm32f4xx_hal_i2c.o [4]
  .text              ro code   0x800'11c4     0x2  stm32f4xx_hal_i2c.o [4]
  .text              ro code   0x800'11c6     0x2  stm32f4xx_hal_i2c.o [4]
  .text              ro code   0x800'11c8    0x2a  stm32f4xx_hal_dma.o [4]
  .text              ro code   0x800'11f2     0x2  stm32f4xx_hal_i2c.o [4]
  .text              ro code   0x800'11f4     0x2  stm32f4xx_hal_i2c.o [4]
  .text              ro code   0x800'11f6     0x2  stm32f4xx_hal_i2c.o [4]
  .text              ro code   0x800'11f8     0x2  stm32f4xx_hal_i2c.o [4]
  .text              ro code   0x800'11fa    0x14  memset.o [7]
  .text              ro code   0x800'120e    0x2a  copy_init3.o [7]
  .text              ro code   0x800'1238    0xc4  stm32f4xx_hal_cortex.o [4]
  .text              ro code   0x800'12fc   0x200  stm32f4xx_hal_gpio.o [4]
  .text              ro code   0x800'14fc     0xc  stm32f4xx_hal.o [4]
  .text              ro code   0x800'1508   0x390  stm32f4xx_hal_rcc_ex.o [4]
  .text              ro code   0x800'1898    0x40  stm32f4xx_hal.o [4]
  .text              ro code   0x800'18d8    0x66  ABImemset.o [7]
  .text              ro code   0x800'193e     0x2  stm32f4xx_hal_gpio.o [4]
  .text              ro code   0x800'1940   0x106  I64DivMod_small.o [7]
  .text              ro code   0x800'1a48     0x2  I64DivZer.o [7]
  .text              ro code   0x800'1a4c   0x314  main.o [2]
  .text              ro code   0x800'1d60    0x34  stm32f4xx_hal.o [4]
  .text              ro code   0x800'1d94    0xa4  I2C1.o [2]
  .text              ro code   0x800'1e38    0x28  stm32f4xx_hal.o [4]
  .text              ro code   0x800'1e60    0x78  stm32f4xx_hal_pwr_ex.o [4]
  .text              ro code   0x800'1ed8    0x38  zero_init3.o [7]
  .text              ro code   0x800'1f10    0x2c  stm32f4xx_it.o [2]
  .text              ro code   0x800'1f3c    0x10  stm32f4xx_hal.o [4]
  .text              ro code   0x800'1f4c    0x2c  system_stm32f4xx.o [3]
  .text              ro code   0x800'1f78    0x28  data_init.o [7]
  .text              ro code   0x800'1fa0    0x22  fpinit_M.o [6]
  .iar.init_table    const     0x800'1fc4    0x24  - Linker created -
  .text              ro code   0x800'1fe8    0x1e  cmain.o [7]
  .text              ro code   0x800'2006     0x4  low_level_init.o [5]
  .text              ro code   0x800'200a     0x4  exit.o [5]
  .text              ro code   0x800'2010     0xa  cexit.o [7]
  .text              ro code   0x800'201c    0x14  exit.o [8]
  .text              ro code   0x800'2030    0x1c  cstartup_M.o [7]
  .text              ro code   0x800'204c    0x10  startup_stm32f446xx.o [1]
  Initializer bytes  const     0x800'205c    0x10  <for P2-1>
  .rodata            const     0x800'206c     0x8  system_stm32f4xx.o [3]
  .text              ro code   0x800'2074     0x4  startup_stm32f446xx.o [1]
  .text              ro code   0x800'2078     0x4  startup_stm32f446xx.o [1]
  .text              ro code   0x800'207c     0x4  startup_stm32f446xx.o [1]
  .text              ro code   0x800'2080     0x4  startup_stm32f446xx.o [1]
  .text              ro code   0x800'2084     0x4  startup_stm32f446xx.o [1]
  .text              ro code   0x800'2088     0x4  startup_stm32f446xx.o [1]
  .text              ro code   0x800'208c     0x4  startup_stm32f446xx.o [1]
  .text              ro code   0x800'2090     0x4  startup_stm32f446xx.o [1]
  .text              ro code   0x800'2094     0x4  startup_stm32f446xx.o [1]
  .text              ro code   0x800'2098     0x4  startup_stm32f446xx.o [1]
  .text              ro code   0x800'209c     0x4  startup_stm32f446xx.o [1]
  .text              ro code   0x800'20a0     0x4  startup_stm32f446xx.o [1]
  .text              ro code   0x800'20a4     0x4  startup_stm32f446xx.o [1]
  .text              ro code   0x800'20a8     0x4  startup_stm32f446xx.o [1]
  .text              ro code   0x800'20ac     0x4  startup_stm32f446xx.o [1]
  .text              ro code   0x800'20b0     0x4  startup_stm32f446xx.o [1]
  .text              ro code   0x800'20b4     0x4  startup_stm32f446xx.o [1]
  .text              ro code   0x800'20b8     0x4  startup_stm32f446xx.o [1]
  .text              ro code   0x800'20bc     0x4  startup_stm32f446xx.o [1]
  .text              ro code   0x800'20c0     0x4  startup_stm32f446xx.o [1]
  .text              ro code   0x800'20c4     0x4  startup_stm32f446xx.o [1]
  .text              ro code   0x800'20c8     0x4  startup_stm32f446xx.o [1]
  .text              ro code   0x800'20cc     0x4  startup_stm32f446xx.o [1]
  .text              ro code   0x800'20d0     0x4  startup_stm32f446xx.o [1]
  .text              ro code   0x800'20d4     0x4  startup_stm32f446xx.o [1]
  .text              ro code   0x800'20d8     0x4  startup_stm32f446xx.o [1]
  .text              ro code   0x800'20dc     0x4  startup_stm32f446xx.o [1]
  .text              ro code   0x800'20e0     0x4  startup_stm32f446xx.o [1]
  .text              ro code   0x800'20e4     0x4  startup_stm32f446xx.o [1]
  .text              ro code   0x800'20e8     0x4  startup_stm32f446xx.o [1]
  .text              ro code   0x800'20ec     0x4  startup_stm32f446xx.o [1]
  .text              ro code   0x800'20f0     0x4  startup_stm32f446xx.o [1]
  .text              ro code   0x800'20f4     0x4  startup_stm32f446xx.o [1]
  .text              ro code   0x800'20f8     0x4  startup_stm32f446xx.o [1]
  .text              ro code   0x800'20fc     0x4  startup_stm32f446xx.o [1]
  .text              ro code   0x800'2100     0x4  startup_stm32f446xx.o [1]
  .text              ro code   0x800'2104     0x4  startup_stm32f446xx.o [1]
  .text              ro code   0x800'2108     0x4  startup_stm32f446xx.o [1]
  .text              ro code   0x800'210c     0x4  startup_stm32f446xx.o [1]
  .text              ro code   0x800'2110     0x4  startup_stm32f446xx.o [1]
  .text              ro code   0x800'2114     0x4  startup_stm32f446xx.o [1]
  .text              ro code   0x800'2118     0x4  startup_stm32f446xx.o [1]
  .text              ro code   0x800'211c     0x4  startup_stm32f446xx.o [1]
  .text              ro code   0x800'2120     0x4  startup_stm32f446xx.o [1]
  .text              ro code   0x800'2124     0x4  startup_stm32f446xx.o [1]
  .text              ro code   0x800'2128     0x4  startup_stm32f446xx.o [1]
  .text              ro code   0x800'212c     0x4  startup_stm32f446xx.o [1]
  .text              ro code   0x800'2130     0x4  startup_stm32f446xx.o [1]
  .text              ro code   0x800'2134     0x4  startup_stm32f446xx.o [1]
  .text              ro code   0x800'2138     0x4  startup_stm32f446xx.o [1]
  .text              ro code   0x800'213c     0x4  startup_stm32f446xx.o [1]
  .text              ro code   0x800'2140     0x4  startup_stm32f446xx.o [1]
  .text              ro code   0x800'2144     0x4  startup_stm32f446xx.o [1]
  .text              ro code   0x800'2148     0x4  startup_stm32f446xx.o [1]
  .text              ro code   0x800'214c     0x4  startup_stm32f446xx.o [1]
  .text              ro code   0x800'2150     0x4  startup_stm32f446xx.o [1]
  .text              ro code   0x800'2154     0x4  startup_stm32f446xx.o [1]
  .text              ro code   0x800'2158     0x4  startup_stm32f446xx.o [1]
  .text              ro code   0x800'215c     0x4  startup_stm32f446xx.o [1]
  .text              ro code   0x800'2160     0x4  startup_stm32f446xx.o [1]
  .text              ro code   0x800'2164     0x4  startup_stm32f446xx.o [1]
  .text              ro code   0x800'2168     0x4  startup_stm32f446xx.o [1]
  .text              ro code   0x800'216c     0x4  startup_stm32f446xx.o [1]
  .text              ro code   0x800'2170     0x4  startup_stm32f446xx.o [1]
  .text              ro code   0x800'2174     0x4  startup_stm32f446xx.o [1]
  .text              ro code   0x800'2178     0x4  startup_stm32f446xx.o [1]
  .text              ro code   0x800'217c     0x4  startup_stm32f446xx.o [1]
  .text              ro code   0x800'2180     0x4  startup_stm32f446xx.o [1]
  .text              ro code   0x800'2184     0x4  startup_stm32f446xx.o [1]
  .text              ro code   0x800'2188     0x4  startup_stm32f446xx.o [1]
  .text              ro code   0x800'218c     0x4  startup_stm32f446xx.o [1]
  .text              ro code   0x800'2190     0x4  startup_stm32f446xx.o [1]
  .text              ro code   0x800'2194     0x4  startup_stm32f446xx.o [1]
  .text              ro code   0x800'2198     0x4  startup_stm32f446xx.o [1]
  .text              ro code   0x800'219c     0x4  startup_stm32f446xx.o [1]
  .text              ro code   0x800'21a0     0x4  startup_stm32f446xx.o [1]
  .text              ro code   0x800'21a4     0x4  startup_stm32f446xx.o [1]
  .text              ro code   0x800'21a8     0x4  startup_stm32f446xx.o [1]
  .text              ro code   0x800'21ac     0x4  startup_stm32f446xx.o [1]
  .text              ro code   0x800'21b0     0x4  startup_stm32f446xx.o [1]
  .text              ro code   0x800'21b4     0x4  startup_stm32f446xx.o [1]
  .text              ro code   0x800'21b8     0x4  startup_stm32f446xx.o [1]
  .text              ro code   0x800'21bc     0x4  startup_stm32f446xx.o [1]
  .rodata            const     0x800'21c0     0x0  zero_init3.o [7]
  .rodata            const     0x800'21c0     0x0  copy_init3.o [7]
                             - 0x800'21c0  0x1ffc

"P2", part 1 of 3:                           0x10
  P2-1                        0x2000'0000    0x10  <Init block>
    .data            inited   0x2000'0000     0xc  stm32f4xx_hal.o [4]
    .data            inited   0x2000'000c     0x4  system_stm32f4xx.o [3]
                            - 0x2000'0010    0x10

"P2", part 2 of 3:                           0x58
  .bss               zero     0x2000'0010    0x58  main.o [2]
                            - 0x2000'0068    0x58

"P2", part 3 of 3:                          0x800
  CSTACK                      0x2000'0068   0x800  <Block>
    CSTACK           uninit   0x2000'0068   0x800  <Block tail>
                            - 0x2000'0868   0x800

Unused ranges:

         From           To      Size
         ----           --      ----
   0x800'21c0   0x807'ffff  0x7'de40
  0x2000'0868  0x2001'ffff  0x1'f798


*******************************************************************************
*** INIT TABLE
***

          Address      Size
          -------      ----
Zero (__iar_zero_init3)
    1 destination range, total size 0x58:
          0x2000'0010  0x58

Copy (__iar_copy_init3)
    1 source range, total size 0x10:
           0x800'205c  0x10
    1 destination range, total size 0x10:
          0x2000'0000  0x10



*******************************************************************************
*** MODULE SUMMARY
***

    Module                  ro code  ro data  rw data
    ------                  -------  -------  -------
command line/config:
    -------------------------------------------------
    Total:

D:\Work\Programming\Sensors\Temperature_and_CO2_to_display\TVOC-Temperature-Humidity-BOX\EWARM\CJMCU-811 CCS811 TVOC sensor\Obj\Application\EWARM: [1]
    startup_stm32f446xx.o       800
    -------------------------------------------------
    Total:                      800

D:\Work\Programming\Sensors\Temperature_and_CO2_to_display\TVOC-Temperature-Humidity-BOX\EWARM\CJMCU-811 CCS811 TVOC sensor\Obj\Application\User\Core: [2]
    I2C1.o                      164
    main.o                      788                88
    stm32f4xx_hal_msp.o         404
    stm32f4xx_it.o               44
    -------------------------------------------------
    Total:                    1'400                88

D:\Work\Programming\Sensors\Temperature_and_CO2_to_display\TVOC-Temperature-Humidity-BOX\EWARM\CJMCU-811 CCS811 TVOC sensor\Obj\Application\User\Core\Drivers\CMSIS: [3]
    system_stm32f4xx.o           44       12        4
    -------------------------------------------------
    Total:                       44       12        4

D:\Work\Programming\Sensors\Temperature_and_CO2_to_display\TVOC-Temperature-Humidity-BOX\EWARM\CJMCU-811 CCS811 TVOC sensor\Obj\Application\User\Core\Drivers\STM32F4xx_HAL_Driver: [4]
    stm32f4xx_hal.o             184       12       12
    stm32f4xx_hal_cortex.o      196
    stm32f4xx_hal_dma.o          42
    stm32f4xx_hal_gpio.o        514
    stm32f4xx_hal_i2c.o       3'384
    stm32f4xx_hal_pwr_ex.o      120
    stm32f4xx_hal_rcc.o         320
    stm32f4xx_hal_rcc_ex.o      912
    -------------------------------------------------
    Total:                    5'672       12       12

dl7M_tln.a: [5]
    exit.o                        4
    low_level_init.o              4
    -------------------------------------------------
    Total:                        8

m7M_tls.a: [6]
    fpinit_M.o                   34
    -------------------------------------------------
    Total:                       34

rt7M_tl.a: [7]
    ABImemset.o                 102
    I64DivMod_small.o           262
    I64DivZer.o                   2
    cexit.o                      10
    cmain.o                      30
    copy_init3.o                 42
    cstartup_M.o                 28
    data_init.o                  40
    memset.o                     20
    zero_init3.o                 56
    -------------------------------------------------
    Total:                      592

shb_l.a: [8]
    exit.o                       20
    -------------------------------------------------
    Total:                       20

    Gaps                          8        2
    Linker created                        36    2'048
-----------------------------------------------------
    Grand Total:              8'578       62    2'152


*******************************************************************************
*** ENTRY LIST
***

Entry                       Address   Size  Type      Object
-----                       -------   ----  ----      ------
.iar.init_table$$Base    0x800'1fc4          --   Gb  - Linker created -
.iar.init_table$$Limit   0x800'1fe8          --   Gb  - Linker created -
?main                    0x800'1fe9         Code  Gb  cmain.o [7]
AHBPrescTable            0x800'1f68   0x10  Data  Gb  system_stm32f4xx.o [3]
APBPrescTable            0x800'206c    0x8  Data  Gb  system_stm32f4xx.o [3]
BusFault_Handler         0x800'1f17    0x2  Code  Gb  stm32f4xx_it.o [2]
CSTACK$$Base            0x2000'0068          --   Gb  - Linker created -
CSTACK$$Limit           0x2000'0868          --   Gb  - Linker created -
DebugMon_Handler         0x800'1f1d    0x2  Code  Gb  stm32f4xx_it.o [2]
EXTI15_10_IRQHandler     0x800'1f35    0x8  Code  Gb  stm32f4xx_it.o [2]
Error_Handler            0x800'1d5d    0x4  Code  Gb  main.o [2]
HAL_DMA_Abort_IT         0x800'11c9   0x24  Code  Gb  stm32f4xx_hal_dma.o [4]
HAL_DMA_GetState         0x800'11ed    0x6  Code  Gb  stm32f4xx_hal_dma.o [4]
HAL_Delay                0x800'1e39   0x28  Code  Wk  stm32f4xx_hal.o [4]
HAL_GPIO_EXTI_IRQHandler
                         0x800'14bb   0x12  Code  Gb  stm32f4xx_hal_gpio.o [4]
HAL_GPIO_Init            0x800'12fd  0x1b6  Code  Gb  stm32f4xx_hal_gpio.o [4]
HAL_GPIO_WritePin        0x800'14b3    0x8  Code  Gb  stm32f4xx_hal_gpio.o [4]
HAL_GetTick              0x800'14fd    0xc  Code  Wk  stm32f4xx_hal.o [4]
HAL_I2C_ER_IRQHandler    0x800'0ae9  0x122  Code  Gb  stm32f4xx_hal_i2c.o [4]
HAL_I2C_EV_IRQHandler    0x800'033d  0x6ac  Code  Gb  stm32f4xx_hal_i2c.o [4]
HAL_I2C_Init             0x800'01c5  0x128  Code  Gb  stm32f4xx_hal_i2c.o [4]
HAL_I2C_MspInit          0x800'0f1d  0x124  Code  Gb  stm32f4xx_hal_msp.o [2]
HAL_IncTick              0x800'1f3d   0x10  Code  Wk  stm32f4xx_hal.o [4]
HAL_Init                 0x800'1d61   0x30  Code  Gb  stm32f4xx_hal.o [4]
HAL_InitTick             0x800'1899   0x40  Code  Wk  stm32f4xx_hal.o [4]
HAL_MspInit              0x800'0ee9   0x34  Code  Gb  stm32f4xx_hal_msp.o [2]
HAL_NVIC_EnableIRQ       0x800'12a7   0x16  Code  Gb  stm32f4xx_hal_cortex.o [4]
HAL_NVIC_SetPriority     0x800'126d   0x3a  Code  Gb  stm32f4xx_hal_cortex.o [4]
HAL_NVIC_SetPriorityGrouping
                         0x800'1253   0x1a  Code  Gb  stm32f4xx_hal_cortex.o [4]
HAL_PWREx_EnableOverDrive
                         0x800'1e61   0x48  Code  Gb  stm32f4xx_hal_pwr_ex.o [4]
HAL_RCC_ClockConfig      0x800'107d  0x100  Code  Gb  stm32f4xx_hal_rcc.o [4]
HAL_RCC_GetPCLK1Freq     0x800'1189   0x10  Code  Gb  stm32f4xx_hal_rcc.o [4]
HAL_RCC_GetSysClockFreq
                         0x800'1511   0x7a  Code  Gb  stm32f4xx_hal_rcc_ex.o [4]
HAL_RCC_OscConfig        0x800'159b  0x2d0  Code  Gb  stm32f4xx_hal_rcc_ex.o [4]
HAL_SYSTICK_Config       0x800'12bd   0x28  Code  Gb  stm32f4xx_hal_cortex.o [4]
HardFault_Handler        0x800'1f13    0x2  Code  Gb  stm32f4xx_it.o [2]
I2C1_ER_IRQHandler       0x800'1f2b    0x6  Code  Gb  stm32f4xx_it.o [2]
I2C1_EV_IRQHandler       0x800'1f25    0x6  Code  Gb  stm32f4xx_it.o [2]
I2C_DMAAbort             0x800'0e15   0xce  Code  Lc  stm32f4xx_hal_i2c.o [4]
I2C_ITError              0x800'0cd1   0xf2  Code  Lc  stm32f4xx_hal_i2c.o [4]
I2C_MemoryTransmit_TXE_BTF
                         0x800'0c17   0xae  Code  Lc  stm32f4xx_hal_i2c.o [4]
MemManage_Handler        0x800'1f15    0x2  Code  Gb  stm32f4xx_it.o [2]
NMI_Handler              0x800'1f11    0x2  Code  Gb  stm32f4xx_it.o [2]
PendSV_Handler           0x800'1f1f    0x2  Code  Gb  stm32f4xx_it.o [2]
Region$$Table$$Base      0x800'1fc4          --   Gb  - Linker created -
Region$$Table$$Limit     0x800'1fe8          --   Gb  - Linker created -
SVC_Handler              0x800'1f1b    0x2  Code  Gb  stm32f4xx_it.o [2]
SysTick_Handler          0x800'1f21    0x4  Code  Gb  stm32f4xx_it.o [2]
SystemClock_Config       0x800'1c81   0xaa  Code  Gb  main.o [2]
SystemCoreClock         0x2000'000c    0x4  Data  Gb  system_stm32f4xx.o [3]
SystemInit               0x800'1f4d   0x14  Code  Gb  system_stm32f4xx.o [3]
UsageFault_Handler       0x800'1f19    0x2  Code  Gb  stm32f4xx_it.o [2]
__NVIC_SetPriority       0x800'1239   0x1a  Code  Lc  stm32f4xx_hal_cortex.o [4]
__aeabi_ldiv0            0x800'1a49         Code  Gb  I64DivZer.o [7]
__aeabi_memset           0x800'18d9         Code  Gb  ABImemset.o [7]
__cmain                  0x800'1fe9         Code  Gb  cmain.o [7]
__exit                   0x800'201d   0x14  Code  Gb  exit.o [8]
__iar_Memset             0x800'18d9         Code  Gb  ABImemset.o [7]
__iar_Memset_word        0x800'18e1         Code  Gb  ABImemset.o [7]
__iar_copy_init3         0x800'120f   0x2a  Code  Gb  copy_init3.o [7]
__iar_data_init3         0x800'1f79   0x28  Code  Gb  data_init.o [7]
__iar_init_vfp           0x800'1fa1         Code  Gb  fpinit_M.o [6]
__iar_program_start      0x800'2031         Code  Gb  cstartup_M.o [7]
__iar_small_uldivmod     0x800'1941         Code  Gb  I64DivMod_small.o [7]
__iar_zero_init3         0x800'1ed9   0x38  Code  Gb  zero_init3.o [7]
__low_level_init         0x800'2007    0x4  Code  Gb  low_level_init.o [5]
__vector_table           0x800'0000         Data  Gb  startup_stm32f446xx.o [1]
_call_main               0x800'1ff5         Code  Gb  cmain.o [7]
_exit                    0x800'2011         Code  Gb  cexit.o [7]
datat                   0x2000'0010    0x1  Data  Gb  main.o [2]
exit                     0x800'200b    0x4  Code  Gb  exit.o [5]
hi2c1                   0x2000'0014   0x54  Data  Gb  main.o [2]
i2c1_read                0x800'1d95   0x64  Code  Gb  I2C1.o [2]
i2c1_write               0x800'1df9   0x3a  Code  Gb  I2C1.o [2]
main                     0x800'1a4d  0x210  Code  Gb  main.o [2]
memset                   0x800'11fb   0x14  Code  Gb  memset.o [7]
uwTick                  0x2000'0004    0x4  Data  Gb  stm32f4xx_hal.o [4]
uwTickFreq              0x2000'0000    0x1  Data  Gb  stm32f4xx_hal.o [4]
uwTickPrio              0x2000'0008    0x4  Data  Gb  stm32f4xx_hal.o [4]


[1] = D:\Work\Programming\Sensors\Temperature_and_CO2_to_display\TVOC-Temperature-Humidity-BOX\EWARM\CJMCU-811 CCS811 TVOC sensor\Obj\Application\EWARM
[2] = D:\Work\Programming\Sensors\Temperature_and_CO2_to_display\TVOC-Temperature-Humidity-BOX\EWARM\CJMCU-811 CCS811 TVOC sensor\Obj\Application\User\Core
[3] = D:\Work\Programming\Sensors\Temperature_and_CO2_to_display\TVOC-Temperature-Humidity-BOX\EWARM\CJMCU-811 CCS811 TVOC sensor\Obj\Application\User\Core\Drivers\CMSIS
[4] = D:\Work\Programming\Sensors\Temperature_and_CO2_to_display\TVOC-Temperature-Humidity-BOX\EWARM\CJMCU-811 CCS811 TVOC sensor\Obj\Application\User\Core\Drivers\STM32F4xx_HAL_Driver
[5] = dl7M_tln.a
[6] = m7M_tls.a
[7] = rt7M_tl.a
[8] = shb_l.a

  8'578 bytes of readonly  code memory
     62 bytes of readonly  data memory
  2'152 bytes of readwrite data memory

Errors: none
Warnings: none
