###############################################################################
#
# IAR ELF Linker V9.20.2.320/W64 for ARM                  19/Apr/2022  18:59:24
# Copyright 2007-2021 IAR Systems AB.
#
#    Output file  =
#        D:\Work\Programming\Sensors\Temperature_and_CO2_to_display\TVOC-Temperature-Humidity-BOX\EWARM\CJMCU-811
#        CCS811 TVOC sensor\Exe\CJMCU-811 CCS811 TVOC sensor.out
#    Map file     =
#        D:\Work\Programming\Sensors\Temperature_and_CO2_to_display\TVOC-Temperature-Humidity-BOX\EWARM\CJMCU-811
#        CCS811 TVOC sensor\List\CJMCU-811 CCS811 TVOC sensor.map
#    Command line =
#        -f
#        "D:\Work\Programming\Sensors\Temperature_and_CO2_to_display\TVOC-Temperature-Humidity-BOX\EWARM\CJMCU-811
#        CCS811 TVOC sensor\Exe\CJMCU-811 CCS811 TVOC sensor.out.rsp"
#        ("D:\Work\Programming\Sensors\Temperature_and_CO2_to_display\TVOC-Temperature-Humidity-BOX\EWARM\CJMCU-811
#        CCS811 TVOC sensor\Obj\Application\User\Core\CCS811.o"
#        "D:\Work\Programming\Sensors\Temperature_and_CO2_to_display\TVOC-Temperature-Humidity-BOX\EWARM\CJMCU-811
#        CCS811 TVOC sensor\Obj\Application\User\Core\I2C1.o"
#        "D:\Work\Programming\Sensors\Temperature_and_CO2_to_display\TVOC-Temperature-Humidity-BOX\EWARM\CJMCU-811
#        CCS811 TVOC sensor\Obj\Application\User\Core\main.o"
#        "D:\Work\Programming\Sensors\Temperature_and_CO2_to_display\TVOC-Temperature-Humidity-BOX\EWARM\CJMCU-811
#        CCS811 TVOC sensor\Obj\Application\User\Core\spi_ili9341.o"
#        "D:\Work\Programming\Sensors\Temperature_and_CO2_to_display\TVOC-Temperature-Humidity-BOX\EWARM\CJMCU-811
#        CCS811 TVOC sensor\Obj\Application\EWARM\startup_stm32f446xx.o"
#        "D:\Work\Programming\Sensors\Temperature_and_CO2_to_display\TVOC-Temperature-Humidity-BOX\EWARM\CJMCU-811
#        CCS811 TVOC
#        sensor\Obj\Application\User\Core\Drivers\STM32F4xx_HAL_Driver\stm32f4xx_hal.o"
#        "D:\Work\Programming\Sensors\Temperature_and_CO2_to_display\TVOC-Temperature-Humidity-BOX\EWARM\CJMCU-811
#        CCS811 TVOC
#        sensor\Obj\Application\User\Core\Drivers\STM32F4xx_HAL_Driver\stm32f4xx_hal_cortex.o"
#        "D:\Work\Programming\Sensors\Temperature_and_CO2_to_display\TVOC-Temperature-Humidity-BOX\EWARM\CJMCU-811
#        CCS811 TVOC
#        sensor\Obj\Application\User\Core\Drivers\STM32F4xx_HAL_Driver\stm32f4xx_hal_dma.o"
#        "D:\Work\Programming\Sensors\Temperature_and_CO2_to_display\TVOC-Temperature-Humidity-BOX\EWARM\CJMCU-811
#        CCS811 TVOC
#        sensor\Obj\Application\User\Core\Drivers\STM32F4xx_HAL_Driver\stm32f4xx_hal_dma_ex.o"
#        "D:\Work\Programming\Sensors\Temperature_and_CO2_to_display\TVOC-Temperature-Humidity-BOX\EWARM\CJMCU-811
#        CCS811 TVOC
#        sensor\Obj\Application\User\Core\Drivers\STM32F4xx_HAL_Driver\stm32f4xx_hal_exti.o"
#        "D:\Work\Programming\Sensors\Temperature_and_CO2_to_display\TVOC-Temperature-Humidity-BOX\EWARM\CJMCU-811
#        CCS811 TVOC
#        sensor\Obj\Application\User\Core\Drivers\STM32F4xx_HAL_Driver\stm32f4xx_hal_flash.o"
#        "D:\Work\Programming\Sensors\Temperature_and_CO2_to_display\TVOC-Temperature-Humidity-BOX\EWARM\CJMCU-811
#        CCS811 TVOC
#        sensor\Obj\Application\User\Core\Drivers\STM32F4xx_HAL_Driver\stm32f4xx_hal_flash_ex.o"
#        "D:\Work\Programming\Sensors\Temperature_and_CO2_to_display\TVOC-Temperature-Humidity-BOX\EWARM\CJMCU-811
#        CCS811 TVOC
#        sensor\Obj\Application\User\Core\Drivers\STM32F4xx_HAL_Driver\stm32f4xx_hal_flash_ramfunc.o"
#        "D:\Work\Programming\Sensors\Temperature_and_CO2_to_display\TVOC-Temperature-Humidity-BOX\EWARM\CJMCU-811
#        CCS811 TVOC
#        sensor\Obj\Application\User\Core\Drivers\STM32F4xx_HAL_Driver\stm32f4xx_hal_gpio.o"
#        "D:\Work\Programming\Sensors\Temperature_and_CO2_to_display\TVOC-Temperature-Humidity-BOX\EWARM\CJMCU-811
#        CCS811 TVOC
#        sensor\Obj\Application\User\Core\Drivers\STM32F4xx_HAL_Driver\stm32f4xx_hal_i2c.o"
#        "D:\Work\Programming\Sensors\Temperature_and_CO2_to_display\TVOC-Temperature-Humidity-BOX\EWARM\CJMCU-811
#        CCS811 TVOC
#        sensor\Obj\Application\User\Core\Drivers\STM32F4xx_HAL_Driver\stm32f4xx_hal_i2c_ex.o"
#        "D:\Work\Programming\Sensors\Temperature_and_CO2_to_display\TVOC-Temperature-Humidity-BOX\EWARM\CJMCU-811
#        CCS811 TVOC sensor\Obj\Application\User\Core\stm32f4xx_hal_msp.o"
#        "D:\Work\Programming\Sensors\Temperature_and_CO2_to_display\TVOC-Temperature-Humidity-BOX\EWARM\CJMCU-811
#        CCS811 TVOC
#        sensor\Obj\Application\User\Core\Drivers\STM32F4xx_HAL_Driver\stm32f4xx_hal_pwr.o"
#        "D:\Work\Programming\Sensors\Temperature_and_CO2_to_display\TVOC-Temperature-Humidity-BOX\EWARM\CJMCU-811
#        CCS811 TVOC
#        sensor\Obj\Application\User\Core\Drivers\STM32F4xx_HAL_Driver\stm32f4xx_hal_pwr_ex.o"
#        "D:\Work\Programming\Sensors\Temperature_and_CO2_to_display\TVOC-Temperature-Humidity-BOX\EWARM\CJMCU-811
#        CCS811 TVOC
#        sensor\Obj\Application\User\Core\Drivers\STM32F4xx_HAL_Driver\stm32f4xx_hal_rcc.o"
#        "D:\Work\Programming\Sensors\Temperature_and_CO2_to_display\TVOC-Temperature-Humidity-BOX\EWARM\CJMCU-811
#        CCS811 TVOC
#        sensor\Obj\Application\User\Core\Drivers\STM32F4xx_HAL_Driver\stm32f4xx_hal_rcc_ex.o"
#        "D:\Work\Programming\Sensors\Temperature_and_CO2_to_display\TVOC-Temperature-Humidity-BOX\EWARM\CJMCU-811
#        CCS811 TVOC
#        sensor\Obj\Application\User\Core\Drivers\STM32F4xx_HAL_Driver\stm32f4xx_hal_spi.o"
#        "D:\Work\Programming\Sensors\Temperature_and_CO2_to_display\TVOC-Temperature-Humidity-BOX\EWARM\CJMCU-811
#        CCS811 TVOC
#        sensor\Obj\Application\User\Core\Drivers\STM32F4xx_HAL_Driver\stm32f4xx_hal_tim.o"
#        "D:\Work\Programming\Sensors\Temperature_and_CO2_to_display\TVOC-Temperature-Humidity-BOX\EWARM\CJMCU-811
#        CCS811 TVOC
#        sensor\Obj\Application\User\Core\Drivers\STM32F4xx_HAL_Driver\stm32f4xx_hal_tim_ex.o"
#        "D:\Work\Programming\Sensors\Temperature_and_CO2_to_display\TVOC-Temperature-Humidity-BOX\EWARM\CJMCU-811
#        CCS811 TVOC sensor\Obj\Application\User\Core\stm32f4xx_it.o"
#        "D:\Work\Programming\Sensors\Temperature_and_CO2_to_display\TVOC-Temperature-Humidity-BOX\EWARM\CJMCU-811
#        CCS811 TVOC
#        sensor\Obj\Application\User\Core\Drivers\CMSIS\system_stm32f4xx.o"
#        --no_out_extension -o
#        "D:\Work\Programming\Sensors\Temperature_and_CO2_to_display\TVOC-Temperature-Humidity-BOX\EWARM\CJMCU-811
#        CCS811 TVOC sensor\Exe\CJMCU-811 CCS811 TVOC sensor.out" --redirect
#        _Printf=_PrintfFullNoMb --redirect _Scanf=_ScanfFullNoMb --map
#        "D:\Work\Programming\Sensors\Temperature_and_CO2_to_display\TVOC-Temperature-Humidity-BOX\EWARM\CJMCU-811
#        CCS811 TVOC sensor\List\CJMCU-811 CCS811 TVOC sensor.map" --config
#        D:\Work\Programming\Sensors\Temperature_and_CO2_to_display\TVOC-Temperature-Humidity-BOX\EWARM/stm32f446xx_flash.icf
#        --semihosting --entry __iar_program_start --vfe --text_out locale)
#
###############################################################################

*******************************************************************************
*** RUNTIME MODEL ATTRIBUTES
***

CppFlavor       = *
__CPP_Runtime   = 1
__SystemLibrary = DLib
__dlib_version  = 6


*******************************************************************************
*** HEAP SELECTION
***

The basic heap was selected because some modules are built with
size limitations (and not runtime checking), and --advanced_heap
was not specified.


*******************************************************************************
*** PLACEMENT SUMMARY
***

"A0":  place at address 0x800'0000 { ro section .intvec };
"P1":  place in [from 0x800'0000 to 0x807'ffff] { ro };
define block CSTACK with size = 2K, alignment = 8 { };
define block HEAP with size = 1K, alignment = 8 { };
"P2":  place in [from 0x2000'0000 to 0x2001'ffff] {
          rw, block CSTACK, block HEAP };
initialize by copy { rw };

  Section            Kind         Address    Size  Object
  -------            ----         -------    ----  ------
"A0":                                       0x1c4
  .intvec            ro code   0x800'0000   0x1c4  startup_stm32f446xx.o [1]
                             - 0x800'01c4   0x1c4

"P1":                                      0x2e75
  .text              ro code   0x800'01c4  0x163e  stm32f4xx_hal_i2c.o [4]
  .text              ro code   0x800'1802    0x3a  packbits_init_single.o [7]
  .text              ro code   0x800'183c     0xc  stm32f4xx_hal.o [4]
  .text              ro code   0x800'1848     0x2  stm32f4xx_hal_i2c.o [4]
  .text              ro code   0x800'184a     0x2  stm32f4xx_hal_i2c.o [4]
  .text              ro code   0x800'184c     0x2  stm32f4xx_hal_i2c.o [4]
  .text              ro code   0x800'184e     0x2  stm32f4xx_hal_i2c.o [4]
  .text              ro code   0x800'1850     0x2  stm32f4xx_hal_i2c.o [4]
  .text              ro code   0x800'1852     0x2  stm32f4xx_hal_i2c.o [4]
  .text              ro code   0x800'1854    0x2a  stm32f4xx_hal_dma.o [4]
  .text              ro code   0x800'187e     0x2  stm32f4xx_hal_i2c.o [4]
  .text              ro code   0x800'1880     0x2  stm32f4xx_hal_i2c.o [4]
  .text              ro code   0x800'1882     0x2  stm32f4xx_hal_i2c.o [4]
  .text              ro code   0x800'1884     0x2  stm32f4xx_hal_i2c.o [4]
  .text              ro code   0x800'1888   0x608  main.o [2]
  .text              ro code   0x800'1e90    0x34  stm32f4xx_hal.o [4]
  .text              ro code   0x800'1ec4    0x14  memset.o [7]
  .text              ro code   0x800'1ed8   0x200  stm32f4xx_hal_gpio.o [4]
  .text              ro code   0x800'20d8    0xc4  stm32f4xx_hal_cortex.o [4]
  .text              ro code   0x800'219c    0xc0  I2C1.o [2]
  .text              ro code   0x800'225c   0x1d2  spi_ili9341.o [2]
  .text              ro code   0x800'2430    0x1c  U32ToDbl.o [6]
  .text              ro code   0x800'244c   0x1aa  DblMul.o [6]
  .text              ro code   0x800'25f8    0x68  DblToFlt.o [6]
  .text              ro code   0x800'2660    0x28  stm32f4xx_hal.o [4]
  .text              ro code   0x800'2688   0x390  stm32f4xx_hal_rcc_ex.o [4]
  .text              ro code   0x800'2a18    0x78  stm32f4xx_hal_pwr_ex.o [4]
  .text              ro code   0x800'2a90   0x120  stm32f4xx_hal_rcc.o [4]
  .text              ro code   0x800'2bb0    0x40  stm32f4xx_hal.o [4]
  .text              ro code   0x800'2bf0    0x38  stm32f4xx_hal_msp.o [2]
  .text              ro code   0x800'2c28    0x66  ABImemset.o [7]
  .text              ro code   0x800'2c8e     0x2  stm32f4xx_hal_gpio.o [4]
  .text              ro code   0x800'2c90   0x106  I64DivMod_small.o [7]
  .text              ro code   0x800'2d98     0x2  I64DivZer.o [7]
  .text              ro code   0x800'2d9c    0x2c  stm32f4xx_it.o [2]
  .text              ro code   0x800'2dc8    0x10  stm32f4xx_hal.o [4]
  .text              ro code   0x800'2dd8    0x2c  system_stm32f4xx.o [3]
  .text              ro code   0x800'2e04    0x28  data_init.o [7]
  .text              ro code   0x800'2e2c    0x22  fpinit_M.o [6]
  .iar.init_table    const     0x800'2e50    0x10  - Linker created -
  .text              ro code   0x800'2e60    0x1e  cmain.o [7]
  .text              ro code   0x800'2e7e     0x4  low_level_init.o [5]
  .text              ro code   0x800'2e82     0x4  exit.o [5]
  .text              ro code   0x800'2e88     0xa  cexit.o [7]
  .text              ro code   0x800'2e94    0x14  exit.o [8]
  .text              ro code   0x800'2ea8    0x1c  cstartup_M.o [7]
  .text              ro code   0x800'2ec4    0x10  startup_stm32f446xx.o [1]
  .text              ro code   0x800'2ed4     0x4  startup_stm32f446xx.o [1]
  .text              ro code   0x800'2ed8     0x4  startup_stm32f446xx.o [1]
  .text              ro code   0x800'2edc     0x4  startup_stm32f446xx.o [1]
  .text              ro code   0x800'2ee0     0x4  startup_stm32f446xx.o [1]
  .text              ro code   0x800'2ee4     0x4  startup_stm32f446xx.o [1]
  .text              ro code   0x800'2ee8     0x4  startup_stm32f446xx.o [1]
  .text              ro code   0x800'2eec     0x4  startup_stm32f446xx.o [1]
  .text              ro code   0x800'2ef0     0x4  startup_stm32f446xx.o [1]
  .text              ro code   0x800'2ef4     0x4  startup_stm32f446xx.o [1]
  .text              ro code   0x800'2ef8     0x4  startup_stm32f446xx.o [1]
  .text              ro code   0x800'2efc     0x4  startup_stm32f446xx.o [1]
  .text              ro code   0x800'2f00     0x4  startup_stm32f446xx.o [1]
  .text              ro code   0x800'2f04     0x4  startup_stm32f446xx.o [1]
  .text              ro code   0x800'2f08     0x4  startup_stm32f446xx.o [1]
  .text              ro code   0x800'2f0c     0x4  startup_stm32f446xx.o [1]
  .text              ro code   0x800'2f10     0x4  startup_stm32f446xx.o [1]
  .text              ro code   0x800'2f14     0x4  startup_stm32f446xx.o [1]
  .text              ro code   0x800'2f18     0x4  startup_stm32f446xx.o [1]
  .text              ro code   0x800'2f1c     0x4  startup_stm32f446xx.o [1]
  .text              ro code   0x800'2f20     0x4  startup_stm32f446xx.o [1]
  .text              ro code   0x800'2f24     0x4  startup_stm32f446xx.o [1]
  .text              ro code   0x800'2f28     0x4  startup_stm32f446xx.o [1]
  .text              ro code   0x800'2f2c     0x4  startup_stm32f446xx.o [1]
  .text              ro code   0x800'2f30     0x4  startup_stm32f446xx.o [1]
  .text              ro code   0x800'2f34     0x4  startup_stm32f446xx.o [1]
  .text              ro code   0x800'2f38     0x4  startup_stm32f446xx.o [1]
  .text              ro code   0x800'2f3c     0x4  startup_stm32f446xx.o [1]
  .text              ro code   0x800'2f40     0x4  startup_stm32f446xx.o [1]
  .text              ro code   0x800'2f44     0x4  startup_stm32f446xx.o [1]
  .text              ro code   0x800'2f48     0x4  startup_stm32f446xx.o [1]
  .text              ro code   0x800'2f4c     0x4  startup_stm32f446xx.o [1]
  .text              ro code   0x800'2f50     0x4  startup_stm32f446xx.o [1]
  .text              ro code   0x800'2f54     0x4  startup_stm32f446xx.o [1]
  .text              ro code   0x800'2f58     0x4  startup_stm32f446xx.o [1]
  .text              ro code   0x800'2f5c     0x4  startup_stm32f446xx.o [1]
  .text              ro code   0x800'2f60     0x4  startup_stm32f446xx.o [1]
  .text              ro code   0x800'2f64     0x4  startup_stm32f446xx.o [1]
  .text              ro code   0x800'2f68     0x4  startup_stm32f446xx.o [1]
  .text              ro code   0x800'2f6c     0x4  startup_stm32f446xx.o [1]
  .text              ro code   0x800'2f70     0x4  startup_stm32f446xx.o [1]
  .text              ro code   0x800'2f74     0x4  startup_stm32f446xx.o [1]
  .text              ro code   0x800'2f78     0x4  startup_stm32f446xx.o [1]
  .text              ro code   0x800'2f7c     0x4  startup_stm32f446xx.o [1]
  .text              ro code   0x800'2f80     0x4  startup_stm32f446xx.o [1]
  .text              ro code   0x800'2f84     0x4  startup_stm32f446xx.o [1]
  .text              ro code   0x800'2f88     0x4  startup_stm32f446xx.o [1]
  .text              ro code   0x800'2f8c     0x4  startup_stm32f446xx.o [1]
  .text              ro code   0x800'2f90     0x4  startup_stm32f446xx.o [1]
  .text              ro code   0x800'2f94     0x4  startup_stm32f446xx.o [1]
  .text              ro code   0x800'2f98     0x4  startup_stm32f446xx.o [1]
  .text              ro code   0x800'2f9c     0x4  startup_stm32f446xx.o [1]
  .text              ro code   0x800'2fa0     0x4  startup_stm32f446xx.o [1]
  .text              ro code   0x800'2fa4     0x4  startup_stm32f446xx.o [1]
  .text              ro code   0x800'2fa8     0x4  startup_stm32f446xx.o [1]
  .text              ro code   0x800'2fac     0x4  startup_stm32f446xx.o [1]
  .text              ro code   0x800'2fb0     0x4  startup_stm32f446xx.o [1]
  .text              ro code   0x800'2fb4     0x4  startup_stm32f446xx.o [1]
  .text              ro code   0x800'2fb8     0x4  startup_stm32f446xx.o [1]
  .text              ro code   0x800'2fbc     0x4  startup_stm32f446xx.o [1]
  .text              ro code   0x800'2fc0     0x4  startup_stm32f446xx.o [1]
  .text              ro code   0x800'2fc4     0x4  startup_stm32f446xx.o [1]
  .text              ro code   0x800'2fc8     0x4  startup_stm32f446xx.o [1]
  .text              ro code   0x800'2fcc     0x4  startup_stm32f446xx.o [1]
  .text              ro code   0x800'2fd0     0x4  startup_stm32f446xx.o [1]
  .text              ro code   0x800'2fd4     0x4  startup_stm32f446xx.o [1]
  .text              ro code   0x800'2fd8     0x4  startup_stm32f446xx.o [1]
  .text              ro code   0x800'2fdc     0x4  startup_stm32f446xx.o [1]
  .text              ro code   0x800'2fe0     0x4  startup_stm32f446xx.o [1]
  .text              ro code   0x800'2fe4     0x4  startup_stm32f446xx.o [1]
  .text              ro code   0x800'2fe8     0x4  startup_stm32f446xx.o [1]
  .text              ro code   0x800'2fec     0x4  startup_stm32f446xx.o [1]
  .text              ro code   0x800'2ff0     0x4  startup_stm32f446xx.o [1]
  .text              ro code   0x800'2ff4     0x4  startup_stm32f446xx.o [1]
  .text              ro code   0x800'2ff8     0x4  startup_stm32f446xx.o [1]
  .text              ro code   0x800'2ffc     0x4  startup_stm32f446xx.o [1]
  .text              ro code   0x800'3000     0x4  startup_stm32f446xx.o [1]
  .text              ro code   0x800'3004     0x4  startup_stm32f446xx.o [1]
  .text              ro code   0x800'3008     0x4  startup_stm32f446xx.o [1]
  .text              ro code   0x800'300c     0x4  startup_stm32f446xx.o [1]
  .text              ro code   0x800'3010     0x4  startup_stm32f446xx.o [1]
  .text              ro code   0x800'3014     0x4  startup_stm32f446xx.o [1]
  .text              ro code   0x800'3018     0x4  startup_stm32f446xx.o [1]
  .text              ro code   0x800'301c     0x4  startup_stm32f446xx.o [1]
  .rodata            const     0x800'3020     0x0  packbits_init_single.o [7]
  Initializer bytes  const     0x800'3020    0x19  <for P2-1>
                             - 0x800'3039  0x2e75

"P2", part 1 of 2:                           0xac
  P2-1                        0x2000'0000    0xac  <Init block>
    .data            inited   0x2000'0000    0x9c  main.o [2]
    .data            inited   0x2000'009c     0xc  stm32f4xx_hal.o [4]
    .data            inited   0x2000'00a8     0x4  system_stm32f4xx.o [3]
                            - 0x2000'00ac    0xac

"P2", part 2 of 2:                          0x800
  CSTACK                      0x2000'00b0   0x800  <Block>
    CSTACK           uninit   0x2000'00b0   0x800  <Block tail>
                            - 0x2000'08b0   0x800

Unused ranges:

         From           To      Size
         ----           --      ----
   0x800'3039   0x807'ffff  0x7'cfc7
  0x2000'00ac  0x2000'00af       0x4
  0x2000'08b0  0x2001'ffff  0x1'f750


*******************************************************************************
*** INIT TABLE
***

          Address      Size
          -------      ----
Copy/packbits (__iar_packbits_init_single3)
    1 source range, total size 0x19 (14% of destination):
           0x800'3020  0x19
    1 destination range, total size 0xac:
          0x2000'0000  0xac



*******************************************************************************
*** MODULE SUMMARY
***

    Module                  ro code  ro data  rw data
    ------                  -------  -------  -------
command line/config:
    -------------------------------------------------
    Total:

D:\Work\Programming\Sensors\Temperature_and_CO2_to_display\TVOC-Temperature-Humidity-BOX\EWARM\CJMCU-811 CCS811 TVOC sensor\Obj\Application\EWARM: [1]
    startup_stm32f446xx.o       800
    -------------------------------------------------
    Total:                      800

D:\Work\Programming\Sensors\Temperature_and_CO2_to_display\TVOC-Temperature-Humidity-BOX\EWARM\CJMCU-811 CCS811 TVOC sensor\Obj\Application\User\Core: [2]
    I2C1.o                      192
    main.o                    1'544       22      156
    spi_ili9341.o               466
    stm32f4xx_hal_msp.o          56
    stm32f4xx_it.o               44
    -------------------------------------------------
    Total:                    2'302       22      156

D:\Work\Programming\Sensors\Temperature_and_CO2_to_display\TVOC-Temperature-Humidity-BOX\EWARM\CJMCU-811 CCS811 TVOC sensor\Obj\Application\User\Core\Drivers\CMSIS: [3]
    system_stm32f4xx.o           44        1        4
    -------------------------------------------------
    Total:                       44        1        4

D:\Work\Programming\Sensors\Temperature_and_CO2_to_display\TVOC-Temperature-Humidity-BOX\EWARM\CJMCU-811 CCS811 TVOC sensor\Obj\Application\User\Core\Drivers\STM32F4xx_HAL_Driver: [4]
    stm32f4xx_hal.o             184        2       12
    stm32f4xx_hal_cortex.o      196
    stm32f4xx_hal_dma.o          42
    stm32f4xx_hal_gpio.o        514
    stm32f4xx_hal_i2c.o       5'714
    stm32f4xx_hal_pwr_ex.o      120
    stm32f4xx_hal_rcc.o         288
    stm32f4xx_hal_rcc_ex.o      912
    -------------------------------------------------
    Total:                    7'970        2       12

dl7M_tln.a: [5]
    exit.o                        4
    low_level_init.o              4
    -------------------------------------------------
    Total:                        8

m7M_tls.a: [6]
    DblMul.o                    426
    DblToFlt.o                  104
    U32ToDbl.o                   28
    fpinit_M.o                   34
    -------------------------------------------------
    Total:                      592

rt7M_tl.a: [7]
    ABImemset.o                 102
    I64DivMod_small.o           262
    I64DivZer.o                   2
    cexit.o                      10
    cmain.o                      30
    cstartup_M.o                 28
    data_init.o                  40
    memset.o                     20
    packbits_init_single.o       58
    -------------------------------------------------
    Total:                      552

shb_l.a: [8]
    exit.o                       20
    -------------------------------------------------
    Total:                       20

    Gaps                         14        2
    Linker created                        16    2'048
-----------------------------------------------------
    Grand Total:             12'302       43    2'220


*******************************************************************************
*** ENTRY LIST
***

Entry                       Address   Size  Type      Object
-----                       -------   ----  ----      ------
.iar.init_table$$Base    0x800'2e50          --   Gb  - Linker created -
.iar.init_table$$Limit   0x800'2e60          --   Gb  - Linker created -
?main                    0x800'2e61         Code  Gb  cmain.o [7]
AHBPrescTable            0x800'2df4   0x10  Data  Gb  system_stm32f4xx.o [3]
AHT10_ADC_Raw           0x2000'0028    0x4  Data  Gb  main.o [2]
AHT10_Humidity          0x2000'0030    0x4  Data  Gb  main.o [2]
AHT10_Humidity_int      0x2000'0020    0x8  Data  Gb  main.o [2]
AHT10_RX_Data           0x2000'0000    0x8  Data  Gb  main.o [2]
AHT10_Temperature       0x2000'002c    0x4  Data  Gb  main.o [2]
AHT10_Temperature_int   0x2000'0018    0x8  Data  Gb  main.o [2]
AHT10_TmpHum_Cmd        0x2000'0034    0x1  Data  Gb  main.o [2]
BusFault_Handler         0x800'2da3    0x2  Code  Gb  stm32f4xx_it.o [2]
CSTACK$$Base            0x2000'00b0          --   Gb  - Linker created -
CSTACK$$Limit           0x2000'08b0          --   Gb  - Linker created -
DebugMon_Handler         0x800'2da9    0x2  Code  Gb  stm32f4xx_it.o [2]
EXTI15_10_IRQHandler     0x800'2dc1    0x8  Code  Gb  stm32f4xx_it.o [2]
Error_Handler            0x800'1e7d    0x4  Code  Gb  main.o [2]
HAL_DMA_Abort_IT         0x800'1855   0x24  Code  Gb  stm32f4xx_hal_dma.o [4]
HAL_DMA_GetState         0x800'1879    0x6  Code  Gb  stm32f4xx_hal_dma.o [4]
HAL_Delay                0x800'2661   0x28  Code  Wk  stm32f4xx_hal.o [4]
HAL_GPIO_EXTI_IRQHandler
                         0x800'2097   0x12  Code  Gb  stm32f4xx_hal_gpio.o [4]
HAL_GPIO_Init            0x800'1ed9  0x1b6  Code  Gb  stm32f4xx_hal_gpio.o [4]
HAL_GPIO_WritePin        0x800'208f    0x8  Code  Gb  stm32f4xx_hal_gpio.o [4]
HAL_GetTick              0x800'183d    0xc  Code  Wk  stm32f4xx_hal.o [4]
HAL_I2C_ER_IRQHandler    0x800'107d  0x122  Code  Gb  stm32f4xx_hal_i2c.o [4]
HAL_I2C_EV_IRQHandler    0x800'08d1  0x6ac  Code  Gb  stm32f4xx_hal_i2c.o [4]
HAL_I2C_Master_Receive   0x800'02fb  0x1ac  Code  Gb  stm32f4xx_hal_i2c.o [4]
HAL_I2C_Master_Transmit
                         0x800'01c5  0x136  Code  Gb  stm32f4xx_hal_i2c.o [4]
HAL_I2C_Mem_Read         0x800'0663  0x120  Code  Gb  stm32f4xx_hal_i2c.o [4]
HAL_I2C_Mem_Write        0x800'0545   0xd0  Code  Gb  stm32f4xx_hal_i2c.o [4]
HAL_IncTick              0x800'2dc9   0x10  Code  Wk  stm32f4xx_hal.o [4]
HAL_Init                 0x800'1e91   0x30  Code  Gb  stm32f4xx_hal.o [4]
HAL_InitTick             0x800'2bb1   0x40  Code  Wk  stm32f4xx_hal.o [4]
HAL_MspInit              0x800'2bf1   0x34  Code  Gb  stm32f4xx_hal_msp.o [2]
HAL_NVIC_EnableIRQ       0x800'2147   0x16  Code  Gb  stm32f4xx_hal_cortex.o [4]
HAL_NVIC_SetPriority     0x800'210d   0x3a  Code  Gb  stm32f4xx_hal_cortex.o [4]
HAL_NVIC_SetPriorityGrouping
                         0x800'20f3   0x1a  Code  Gb  stm32f4xx_hal_cortex.o [4]
HAL_PWREx_EnableOverDrive
                         0x800'2a19   0x48  Code  Gb  stm32f4xx_hal_pwr_ex.o [4]
HAL_RCC_ClockConfig      0x800'2a91  0x100  Code  Gb  stm32f4xx_hal_rcc.o [4]
HAL_RCC_GetSysClockFreq
                         0x800'2691   0x7a  Code  Gb  stm32f4xx_hal_rcc_ex.o [4]
HAL_RCC_OscConfig        0x800'271b  0x2d0  Code  Gb  stm32f4xx_hal_rcc_ex.o [4]
HAL_SYSTICK_Config       0x800'215d   0x28  Code  Gb  stm32f4xx_hal_cortex.o [4]
HardFault_Handler        0x800'2d9f    0x2  Code  Gb  stm32f4xx_it.o [2]
I2C1_ER_IRQHandler       0x800'2db7    0x6  Code  Gb  stm32f4xx_it.o [2]
I2C1_EV_IRQHandler       0x800'2db1    0x6  Code  Gb  stm32f4xx_it.o [2]
I2C_DMAAbort             0x800'1539   0xce  Code  Lc  stm32f4xx_hal_i2c.o [4]
I2C_ITError              0x800'1265   0xf2  Code  Lc  stm32f4xx_hal_i2c.o [4]
I2C_IsAcknowledgeFailed
                         0x800'17d1   0x32  Code  Lc  stm32f4xx_hal_i2c.o [4]
I2C_MemoryTransmit_TXE_BTF
                         0x800'11ab   0xae  Code  Lc  stm32f4xx_hal_i2c.o [4]
I2C_RequestMemoryRead    0x800'1439   0xb2  Code  Lc  stm32f4xx_hal_i2c.o [4]
I2C_RequestMemoryWrite   0x800'1397   0x90  Code  Lc  stm32f4xx_hal_i2c.o [4]
I2C_WaitOnBTFFlagUntilTimeout
                         0x800'173d   0x3a  Code  Lc  stm32f4xx_hal_i2c.o [4]
I2C_WaitOnFlagUntilTimeout
                         0x800'1611   0x50  Code  Lc  stm32f4xx_hal_i2c.o [4]
I2C_WaitOnMasterAddressFlagUntilTimeout
                         0x800'1661   0x76  Code  Lc  stm32f4xx_hal_i2c.o [4]
I2C_WaitOnRXNEFlagUntilTimeout
                         0x800'1777   0x46  Code  Lc  stm32f4xx_hal_i2c.o [4]
I2C_WaitOnTXEFlagUntilTimeout
                         0x800'16e7   0x3a  Code  Lc  stm32f4xx_hal_i2c.o [4]
LCD_Command              0x800'2365    0xa  Code  Gb  spi_ili9341.o [2]
LCD_Data                 0x800'236f    0x8  Code  Gb  spi_ili9341.o [2]
LCD_SendChar             0x800'23c5    0xe  Code  Gb  spi_ili9341.o [2]
LCD_SetPos               0x800'23f9   0x36  Code  Gb  spi_ili9341.o [2]
LCD_String               0x800'23d9   0x1e  Code  Gb  spi_ili9341.o [2]
LCD_WriteData            0x800'230d   0x56  Code  Gb  spi_ili9341.o [2]
LCD_ini                  0x800'225d   0x9e  Code  Gb  spi_ili9341.o [2]
MemManage_Handler        0x800'2da1    0x2  Code  Gb  stm32f4xx_it.o [2]
NMI_Handler              0x800'2d9d    0x2  Code  Gb  stm32f4xx_it.o [2]
PendSV_Handler           0x800'2dab    0x2  Code  Gb  stm32f4xx_it.o [2]
Region$$Table$$Base      0x800'2e50          --   Gb  - Linker created -
Region$$Table$$Limit     0x800'2e60          --   Gb  - Linker created -
SVC_Handler              0x800'2da7    0x2  Code  Gb  stm32f4xx_it.o [2]
SysTick_Handler          0x800'2dad    0x4  Code  Gb  stm32f4xx_it.o [2]
SystemClock_Config       0x800'1d91   0xaa  Code  Gb  main.o [2]
SystemCoreClock         0x2000'00a8    0x4  Data  Gb  system_stm32f4xx.o [3]
SystemInit               0x800'2dd9   0x14  Code  Gb  system_stm32f4xx.o [3]
UsageFault_Handler       0x800'2da5    0x2  Code  Gb  stm32f4xx_it.o [2]
__NVIC_SetPriority       0x800'219d   0x1a  Code  Lc  I2C1.o [2]
__NVIC_SetPriority       0x800'20d9   0x1a  Code  Lc  stm32f4xx_hal_cortex.o [4]
__aeabi_d2f              0x800'25f9         Code  Gb  DblToFlt.o [6]
__aeabi_dmul             0x800'244d         Code  Gb  DblMul.o [6]
__aeabi_ldiv0            0x800'2d99         Code  Gb  I64DivZer.o [7]
__aeabi_memset           0x800'2c29         Code  Gb  ABImemset.o [7]
__aeabi_ui2d             0x800'2431         Code  Gb  U32ToDbl.o [6]
__cmain                  0x800'2e61         Code  Gb  cmain.o [7]
__exit                   0x800'2e95   0x14  Code  Gb  exit.o [8]
__iar_Memset             0x800'2c29         Code  Gb  ABImemset.o [7]
__iar_Memset_word        0x800'2c31         Code  Gb  ABImemset.o [7]
__iar_data_init3         0x800'2e05   0x28  Code  Gb  data_init.o [7]
__iar_init_vfp           0x800'2e2d         Code  Gb  fpinit_M.o [6]
__iar_packbits_init_single3
                         0x800'1803   0x3a  Code  Gb  packbits_init_single.o [7]
__iar_program_start      0x800'2ea9         Code  Gb  cstartup_M.o [7]
__iar_small_uldivmod     0x800'2c91         Code  Gb  I64DivMod_small.o [7]
__low_level_init         0x800'2e7f    0x4  Code  Gb  low_level_init.o [5]
__vector_table           0x800'0000         Data  Gb  startup_stm32f446xx.o [1]
_call_main               0x800'2e6d         Code  Gb  cmain.o [7]
_exit                    0x800'2e89         Code  Gb  cexit.o [7]
data                    0x2000'0008    0xc  Data  Gb  main.o [2]
data1                   0x2000'003c    0xc  Data  Gb  main.o [2]
delay                    0x800'2363    0x2  Code  Gb  spi_ili9341.o [2]
eco2_data               0x2000'0014    0x2  Data  Gb  main.o [2]
exit                     0x800'2e83    0x4  Code  Gb  exit.o [5]
hi2c1                   0x2000'0048   0x54  Data  Gb  main.o [2]
i2c1_init                0x800'21b7   0x8e  Code  Gb  I2C1.o [2]
main                     0x800'1889  0x454  Code  Gb  main.o [2]
meas                    0x2000'0035    0x1  Data  Gb  main.o [2]
memset                   0x800'1ec5   0x14  Code  Gb  memset.o [7]
reset                   0x2000'0038    0x4  Data  Gb  main.o [2]
uwTick                  0x2000'00a0    0x4  Data  Gb  stm32f4xx_hal.o [4]
uwTickFreq              0x2000'009c    0x1  Data  Gb  stm32f4xx_hal.o [4]
uwTickPrio              0x2000'00a4    0x4  Data  Gb  stm32f4xx_hal.o [4]
voc_data                0x2000'0016    0x2  Data  Gb  main.o [2]


[1] = D:\Work\Programming\Sensors\Temperature_and_CO2_to_display\TVOC-Temperature-Humidity-BOX\EWARM\CJMCU-811 CCS811 TVOC sensor\Obj\Application\EWARM
[2] = D:\Work\Programming\Sensors\Temperature_and_CO2_to_display\TVOC-Temperature-Humidity-BOX\EWARM\CJMCU-811 CCS811 TVOC sensor\Obj\Application\User\Core
[3] = D:\Work\Programming\Sensors\Temperature_and_CO2_to_display\TVOC-Temperature-Humidity-BOX\EWARM\CJMCU-811 CCS811 TVOC sensor\Obj\Application\User\Core\Drivers\CMSIS
[4] = D:\Work\Programming\Sensors\Temperature_and_CO2_to_display\TVOC-Temperature-Humidity-BOX\EWARM\CJMCU-811 CCS811 TVOC sensor\Obj\Application\User\Core\Drivers\STM32F4xx_HAL_Driver
[5] = dl7M_tln.a
[6] = m7M_tls.a
[7] = rt7M_tl.a
[8] = shb_l.a

  12'302 bytes of readonly  code memory
      43 bytes of readonly  data memory
   2'220 bytes of readwrite data memory

Errors: none
Warnings: none
