###############################################################################
#
# IAR ELF Linker V9.20.2.320/W64 for ARM                  31/May/2022  12:38:25
# Copyright 2007-2021 IAR Systems AB.
#
#    Output file  =
#        D:\Work\Programming\Sensors\Temperature_and_CO2_to_display\TVOC-Temperature-Humidity-BOX\EWARM\CJMCU-811
#        CCS811 TVOC sensor\Exe\CJMCU-811 CCS811 TVOC sensor.out
#    Map file     =
#        D:\Work\Programming\Sensors\Temperature_and_CO2_to_display\TVOC-Temperature-Humidity-BOX\EWARM\CJMCU-811
#        CCS811 TVOC sensor\List\CJMCU-811 CCS811 TVOC sensor.map
#    Command line =
#        -f
#        "D:\Work\Programming\Sensors\Temperature_and_CO2_to_display\TVOC-Temperature-Humidity-BOX\EWARM\CJMCU-811
#        CCS811 TVOC sensor\Exe\CJMCU-811 CCS811 TVOC sensor.out.rsp"
#        ("D:\Work\Programming\Sensors\Temperature_and_CO2_to_display\TVOC-Temperature-Humidity-BOX\EWARM\CJMCU-811
#        CCS811 TVOC sensor\Obj\Application\User\Core\AHT10\AHT10.o"
#        "D:\Work\Programming\Sensors\Temperature_and_CO2_to_display\TVOC-Temperature-Humidity-BOX\EWARM\CJMCU-811
#        CCS811 TVOC sensor\Obj\Application\User\Core\BMP280\BMP280.o"
#        "D:\Work\Programming\Sensors\Temperature_and_CO2_to_display\TVOC-Temperature-Humidity-BOX\EWARM\CJMCU-811
#        CCS811 TVOC sensor\Obj\Application\User\Core\CCS811\CCS811.o"
#        "D:\Work\Programming\Sensors\Temperature_and_CO2_to_display\TVOC-Temperature-Humidity-BOX\EWARM\CJMCU-811
#        CCS811 TVOC sensor\Obj\Application\User\Core\HTU21D\HTU21D.o"
#        "D:\Work\Programming\Sensors\Temperature_and_CO2_to_display\TVOC-Temperature-Humidity-BOX\EWARM\CJMCU-811
#        CCS811 TVOC sensor\Obj\Application\User\Core\I2C1\I2C1.o"
#        "D:\Work\Programming\Sensors\Temperature_and_CO2_to_display\TVOC-Temperature-Humidity-BOX\EWARM\CJMCU-811
#        CCS811 TVOC sensor\Obj\Application\User\Core\main.o"
#        "D:\Work\Programming\Sensors\Temperature_and_CO2_to_display\TVOC-Temperature-Humidity-BOX\EWARM\CJMCU-811
#        CCS811 TVOC sensor\Obj\Application\User\Core\DISPLAY\spi_ili9341.o"
#        "D:\Work\Programming\Sensors\Temperature_and_CO2_to_display\TVOC-Temperature-Humidity-BOX\EWARM\CJMCU-811
#        CCS811 TVOC sensor\Obj\Application\EWARM\startup_stm32f446xx.o"
#        "D:\Work\Programming\Sensors\Temperature_and_CO2_to_display\TVOC-Temperature-Humidity-BOX\EWARM\CJMCU-811
#        CCS811 TVOC
#        sensor\Obj\Application\User\Core\Drivers\STM32F4xx_HAL_Driver\stm32f4xx_hal.o"
#        "D:\Work\Programming\Sensors\Temperature_and_CO2_to_display\TVOC-Temperature-Humidity-BOX\EWARM\CJMCU-811
#        CCS811 TVOC
#        sensor\Obj\Application\User\Core\Drivers\STM32F4xx_HAL_Driver\stm32f4xx_hal_cortex.o"
#        "D:\Work\Programming\Sensors\Temperature_and_CO2_to_display\TVOC-Temperature-Humidity-BOX\EWARM\CJMCU-811
#        CCS811 TVOC
#        sensor\Obj\Application\User\Core\Drivers\STM32F4xx_HAL_Driver\stm32f4xx_hal_dma.o"
#        "D:\Work\Programming\Sensors\Temperature_and_CO2_to_display\TVOC-Temperature-Humidity-BOX\EWARM\CJMCU-811
#        CCS811 TVOC
#        sensor\Obj\Application\User\Core\Drivers\STM32F4xx_HAL_Driver\stm32f4xx_hal_dma_ex.o"
#        "D:\Work\Programming\Sensors\Temperature_and_CO2_to_display\TVOC-Temperature-Humidity-BOX\EWARM\CJMCU-811
#        CCS811 TVOC
#        sensor\Obj\Application\User\Core\Drivers\STM32F4xx_HAL_Driver\stm32f4xx_hal_exti.o"
#        "D:\Work\Programming\Sensors\Temperature_and_CO2_to_display\TVOC-Temperature-Humidity-BOX\EWARM\CJMCU-811
#        CCS811 TVOC
#        sensor\Obj\Application\User\Core\Drivers\STM32F4xx_HAL_Driver\stm32f4xx_hal_flash.o"
#        "D:\Work\Programming\Sensors\Temperature_and_CO2_to_display\TVOC-Temperature-Humidity-BOX\EWARM\CJMCU-811
#        CCS811 TVOC
#        sensor\Obj\Application\User\Core\Drivers\STM32F4xx_HAL_Driver\stm32f4xx_hal_flash_ex.o"
#        "D:\Work\Programming\Sensors\Temperature_and_CO2_to_display\TVOC-Temperature-Humidity-BOX\EWARM\CJMCU-811
#        CCS811 TVOC
#        sensor\Obj\Application\User\Core\Drivers\STM32F4xx_HAL_Driver\stm32f4xx_hal_flash_ramfunc.o"
#        "D:\Work\Programming\Sensors\Temperature_and_CO2_to_display\TVOC-Temperature-Humidity-BOX\EWARM\CJMCU-811
#        CCS811 TVOC
#        sensor\Obj\Application\User\Core\Drivers\STM32F4xx_HAL_Driver\stm32f4xx_hal_gpio.o"
#        "D:\Work\Programming\Sensors\Temperature_and_CO2_to_display\TVOC-Temperature-Humidity-BOX\EWARM\CJMCU-811
#        CCS811 TVOC
#        sensor\Obj\Application\User\Core\Drivers\STM32F4xx_HAL_Driver\stm32f4xx_hal_i2c.o"
#        "D:\Work\Programming\Sensors\Temperature_and_CO2_to_display\TVOC-Temperature-Humidity-BOX\EWARM\CJMCU-811
#        CCS811 TVOC
#        sensor\Obj\Application\User\Core\Drivers\STM32F4xx_HAL_Driver\stm32f4xx_hal_i2c_ex.o"
#        "D:\Work\Programming\Sensors\Temperature_and_CO2_to_display\TVOC-Temperature-Humidity-BOX\EWARM\CJMCU-811
#        CCS811 TVOC sensor\Obj\Application\User\Core\stm32f4xx_hal_msp.o"
#        "D:\Work\Programming\Sensors\Temperature_and_CO2_to_display\TVOC-Temperature-Humidity-BOX\EWARM\CJMCU-811
#        CCS811 TVOC
#        sensor\Obj\Application\User\Core\Drivers\STM32F4xx_HAL_Driver\stm32f4xx_hal_pwr.o"
#        "D:\Work\Programming\Sensors\Temperature_and_CO2_to_display\TVOC-Temperature-Humidity-BOX\EWARM\CJMCU-811
#        CCS811 TVOC
#        sensor\Obj\Application\User\Core\Drivers\STM32F4xx_HAL_Driver\stm32f4xx_hal_pwr_ex.o"
#        "D:\Work\Programming\Sensors\Temperature_and_CO2_to_display\TVOC-Temperature-Humidity-BOX\EWARM\CJMCU-811
#        CCS811 TVOC
#        sensor\Obj\Application\User\Core\Drivers\STM32F4xx_HAL_Driver\stm32f4xx_hal_rcc.o"
#        "D:\Work\Programming\Sensors\Temperature_and_CO2_to_display\TVOC-Temperature-Humidity-BOX\EWARM\CJMCU-811
#        CCS811 TVOC
#        sensor\Obj\Application\User\Core\Drivers\STM32F4xx_HAL_Driver\stm32f4xx_hal_rcc_ex.o"
#        "D:\Work\Programming\Sensors\Temperature_and_CO2_to_display\TVOC-Temperature-Humidity-BOX\EWARM\CJMCU-811
#        CCS811 TVOC
#        sensor\Obj\Application\User\Core\Drivers\STM32F4xx_HAL_Driver\stm32f4xx_hal_spi.o"
#        "D:\Work\Programming\Sensors\Temperature_and_CO2_to_display\TVOC-Temperature-Humidity-BOX\EWARM\CJMCU-811
#        CCS811 TVOC
#        sensor\Obj\Application\User\Core\Drivers\STM32F4xx_HAL_Driver\stm32f4xx_hal_tim.o"
#        "D:\Work\Programming\Sensors\Temperature_and_CO2_to_display\TVOC-Temperature-Humidity-BOX\EWARM\CJMCU-811
#        CCS811 TVOC
#        sensor\Obj\Application\User\Core\Drivers\STM32F4xx_HAL_Driver\stm32f4xx_hal_tim_ex.o"
#        "D:\Work\Programming\Sensors\Temperature_and_CO2_to_display\TVOC-Temperature-Humidity-BOX\EWARM\CJMCU-811
#        CCS811 TVOC sensor\Obj\Application\User\Core\stm32f4xx_it.o"
#        "D:\Work\Programming\Sensors\Temperature_and_CO2_to_display\TVOC-Temperature-Humidity-BOX\EWARM\CJMCU-811
#        CCS811 TVOC
#        sensor\Obj\Application\User\Core\Drivers\CMSIS\system_stm32f4xx.o"
#        --no_out_extension -o
#        "D:\Work\Programming\Sensors\Temperature_and_CO2_to_display\TVOC-Temperature-Humidity-BOX\EWARM\CJMCU-811
#        CCS811 TVOC sensor\Exe\CJMCU-811 CCS811 TVOC sensor.out" --redirect
#        _Printf=_PrintfFullNoMb --redirect _Scanf=_ScanfFullNoMb --map
#        "D:\Work\Programming\Sensors\Temperature_and_CO2_to_display\TVOC-Temperature-Humidity-BOX\EWARM\CJMCU-811
#        CCS811 TVOC sensor\List\CJMCU-811 CCS811 TVOC sensor.map" --config
#        D:\Work\Programming\Sensors\Temperature_and_CO2_to_display\TVOC-Temperature-Humidity-BOX\EWARM/stm32f446xx_flash.icf
#        --semihosting --entry __iar_program_start --vfe --text_out locale)
#
###############################################################################

*******************************************************************************
*** RUNTIME MODEL ATTRIBUTES
***

CppFlavor       = *
__CPP_Runtime   = 1
__SystemLibrary = DLib
__dlib_version  = 6


*******************************************************************************
*** HEAP SELECTION
***

The basic heap was selected because some modules are built with
size limitations (and not runtime checking), and --advanced_heap
was not specified.


*******************************************************************************
*** PLACEMENT SUMMARY
***

"A0":  place at address 0x800'0000 { ro section .intvec };
"P1":  place in [from 0x800'0000 to 0x807'ffff] { ro };
define block CSTACK with size = 2K, alignment = 8 { };
define block HEAP with size = 1K, alignment = 8 { };
"P2":  place in [from 0x2000'0000 to 0x2001'ffff] {
          rw, block CSTACK, block HEAP };
initialize by copy { rw };

  Section            Kind         Address    Size  Object
  -------            ----         -------    ----  ------
"A0":                                       0x1c4
  .intvec            ro code   0x800'0000   0x1c4  startup_stm32f446xx.o [1]
                             - 0x800'01c4   0x1c4

"P1":                                      0x1d7c
  .text              ro code   0x800'01c4   0xbc8  stm32f4xx_hal_i2c.o [8]
  .text              ro code   0x800'0d8c     0x2  stm32f4xx_hal_i2c.o [8]
  .text              ro code   0x800'0d8e     0x2  stm32f4xx_hal_i2c.o [8]
  .text              ro code   0x800'0d90     0x2  stm32f4xx_hal_i2c.o [8]
  .text              ro code   0x800'0d92     0x2  stm32f4xx_hal_i2c.o [8]
  .text              ro code   0x800'0d94     0x2  stm32f4xx_hal_i2c.o [8]
  .text              ro code   0x800'0d96     0x2  stm32f4xx_hal_i2c.o [8]
  .text              ro code   0x800'0d98    0x2a  stm32f4xx_hal_dma.o [8]
  .text              ro code   0x800'0dc2     0x2  stm32f4xx_hal_i2c.o [8]
  .text              ro code   0x800'0dc4     0x2  stm32f4xx_hal_i2c.o [8]
  .text              ro code   0x800'0dc6     0x2  stm32f4xx_hal_i2c.o [8]
  .text              ro code   0x800'0dc8     0x2  stm32f4xx_hal_i2c.o [8]
  .text              ro code   0x800'0dca    0x2a  copy_init3.o [13]
  .text              ro code   0x800'0df4   0x390  stm32f4xx_hal_rcc_ex.o [8]
  .text              ro code   0x800'1184     0xc  stm32f4xx_hal.o [8]
  .text              ro code   0x800'1190   0x106  I64DivMod_small.o [13]
  .text              ro code   0x800'1298     0x2  I64DivZer.o [13]
  .text              ro code   0x800'129c   0x200  stm32f4xx_hal_gpio.o [8]
  .text              ro code   0x800'149c     0x2  stm32f4xx_hal_gpio.o [8]
  .text              ro code   0x800'14a0   0x16c  I2C1.o [10]
  .text              ro code   0x800'160c    0x28  stm32f4xx_hal.o [8]
  .text              ro code   0x800'1634   0x166  spi_ili9341.o [6]
  .text              ro code   0x800'179c   0x136  main.o [2]
  .text              ro code   0x800'18d4    0x34  stm32f4xx_hal.o [8]
  .text              ro code   0x800'1908    0xc4  stm32f4xx_hal_cortex.o [8]
  .text              ro code   0x800'19cc     0x8  HTU21D.o [9]
  .text              ro code   0x800'19d4    0x14  memset.o [13]
  .text              ro code   0x800'19e8    0x78  stm32f4xx_hal_pwr_ex.o [8]
  .text              ro code   0x800'1a60   0x120  stm32f4xx_hal_rcc.o [8]
  .text              ro code   0x800'1b80    0x40  stm32f4xx_hal.o [8]
  .text              ro code   0x800'1bc0    0x38  stm32f4xx_hal_msp.o [2]
  .text              ro code   0x800'1bf8    0x66  ABImemset.o [13]
  .text              ro code   0x800'1c5e    0x38  zero_init3.o [13]
  .text              ro code   0x800'1c98    0x2c  stm32f4xx_it.o [2]
  .text              ro code   0x800'1cc4    0x10  stm32f4xx_hal.o [8]
  .text              ro code   0x800'1cd4    0x2c  system_stm32f4xx.o [7]
  .text              ro code   0x800'1d00    0x28  data_init.o [13]
  .text              ro code   0x800'1d28    0x22  fpinit_M.o [12]
  .iar.init_table    const     0x800'1d4c    0x24  - Linker created -
  .text              ro code   0x800'1d70    0x1e  cmain.o [13]
  .text              ro code   0x800'1d8e     0x4  low_level_init.o [11]
  .text              ro code   0x800'1d92     0x4  exit.o [11]
  .text              ro code   0x800'1d98     0xa  cexit.o [13]
  .text              ro code   0x800'1da4    0x14  exit.o [14]
  .text              ro code   0x800'1db8    0x1c  cstartup_M.o [13]
  .text              ro code   0x800'1dd4    0x10  startup_stm32f446xx.o [1]
  Initializer bytes  const     0x800'1de4    0x10  <for P2-1>
  .text              ro code   0x800'1df4     0x4  startup_stm32f446xx.o [1]
  .text              ro code   0x800'1df8     0x4  startup_stm32f446xx.o [1]
  .text              ro code   0x800'1dfc     0x4  startup_stm32f446xx.o [1]
  .text              ro code   0x800'1e00     0x4  startup_stm32f446xx.o [1]
  .text              ro code   0x800'1e04     0x4  startup_stm32f446xx.o [1]
  .text              ro code   0x800'1e08     0x4  startup_stm32f446xx.o [1]
  .text              ro code   0x800'1e0c     0x4  startup_stm32f446xx.o [1]
  .text              ro code   0x800'1e10     0x4  startup_stm32f446xx.o [1]
  .text              ro code   0x800'1e14     0x4  startup_stm32f446xx.o [1]
  .text              ro code   0x800'1e18     0x4  startup_stm32f446xx.o [1]
  .text              ro code   0x800'1e1c     0x4  startup_stm32f446xx.o [1]
  .text              ro code   0x800'1e20     0x4  startup_stm32f446xx.o [1]
  .text              ro code   0x800'1e24     0x4  startup_stm32f446xx.o [1]
  .text              ro code   0x800'1e28     0x4  startup_stm32f446xx.o [1]
  .text              ro code   0x800'1e2c     0x4  startup_stm32f446xx.o [1]
  .text              ro code   0x800'1e30     0x4  startup_stm32f446xx.o [1]
  .text              ro code   0x800'1e34     0x4  startup_stm32f446xx.o [1]
  .text              ro code   0x800'1e38     0x4  startup_stm32f446xx.o [1]
  .text              ro code   0x800'1e3c     0x4  startup_stm32f446xx.o [1]
  .text              ro code   0x800'1e40     0x4  startup_stm32f446xx.o [1]
  .text              ro code   0x800'1e44     0x4  startup_stm32f446xx.o [1]
  .text              ro code   0x800'1e48     0x4  startup_stm32f446xx.o [1]
  .text              ro code   0x800'1e4c     0x4  startup_stm32f446xx.o [1]
  .text              ro code   0x800'1e50     0x4  startup_stm32f446xx.o [1]
  .text              ro code   0x800'1e54     0x4  startup_stm32f446xx.o [1]
  .text              ro code   0x800'1e58     0x4  startup_stm32f446xx.o [1]
  .text              ro code   0x800'1e5c     0x4  startup_stm32f446xx.o [1]
  .text              ro code   0x800'1e60     0x4  startup_stm32f446xx.o [1]
  .text              ro code   0x800'1e64     0x4  startup_stm32f446xx.o [1]
  .text              ro code   0x800'1e68     0x4  startup_stm32f446xx.o [1]
  .text              ro code   0x800'1e6c     0x4  startup_stm32f446xx.o [1]
  .text              ro code   0x800'1e70     0x4  startup_stm32f446xx.o [1]
  .text              ro code   0x800'1e74     0x4  startup_stm32f446xx.o [1]
  .text              ro code   0x800'1e78     0x4  startup_stm32f446xx.o [1]
  .text              ro code   0x800'1e7c     0x4  startup_stm32f446xx.o [1]
  .text              ro code   0x800'1e80     0x4  startup_stm32f446xx.o [1]
  .text              ro code   0x800'1e84     0x4  startup_stm32f446xx.o [1]
  .text              ro code   0x800'1e88     0x4  startup_stm32f446xx.o [1]
  .text              ro code   0x800'1e8c     0x4  startup_stm32f446xx.o [1]
  .text              ro code   0x800'1e90     0x4  startup_stm32f446xx.o [1]
  .text              ro code   0x800'1e94     0x4  startup_stm32f446xx.o [1]
  .text              ro code   0x800'1e98     0x4  startup_stm32f446xx.o [1]
  .text              ro code   0x800'1e9c     0x4  startup_stm32f446xx.o [1]
  .text              ro code   0x800'1ea0     0x4  startup_stm32f446xx.o [1]
  .text              ro code   0x800'1ea4     0x4  startup_stm32f446xx.o [1]
  .text              ro code   0x800'1ea8     0x4  startup_stm32f446xx.o [1]
  .text              ro code   0x800'1eac     0x4  startup_stm32f446xx.o [1]
  .text              ro code   0x800'1eb0     0x4  startup_stm32f446xx.o [1]
  .text              ro code   0x800'1eb4     0x4  startup_stm32f446xx.o [1]
  .text              ro code   0x800'1eb8     0x4  startup_stm32f446xx.o [1]
  .text              ro code   0x800'1ebc     0x4  startup_stm32f446xx.o [1]
  .text              ro code   0x800'1ec0     0x4  startup_stm32f446xx.o [1]
  .text              ro code   0x800'1ec4     0x4  startup_stm32f446xx.o [1]
  .text              ro code   0x800'1ec8     0x4  startup_stm32f446xx.o [1]
  .text              ro code   0x800'1ecc     0x4  startup_stm32f446xx.o [1]
  .text              ro code   0x800'1ed0     0x4  startup_stm32f446xx.o [1]
  .text              ro code   0x800'1ed4     0x4  startup_stm32f446xx.o [1]
  .text              ro code   0x800'1ed8     0x4  startup_stm32f446xx.o [1]
  .text              ro code   0x800'1edc     0x4  startup_stm32f446xx.o [1]
  .text              ro code   0x800'1ee0     0x4  startup_stm32f446xx.o [1]
  .text              ro code   0x800'1ee4     0x4  startup_stm32f446xx.o [1]
  .text              ro code   0x800'1ee8     0x4  startup_stm32f446xx.o [1]
  .text              ro code   0x800'1eec     0x4  startup_stm32f446xx.o [1]
  .text              ro code   0x800'1ef0     0x4  startup_stm32f446xx.o [1]
  .text              ro code   0x800'1ef4     0x4  startup_stm32f446xx.o [1]
  .text              ro code   0x800'1ef8     0x4  startup_stm32f446xx.o [1]
  .text              ro code   0x800'1efc     0x4  startup_stm32f446xx.o [1]
  .text              ro code   0x800'1f00     0x4  startup_stm32f446xx.o [1]
  .text              ro code   0x800'1f04     0x4  startup_stm32f446xx.o [1]
  .text              ro code   0x800'1f08     0x4  startup_stm32f446xx.o [1]
  .text              ro code   0x800'1f0c     0x4  startup_stm32f446xx.o [1]
  .text              ro code   0x800'1f10     0x4  startup_stm32f446xx.o [1]
  .text              ro code   0x800'1f14     0x4  startup_stm32f446xx.o [1]
  .text              ro code   0x800'1f18     0x4  startup_stm32f446xx.o [1]
  .text              ro code   0x800'1f1c     0x4  startup_stm32f446xx.o [1]
  .text              ro code   0x800'1f20     0x4  startup_stm32f446xx.o [1]
  .text              ro code   0x800'1f24     0x4  startup_stm32f446xx.o [1]
  .text              ro code   0x800'1f28     0x4  startup_stm32f446xx.o [1]
  .text              ro code   0x800'1f2c     0x4  startup_stm32f446xx.o [1]
  .text              ro code   0x800'1f30     0x4  startup_stm32f446xx.o [1]
  .text              ro code   0x800'1f34     0x4  startup_stm32f446xx.o [1]
  .text              ro code   0x800'1f38     0x4  startup_stm32f446xx.o [1]
  .text              ro code   0x800'1f3c     0x4  startup_stm32f446xx.o [1]
  .rodata            const     0x800'1f40     0x0  zero_init3.o [13]
  .rodata            const     0x800'1f40     0x0  copy_init3.o [13]
                             - 0x800'1f40  0x1d7c

"P2", part 1 of 3:                           0x10
  P2-1                        0x2000'0000    0x10  <Init block>
    .data            inited   0x2000'0000     0xc  stm32f4xx_hal.o [8]
    .data            inited   0x2000'000c     0x4  system_stm32f4xx.o [7]
                            - 0x2000'0010    0x10

"P2", part 2 of 3:                           0x54
  .bss               zero     0x2000'0010    0x54  main.o [2]
                            - 0x2000'0064    0x54

"P2", part 3 of 3:                          0x800
  CSTACK                      0x2000'0068   0x800  <Block>
    CSTACK           uninit   0x2000'0068   0x800  <Block tail>
                            - 0x2000'0868   0x800

Unused ranges:

         From           To      Size
         ----           --      ----
   0x800'1f40   0x807'ffff  0x7'e0c0
  0x2000'0064  0x2000'0067       0x4
  0x2000'0868  0x2001'ffff  0x1'f798


*******************************************************************************
*** INIT TABLE
***

          Address      Size
          -------      ----
Zero (__iar_zero_init3)
    1 destination range, total size 0x54:
          0x2000'0010  0x54

Copy (__iar_copy_init3)
    1 source range, total size 0x10:
           0x800'1de4  0x10
    1 destination range, total size 0x10:
          0x2000'0000  0x10



*******************************************************************************
*** MODULE SUMMARY
***

    Module                  ro code  ro data  rw data
    ------                  -------  -------  -------
command line/config:
    -------------------------------------------------
    Total:

D:\Work\Programming\Sensors\Temperature_and_CO2_to_display\TVOC-Temperature-Humidity-BOX\EWARM\CJMCU-811 CCS811 TVOC sensor\Obj\Application\EWARM: [1]
    startup_stm32f446xx.o       800
    -------------------------------------------------
    Total:                      800

D:\Work\Programming\Sensors\Temperature_and_CO2_to_display\TVOC-Temperature-Humidity-BOX\EWARM\CJMCU-811 CCS811 TVOC sensor\Obj\Application\User\Core: [2]
    main.o                      310                84
    stm32f4xx_hal_msp.o          56
    stm32f4xx_it.o               44
    -------------------------------------------------
    Total:                      410                84

D:\Work\Programming\Sensors\Temperature_and_CO2_to_display\TVOC-Temperature-Humidity-BOX\EWARM\CJMCU-811 CCS811 TVOC sensor\Obj\Application\User\Core\AHT10: [3]
    -------------------------------------------------
    Total:

D:\Work\Programming\Sensors\Temperature_and_CO2_to_display\TVOC-Temperature-Humidity-BOX\EWARM\CJMCU-811 CCS811 TVOC sensor\Obj\Application\User\Core\BMP280: [4]
    -------------------------------------------------
    Total:

D:\Work\Programming\Sensors\Temperature_and_CO2_to_display\TVOC-Temperature-Humidity-BOX\EWARM\CJMCU-811 CCS811 TVOC sensor\Obj\Application\User\Core\CCS811: [5]
    -------------------------------------------------
    Total:

D:\Work\Programming\Sensors\Temperature_and_CO2_to_display\TVOC-Temperature-Humidity-BOX\EWARM\CJMCU-811 CCS811 TVOC sensor\Obj\Application\User\Core\DISPLAY: [6]
    spi_ili9341.o               358
    -------------------------------------------------
    Total:                      358

D:\Work\Programming\Sensors\Temperature_and_CO2_to_display\TVOC-Temperature-Humidity-BOX\EWARM\CJMCU-811 CCS811 TVOC sensor\Obj\Application\User\Core\Drivers\CMSIS: [7]
    system_stm32f4xx.o           44        4        4
    -------------------------------------------------
    Total:                       44        4        4

D:\Work\Programming\Sensors\Temperature_and_CO2_to_display\TVOC-Temperature-Humidity-BOX\EWARM\CJMCU-811 CCS811 TVOC sensor\Obj\Application\User\Core\Drivers\STM32F4xx_HAL_Driver: [8]
    stm32f4xx_hal.o             184       12       12
    stm32f4xx_hal_cortex.o      196
    stm32f4xx_hal_dma.o          42
    stm32f4xx_hal_gpio.o        514
    stm32f4xx_hal_i2c.o       3'036
    stm32f4xx_hal_pwr_ex.o      120
    stm32f4xx_hal_rcc.o         288
    stm32f4xx_hal_rcc_ex.o      912
    -------------------------------------------------
    Total:                    5'292       12       12

D:\Work\Programming\Sensors\Temperature_and_CO2_to_display\TVOC-Temperature-Humidity-BOX\EWARM\CJMCU-811 CCS811 TVOC sensor\Obj\Application\User\Core\HTU21D: [9]
    HTU21D.o                      8
    -------------------------------------------------
    Total:                        8

D:\Work\Programming\Sensors\Temperature_and_CO2_to_display\TVOC-Temperature-Humidity-BOX\EWARM\CJMCU-811 CCS811 TVOC sensor\Obj\Application\User\Core\I2C1: [10]
    I2C1.o                      364
    -------------------------------------------------
    Total:                      364

dl7M_tlf.a: [11]
    exit.o                        4
    low_level_init.o              4
    -------------------------------------------------
    Total:                        8

m7M_tls.a: [12]
    fpinit_M.o                   34
    -------------------------------------------------
    Total:                       34

rt7M_tl.a: [13]
    ABImemset.o                 102
    I64DivMod_small.o           262
    I64DivZer.o                   2
    cexit.o                      10
    cmain.o                      30
    copy_init3.o                 42
    cstartup_M.o                 28
    data_init.o                  40
    memset.o                     20
    zero_init3.o                 56
    -------------------------------------------------
    Total:                      592

shb_l.a: [14]
    exit.o                       20
    -------------------------------------------------
    Total:                       20

    Gaps                         16        2
    Linker created                        36    2'048
-----------------------------------------------------
    Grand Total:              7'946       54    2'148


*******************************************************************************
*** ENTRY LIST
***

Entry                       Address   Size  Type      Object
-----                       -------   ----  ----      ------
.iar.init_table$$Base    0x800'1d4c          --   Gb  - Linker created -
.iar.init_table$$Limit   0x800'1d70          --   Gb  - Linker created -
?main                    0x800'1d71         Code  Gb  cmain.o [13]
AHBPrescTable            0x800'1cf0   0x10  Data  Gb  system_stm32f4xx.o [7]
BusFault_Handler         0x800'1c9f    0x2  Code  Gb  stm32f4xx_it.o [2]
CSTACK$$Base            0x2000'0068          --   Gb  - Linker created -
CSTACK$$Limit           0x2000'0868          --   Gb  - Linker created -
DebugMon_Handler         0x800'1ca5    0x2  Code  Gb  stm32f4xx_it.o [2]
EXTI15_10_IRQHandler     0x800'1cbd    0x8  Code  Gb  stm32f4xx_it.o [2]
Error_Handler            0x800'18cf    0x4  Code  Gb  main.o [2]
HAL_DMA_Abort_IT         0x800'0d99   0x24  Code  Gb  stm32f4xx_hal_dma.o [8]
HAL_DMA_GetState         0x800'0dbd    0x6  Code  Gb  stm32f4xx_hal_dma.o [8]
HAL_Delay                0x800'160d   0x28  Code  Wk  stm32f4xx_hal.o [8]
HAL_GPIO_EXTI_IRQHandler
                         0x800'145b   0x12  Code  Gb  stm32f4xx_hal_gpio.o [8]
HAL_GPIO_Init            0x800'129d  0x1b6  Code  Gb  stm32f4xx_hal_gpio.o [8]
HAL_GPIO_WritePin        0x800'1453    0x8  Code  Gb  stm32f4xx_hal_gpio.o [8]
HAL_GetTick              0x800'1185    0xc  Code  Wk  stm32f4xx_hal.o [8]
HAL_I2C_ER_IRQHandler    0x800'098d  0x122  Code  Gb  stm32f4xx_hal_i2c.o [8]
HAL_I2C_EV_IRQHandler    0x800'01e3  0x6ac  Code  Gb  stm32f4xx_hal_i2c.o [8]
HAL_IncTick              0x800'1cc5   0x10  Code  Wk  stm32f4xx_hal.o [8]
HAL_Init                 0x800'18d5   0x30  Code  Gb  stm32f4xx_hal.o [8]
HAL_InitTick             0x800'1b81   0x40  Code  Wk  stm32f4xx_hal.o [8]
HAL_MspInit              0x800'1bc1   0x34  Code  Gb  stm32f4xx_hal_msp.o [2]
HAL_NVIC_EnableIRQ       0x800'1977   0x16  Code  Gb  stm32f4xx_hal_cortex.o [8]
HAL_NVIC_SetPriority     0x800'193d   0x3a  Code  Gb  stm32f4xx_hal_cortex.o [8]
HAL_NVIC_SetPriorityGrouping
                         0x800'1923   0x1a  Code  Gb  stm32f4xx_hal_cortex.o [8]
HAL_PWREx_EnableOverDrive
                         0x800'19e9   0x48  Code  Gb  stm32f4xx_hal_pwr_ex.o [8]
HAL_RCC_ClockConfig      0x800'1a61  0x100  Code  Gb  stm32f4xx_hal_rcc.o [8]
HAL_RCC_GetSysClockFreq
                         0x800'0dfd   0x7a  Code  Gb  stm32f4xx_hal_rcc_ex.o [8]
HAL_RCC_OscConfig        0x800'0e87  0x2d0  Code  Gb  stm32f4xx_hal_rcc_ex.o [8]
HAL_SYSTICK_Config       0x800'198d   0x28  Code  Gb  stm32f4xx_hal_cortex.o [8]
HardFault_Handler        0x800'1c9b    0x2  Code  Gb  stm32f4xx_it.o [2]
I2C1_ER_IRQHandler       0x800'1cb3    0x6  Code  Gb  stm32f4xx_it.o [2]
I2C1_EV_IRQHandler       0x800'1cad    0x6  Code  Gb  stm32f4xx_it.o [2]
I2C_DMAAbort             0x800'0cb9   0xce  Code  Lc  stm32f4xx_hal_i2c.o [8]
I2C_ITError              0x800'0b75   0xf2  Code  Lc  stm32f4xx_hal_i2c.o [8]
I2C_MemoryTransmit_TXE_BTF
                         0x800'0abb   0xae  Code  Lc  stm32f4xx_hal_i2c.o [8]
LCD_Command              0x800'173d    0xa  Code  Gb  spi_ili9341.o [6]
LCD_WriteData            0x800'16e5   0x56  Code  Gb  spi_ili9341.o [6]
LCD_ini                  0x800'1635   0x9e  Code  Gb  spi_ili9341.o [6]
MemManage_Handler        0x800'1c9d    0x2  Code  Gb  stm32f4xx_it.o [2]
NMI_Handler              0x800'1c99    0x2  Code  Gb  stm32f4xx_it.o [2]
PendSV_Handler           0x800'1ca7    0x2  Code  Gb  stm32f4xx_it.o [2]
Region$$Table$$Base      0x800'1d4c          --   Gb  - Linker created -
Region$$Table$$Limit     0x800'1d70          --   Gb  - Linker created -
SVC_Handler              0x800'1ca3    0x2  Code  Gb  stm32f4xx_it.o [2]
SysTick_Handler          0x800'1ca9    0x4  Code  Gb  stm32f4xx_it.o [2]
SystemClock_Config       0x800'1811   0xa4  Code  Gb  main.o [2]
SystemCoreClock         0x2000'000c    0x4  Data  Gb  system_stm32f4xx.o [7]
SystemInit               0x800'1cd5   0x14  Code  Gb  system_stm32f4xx.o [7]
UsageFault_Handler       0x800'1ca1    0x2  Code  Gb  stm32f4xx_it.o [2]
__NVIC_SetPriority       0x800'14a1   0x1a  Code  Lc  I2C1.o [10]
__NVIC_SetPriority       0x800'1909   0x1a  Code  Lc  stm32f4xx_hal_cortex.o [8]
__aeabi_ldiv0            0x800'1299         Code  Gb  I64DivZer.o [13]
__aeabi_memset           0x800'1bf9         Code  Gb  ABImemset.o [13]
__cmain                  0x800'1d71         Code  Gb  cmain.o [13]
__exit                   0x800'1da5   0x14  Code  Gb  exit.o [14]
__iar_Memset             0x800'1bf9         Code  Gb  ABImemset.o [13]
__iar_Memset_word        0x800'1c01         Code  Gb  ABImemset.o [13]
__iar_copy_init3         0x800'0dcb   0x2a  Code  Gb  copy_init3.o [13]
__iar_data_init3         0x800'1d01   0x28  Code  Gb  data_init.o [13]
__iar_init_vfp           0x800'1d29         Code  Gb  fpinit_M.o [12]
__iar_program_start      0x800'1db9         Code  Gb  cstartup_M.o [13]
__iar_small_uldivmod     0x800'1191         Code  Gb  I64DivMod_small.o [13]
__iar_zero_init3         0x800'1c5f   0x38  Code  Gb  zero_init3.o [13]
__low_level_init         0x800'1d8f    0x4  Code  Gb  low_level_init.o [11]
__vector_table           0x800'0000         Data  Gb  startup_stm32f446xx.o [1]
_call_main               0x800'1d7d         Code  Gb  cmain.o [13]
_exit                    0x800'1d99         Code  Gb  cexit.o [13]
delay                    0x800'173b    0x2  Code  Gb  spi_ili9341.o [6]
exit                     0x800'1d93    0x4  Code  Gb  exit.o [11]
hi2c1                   0x2000'0010   0x54  Data  Gb  main.o [2]
htu21d_getTemperature    0x800'19cd    0x8  Code  Gb  HTU21D.o [9]
i2c1_init                0x800'14bb   0xc4  Code  Gb  I2C1.o [10]
i2c1_read                0x800'157f   0x74  Code  Gb  I2C1.o [10]
main                     0x800'179d   0x74  Code  Gb  main.o [2]
memset                   0x800'19d5   0x14  Code  Gb  memset.o [13]
uwTick                  0x2000'0004    0x4  Data  Gb  stm32f4xx_hal.o [8]
uwTickFreq              0x2000'0000    0x1  Data  Gb  stm32f4xx_hal.o [8]
uwTickPrio              0x2000'0008    0x4  Data  Gb  stm32f4xx_hal.o [8]


[1] = D:\Work\Programming\Sensors\Temperature_and_CO2_to_display\TVOC-Temperature-Humidity-BOX\EWARM\CJMCU-811 CCS811 TVOC sensor\Obj\Application\EWARM
[2] = D:\Work\Programming\Sensors\Temperature_and_CO2_to_display\TVOC-Temperature-Humidity-BOX\EWARM\CJMCU-811 CCS811 TVOC sensor\Obj\Application\User\Core
[3] = D:\Work\Programming\Sensors\Temperature_and_CO2_to_display\TVOC-Temperature-Humidity-BOX\EWARM\CJMCU-811 CCS811 TVOC sensor\Obj\Application\User\Core\AHT10
[4] = D:\Work\Programming\Sensors\Temperature_and_CO2_to_display\TVOC-Temperature-Humidity-BOX\EWARM\CJMCU-811 CCS811 TVOC sensor\Obj\Application\User\Core\BMP280
[5] = D:\Work\Programming\Sensors\Temperature_and_CO2_to_display\TVOC-Temperature-Humidity-BOX\EWARM\CJMCU-811 CCS811 TVOC sensor\Obj\Application\User\Core\CCS811
[6] = D:\Work\Programming\Sensors\Temperature_and_CO2_to_display\TVOC-Temperature-Humidity-BOX\EWARM\CJMCU-811 CCS811 TVOC sensor\Obj\Application\User\Core\DISPLAY
[7] = D:\Work\Programming\Sensors\Temperature_and_CO2_to_display\TVOC-Temperature-Humidity-BOX\EWARM\CJMCU-811 CCS811 TVOC sensor\Obj\Application\User\Core\Drivers\CMSIS
[8] = D:\Work\Programming\Sensors\Temperature_and_CO2_to_display\TVOC-Temperature-Humidity-BOX\EWARM\CJMCU-811 CCS811 TVOC sensor\Obj\Application\User\Core\Drivers\STM32F4xx_HAL_Driver
[9] = D:\Work\Programming\Sensors\Temperature_and_CO2_to_display\TVOC-Temperature-Humidity-BOX\EWARM\CJMCU-811 CCS811 TVOC sensor\Obj\Application\User\Core\HTU21D
[10] = D:\Work\Programming\Sensors\Temperature_and_CO2_to_display\TVOC-Temperature-Humidity-BOX\EWARM\CJMCU-811 CCS811 TVOC sensor\Obj\Application\User\Core\I2C1
[11] = dl7M_tlf.a
[12] = m7M_tls.a
[13] = rt7M_tl.a
[14] = shb_l.a

  7'946 bytes of readonly  code memory
     54 bytes of readonly  data memory
  2'148 bytes of readwrite data memory

Errors: none
Warnings: none
