###############################################################################
#
# IAR ELF Linker V9.20.2.320/W64 for ARM                  07/Apr/2022  16:50:31
# Copyright 2007-2021 IAR Systems AB.
#
#    Output file  =
#        D:\Work\Programming\Sensors\Temperature_and_CO2_to_display\EWARM\Temperature_and_CO2_to_display\Exe\Temperature_and_CO2_to_display.out
#    Map file     =
#        D:\Work\Programming\Sensors\Temperature_and_CO2_to_display\EWARM\Temperature_and_CO2_to_display\List\Temperature_and_CO2_to_display.map
#    Command line =
#        -f
#        D:\Work\Programming\Sensors\Temperature_and_CO2_to_display\EWARM\Temperature_and_CO2_to_display\Exe\Temperature_and_CO2_to_display.out.rsp
#        (D:\Work\Programming\Sensors\Temperature_and_CO2_to_display\EWARM\Temperature_and_CO2_to_display\Obj\Application\User\Core\CCS811.o
#        D:\Work\Programming\Sensors\Temperature_and_CO2_to_display\EWARM\Temperature_and_CO2_to_display\Obj\Application\User\Core\main.o
#        D:\Work\Programming\Sensors\Temperature_and_CO2_to_display\EWARM\Temperature_and_CO2_to_display\Obj\Application\User\Core\spi_ili9341.o
#        D:\Work\Programming\Sensors\Temperature_and_CO2_to_display\EWARM\Temperature_and_CO2_to_display\Obj\Application\EWARM\startup_stm32l431xx.o
#        D:\Work\Programming\Sensors\Temperature_and_CO2_to_display\EWARM\Temperature_and_CO2_to_display\Obj\Drivers\STM32L4xx_HAL_Driver\stm32l4xx_hal.o
#        D:\Work\Programming\Sensors\Temperature_and_CO2_to_display\EWARM\Temperature_and_CO2_to_display\Obj\Drivers\STM32L4xx_HAL_Driver\stm32l4xx_hal_cortex.o
#        D:\Work\Programming\Sensors\Temperature_and_CO2_to_display\EWARM\Temperature_and_CO2_to_display\Obj\Drivers\STM32L4xx_HAL_Driver\stm32l4xx_hal_dma.o
#        D:\Work\Programming\Sensors\Temperature_and_CO2_to_display\EWARM\Temperature_and_CO2_to_display\Obj\Drivers\STM32L4xx_HAL_Driver\stm32l4xx_hal_dma_ex.o
#        D:\Work\Programming\Sensors\Temperature_and_CO2_to_display\EWARM\Temperature_and_CO2_to_display\Obj\Drivers\STM32L4xx_HAL_Driver\stm32l4xx_hal_exti.o
#        D:\Work\Programming\Sensors\Temperature_and_CO2_to_display\EWARM\Temperature_and_CO2_to_display\Obj\Drivers\STM32L4xx_HAL_Driver\stm32l4xx_hal_flash.o
#        D:\Work\Programming\Sensors\Temperature_and_CO2_to_display\EWARM\Temperature_and_CO2_to_display\Obj\Drivers\STM32L4xx_HAL_Driver\stm32l4xx_hal_flash_ex.o
#        D:\Work\Programming\Sensors\Temperature_and_CO2_to_display\EWARM\Temperature_and_CO2_to_display\Obj\Drivers\STM32L4xx_HAL_Driver\stm32l4xx_hal_flash_ramfunc.o
#        D:\Work\Programming\Sensors\Temperature_and_CO2_to_display\EWARM\Temperature_and_CO2_to_display\Obj\Drivers\STM32L4xx_HAL_Driver\stm32l4xx_hal_gpio.o
#        D:\Work\Programming\Sensors\Temperature_and_CO2_to_display\EWARM\Temperature_and_CO2_to_display\Obj\Drivers\STM32L4xx_HAL_Driver\stm32l4xx_hal_i2c.o
#        D:\Work\Programming\Sensors\Temperature_and_CO2_to_display\EWARM\Temperature_and_CO2_to_display\Obj\Drivers\STM32L4xx_HAL_Driver\stm32l4xx_hal_i2c_ex.o
#        D:\Work\Programming\Sensors\Temperature_and_CO2_to_display\EWARM\Temperature_and_CO2_to_display\Obj\Application\User\Core\stm32l4xx_hal_msp.o
#        D:\Work\Programming\Sensors\Temperature_and_CO2_to_display\EWARM\Temperature_and_CO2_to_display\Obj\Drivers\STM32L4xx_HAL_Driver\stm32l4xx_hal_pwr.o
#        D:\Work\Programming\Sensors\Temperature_and_CO2_to_display\EWARM\Temperature_and_CO2_to_display\Obj\Drivers\STM32L4xx_HAL_Driver\stm32l4xx_hal_pwr_ex.o
#        D:\Work\Programming\Sensors\Temperature_and_CO2_to_display\EWARM\Temperature_and_CO2_to_display\Obj\Drivers\STM32L4xx_HAL_Driver\stm32l4xx_hal_rcc.o
#        D:\Work\Programming\Sensors\Temperature_and_CO2_to_display\EWARM\Temperature_and_CO2_to_display\Obj\Drivers\STM32L4xx_HAL_Driver\stm32l4xx_hal_rcc_ex.o
#        D:\Work\Programming\Sensors\Temperature_and_CO2_to_display\EWARM\Temperature_and_CO2_to_display\Obj\Drivers\STM32L4xx_HAL_Driver\stm32l4xx_hal_tim.o
#        D:\Work\Programming\Sensors\Temperature_and_CO2_to_display\EWARM\Temperature_and_CO2_to_display\Obj\Drivers\STM32L4xx_HAL_Driver\stm32l4xx_hal_tim_ex.o
#        D:\Work\Programming\Sensors\Temperature_and_CO2_to_display\EWARM\Temperature_and_CO2_to_display\Obj\Application\User\Core\stm32l4xx_it.o
#        D:\Work\Programming\Sensors\Temperature_and_CO2_to_display\EWARM\Temperature_and_CO2_to_display\Obj\Drivers\CMSIS\system_stm32l4xx.o
#        --no_out_extension -o
#        D:\Work\Programming\Sensors\Temperature_and_CO2_to_display\EWARM\Temperature_and_CO2_to_display\Exe\Temperature_and_CO2_to_display.out
#        --redirect _Printf=_PrintfFullNoMb --redirect _Scanf=_ScanfFullNoMb
#        --map
#        D:\Work\Programming\Sensors\Temperature_and_CO2_to_display\EWARM\Temperature_and_CO2_to_display\List\Temperature_and_CO2_to_display.map
#        --config
#        D:\Work\Programming\Sensors\Temperature_and_CO2_to_display\EWARM/stm32l431xx_flash.icf
#        --semihosting --entry __iar_program_start --vfe --text_out locale)
#
###############################################################################

*******************************************************************************
*** RUNTIME MODEL ATTRIBUTES
***

CppFlavor       = *
__CPP_Runtime   = 1
__SystemLibrary = DLib
__dlib_version  = 6


*******************************************************************************
*** HEAP SELECTION
***

The basic heap was selected because some modules are built with
size limitations (and not runtime checking), and --advanced_heap
was not specified.


*******************************************************************************
*** PLACEMENT SUMMARY
***

"A0":  place at address 0x800'0000 { ro section .intvec };
"P1":  place in [from 0x800'0000 to 0x803'ffff] { ro };
define block CSTACK with size = 1K, alignment = 8 { };
define block HEAP with size = 512, alignment = 8 { };
"P2":  place in [from 0x2000'0000 to 0x2000'ffff] {
          rw, block CSTACK, block HEAP };
initialize by copy { rw };

  Section            Kind         Address    Size  Object
  -------            ----         -------    ----  ------
"A0":                                       0x18c
  .intvec            ro code   0x800'0000   0x18c  startup_stm32l431xx.o [1]
                             - 0x800'018c   0x18c

"P1":                                      0x17ae
  .text              ro code   0x800'018c   0x6fc  stm32l4xx_hal_rcc.o [4]
  .text              ro code   0x800'0888    0x44  stm32l4xx_hal.o [4]
  .text              ro code   0x800'08cc     0xc  stm32l4xx_hal.o [4]
  .text              ro code   0x800'08d8    0x7c  stm32l4xx_hal_pwr_ex.o [4]
  .text              ro code   0x800'0954    0xac  stm32l4xx_hal_cortex.o [4]
  .text              ro code   0x800'0a00   0x37c  stm32l4xx_hal_rcc_ex.o [4]
  .text              ro code   0x800'0d7c   0x2be  main.o [2]
  .text              ro code   0x800'103a    0x3a  packbits_init_single.o [7]
  .text              ro code   0x800'1074    0x1e  stm32l4xx_hal.o [4]
  .text              ro code   0x800'1092    0x14  memset.o [7]
  .text              ro code   0x800'10a8   0x1c8  stm32l4xx_hal_gpio.o [4]
  .text              ro code   0x800'1270    0xb2  stm32l4xx_hal_i2c.o [4]
  .text              ro code   0x800'1324    0x7e  stm32l4xx_hal_i2c_ex.o [4]
  .text              ro code   0x800'13a4   0x1ca  spi_ili9341.o [2]
  .text              ro code   0x800'1570    0x28  stm32l4xx_hal.o [4]
  .text              ro code   0x800'1598    0x9c  stm32l4xx_hal_msp.o [2]
  .text              ro code   0x800'1634    0x66  ABImemset.o [7]
  .text              ro code   0x800'169c    0x5c  system_stm32l4xx.o [3]
  .rodata            const     0x800'16f8    0x30  system_stm32l4xx.o [3]
  .text              ro code   0x800'1728    0x28  data_init.o [7]
  .text              ro code   0x800'1750    0x22  fpinit_M.o [6]
  .iar.init_table    const     0x800'1774    0x10  - Linker created -
  .text              ro code   0x800'1784    0x1e  cmain.o [7]
  .text              ro code   0x800'17a2     0x4  low_level_init.o [5]
  .text              ro code   0x800'17a6     0x4  exit.o [5]
  .text              ro code   0x800'17ac     0xa  cexit.o [7]
  .text              ro code   0x800'17b8    0x14  exit.o [8]
  .text              ro code   0x800'17cc    0x1c  cstartup_M.o [7]
  .text              ro code   0x800'17e8    0x14  stm32l4xx_it.o [2]
  .text              ro code   0x800'17fc    0x10  stm32l4xx_hal.o [4]
  .text              ro code   0x800'180c    0x10  startup_stm32l431xx.o [1]
  .text              ro code   0x800'181c     0x4  startup_stm32l431xx.o [1]
  .text              ro code   0x800'1820     0x4  startup_stm32l431xx.o [1]
  .text              ro code   0x800'1824     0x4  startup_stm32l431xx.o [1]
  .text              ro code   0x800'1828     0x4  startup_stm32l431xx.o [1]
  .text              ro code   0x800'182c     0x4  startup_stm32l431xx.o [1]
  .text              ro code   0x800'1830     0x4  startup_stm32l431xx.o [1]
  .text              ro code   0x800'1834     0x4  startup_stm32l431xx.o [1]
  .text              ro code   0x800'1838     0x4  startup_stm32l431xx.o [1]
  .text              ro code   0x800'183c     0x4  startup_stm32l431xx.o [1]
  .text              ro code   0x800'1840     0x4  startup_stm32l431xx.o [1]
  .text              ro code   0x800'1844     0x4  startup_stm32l431xx.o [1]
  .text              ro code   0x800'1848     0x4  startup_stm32l431xx.o [1]
  .text              ro code   0x800'184c     0x4  startup_stm32l431xx.o [1]
  .text              ro code   0x800'1850     0x4  startup_stm32l431xx.o [1]
  .text              ro code   0x800'1854     0x4  startup_stm32l431xx.o [1]
  .text              ro code   0x800'1858     0x4  startup_stm32l431xx.o [1]
  .text              ro code   0x800'185c     0x4  startup_stm32l431xx.o [1]
  .text              ro code   0x800'1860     0x4  startup_stm32l431xx.o [1]
  .text              ro code   0x800'1864     0x4  startup_stm32l431xx.o [1]
  .text              ro code   0x800'1868     0x4  startup_stm32l431xx.o [1]
  .text              ro code   0x800'186c     0x4  startup_stm32l431xx.o [1]
  .text              ro code   0x800'1870     0x4  startup_stm32l431xx.o [1]
  .text              ro code   0x800'1874     0x4  startup_stm32l431xx.o [1]
  .text              ro code   0x800'1878     0x4  startup_stm32l431xx.o [1]
  .text              ro code   0x800'187c     0x4  startup_stm32l431xx.o [1]
  .text              ro code   0x800'1880     0x4  startup_stm32l431xx.o [1]
  .text              ro code   0x800'1884     0x4  startup_stm32l431xx.o [1]
  .text              ro code   0x800'1888     0x4  startup_stm32l431xx.o [1]
  .text              ro code   0x800'188c     0x4  startup_stm32l431xx.o [1]
  .text              ro code   0x800'1890     0x4  startup_stm32l431xx.o [1]
  .text              ro code   0x800'1894     0x4  startup_stm32l431xx.o [1]
  .text              ro code   0x800'1898     0x4  startup_stm32l431xx.o [1]
  .text              ro code   0x800'189c     0x4  startup_stm32l431xx.o [1]
  .text              ro code   0x800'18a0     0x4  startup_stm32l431xx.o [1]
  .text              ro code   0x800'18a4     0x4  startup_stm32l431xx.o [1]
  .text              ro code   0x800'18a8     0x4  startup_stm32l431xx.o [1]
  .text              ro code   0x800'18ac     0x4  startup_stm32l431xx.o [1]
  .text              ro code   0x800'18b0     0x4  startup_stm32l431xx.o [1]
  .text              ro code   0x800'18b4     0x4  startup_stm32l431xx.o [1]
  .text              ro code   0x800'18b8     0x4  startup_stm32l431xx.o [1]
  .text              ro code   0x800'18bc     0x4  startup_stm32l431xx.o [1]
  .text              ro code   0x800'18c0     0x4  startup_stm32l431xx.o [1]
  .text              ro code   0x800'18c4     0x4  startup_stm32l431xx.o [1]
  .text              ro code   0x800'18c8     0x4  startup_stm32l431xx.o [1]
  .text              ro code   0x800'18cc     0x4  startup_stm32l431xx.o [1]
  .text              ro code   0x800'18d0     0x4  startup_stm32l431xx.o [1]
  .text              ro code   0x800'18d4     0x4  startup_stm32l431xx.o [1]
  .text              ro code   0x800'18d8     0x4  startup_stm32l431xx.o [1]
  .text              ro code   0x800'18dc     0x4  startup_stm32l431xx.o [1]
  .text              ro code   0x800'18e0     0x4  startup_stm32l431xx.o [1]
  .text              ro code   0x800'18e4     0x4  startup_stm32l431xx.o [1]
  .text              ro code   0x800'18e8     0x4  startup_stm32l431xx.o [1]
  .text              ro code   0x800'18ec     0x4  startup_stm32l431xx.o [1]
  .text              ro code   0x800'18f0     0x4  startup_stm32l431xx.o [1]
  .text              ro code   0x800'18f4     0x4  startup_stm32l431xx.o [1]
  .text              ro code   0x800'18f8     0x4  startup_stm32l431xx.o [1]
  .text              ro code   0x800'18fc     0x4  startup_stm32l431xx.o [1]
  .text              ro code   0x800'1900     0x4  startup_stm32l431xx.o [1]
  .text              ro code   0x800'1904     0x4  startup_stm32l431xx.o [1]
  .text              ro code   0x800'1908     0x4  startup_stm32l431xx.o [1]
  .text              ro code   0x800'190c     0x4  startup_stm32l431xx.o [1]
  .text              ro code   0x800'1910     0x4  startup_stm32l431xx.o [1]
  .text              ro code   0x800'1914     0x4  startup_stm32l431xx.o [1]
  .text              ro code   0x800'1918     0x4  startup_stm32l431xx.o [1]
  .rodata            const     0x800'191c     0x0  packbits_init_single.o [7]
  Initializer bytes  const     0x800'191c    0x1e  <for P2-1>
                             - 0x800'193a  0x17ae

"P2", part 1 of 2:                           0x8c
  P2-1                        0x2000'0000    0x8c  <Init block>
    .data            inited   0x2000'0000    0x7c  main.o [2]
    .data            inited   0x2000'007c     0xc  stm32l4xx_hal.o [4]
    .data            inited   0x2000'0088     0x4  system_stm32l4xx.o [3]
                            - 0x2000'008c    0x8c

"P2", part 2 of 2:                          0x400
  CSTACK                      0x2000'0090   0x400  <Block>
    CSTACK           uninit   0x2000'0090   0x400  <Block tail>
                            - 0x2000'0490   0x400

Unused ranges:

         From           To      Size
         ----           --      ----
   0x800'193a   0x803'ffff  0x3'e6c6
  0x2000'008c  0x2000'008f       0x4
  0x2000'0490  0x2000'ffff    0xfb70


*******************************************************************************
*** INIT TABLE
***

          Address      Size
          -------      ----
Copy/packbits (__iar_packbits_init_single3)
    1 source range, total size 0x1e (21% of destination):
           0x800'191c  0x1e
    1 destination range, total size 0x8c:
          0x2000'0000  0x8c



*******************************************************************************
*** MODULE SUMMARY
***

    Module                  ro code  ro data  rw data
    ------                  -------  -------  -------
command line/config:
    -------------------------------------------------
    Total:

D:\Work\Programming\Sensors\Temperature_and_CO2_to_display\EWARM\Temperature_and_CO2_to_display\Obj\Application\EWARM: [1]
    startup_stm32l431xx.o       668
    -------------------------------------------------
    Total:                      668

D:\Work\Programming\Sensors\Temperature_and_CO2_to_display\EWARM\Temperature_and_CO2_to_display\Obj\Application\User\Core: [2]
    main.o                      702       26      124
    spi_ili9341.o               458
    stm32l4xx_hal_msp.o         156
    stm32l4xx_it.o               20
    -------------------------------------------------
    Total:                    1'336       26      124

D:\Work\Programming\Sensors\Temperature_and_CO2_to_display\EWARM\Temperature_and_CO2_to_display\Obj\Drivers\CMSIS: [3]
    system_stm32l4xx.o           92       49        4
    -------------------------------------------------
    Total:                       92       49        4

D:\Work\Programming\Sensors\Temperature_and_CO2_to_display\EWARM\Temperature_and_CO2_to_display\Obj\Drivers\STM32L4xx_HAL_Driver: [4]
    stm32l4xx_hal.o             166        3       12
    stm32l4xx_hal_cortex.o      172
    stm32l4xx_hal_gpio.o        456
    stm32l4xx_hal_i2c.o         178
    stm32l4xx_hal_i2c_ex.o      126
    stm32l4xx_hal_pwr_ex.o      124
    stm32l4xx_hal_rcc.o       1'788
    stm32l4xx_hal_rcc_ex.o      892
    -------------------------------------------------
    Total:                    3'902        3       12

dl7M_tln.a: [5]
    exit.o                        4
    low_level_init.o              4
    -------------------------------------------------
    Total:                        8

m7M_tls.a: [6]
    fpinit_M.o                   34
    -------------------------------------------------
    Total:                       34

rt7M_tl.a: [7]
    ABImemset.o                 102
    cexit.o                      10
    cmain.o                      30
    cstartup_M.o                 28
    data_init.o                  40
    memset.o                     20
    packbits_init_single.o       58
    -------------------------------------------------
    Total:                      288

shb_l.a: [8]
    exit.o                       20
    -------------------------------------------------
    Total:                       20

    Gaps                         14        2
    Linker created                        16    1'024
-----------------------------------------------------
    Grand Total:              6'362       96    1'164


*******************************************************************************
*** ENTRY LIST
***

Entry                       Address   Size  Type      Object
-----                       -------   ----  ----      ------
.iar.init_table$$Base    0x800'1774          --   Gb  - Linker created -
.iar.init_table$$Limit   0x800'1784          --   Gb  - Linker created -
?main                    0x800'1785         Code  Gb  cmain.o [7]
AHBPrescTable            0x800'16e8   0x10  Data  Gb  system_stm32l4xx.o [3]
AHT10_Humidity_int      0x2000'0064    0x8  Data  Gb  main.o [2]
AHT10_Temperature_int   0x2000'005c    0x8  Data  Gb  main.o [2]
BusFault_Handler         0x800'17ef    0x2  Code  Gb  stm32l4xx_it.o [2]
CSTACK$$Base            0x2000'0090          --   Gb  - Linker created -
CSTACK$$Limit           0x2000'0490          --   Gb  - Linker created -
DebugMon_Handler         0x800'17f5    0x2  Code  Gb  stm32l4xx_it.o [2]
Error_Handler            0x800'1037    0x4  Code  Gb  main.o [2]
HAL_Delay                0x800'1571   0x28  Code  Wk  stm32l4xx_hal.o [4]
HAL_GPIO_Init            0x800'10a9  0x1a0  Code  Gb  stm32l4xx_hal_gpio.o [4]
HAL_GPIO_WritePin        0x800'1249    0xa  Code  Gb  stm32l4xx_hal_gpio.o [4]
HAL_GetTick              0x800'08cd    0xc  Code  Wk  stm32l4xx_hal.o [4]
HAL_I2CEx_ConfigAnalogFilter
                         0x800'1325   0x2a  Code  Gb  stm32l4xx_hal_i2c_ex.o [4]
HAL_I2CEx_ConfigDigitalFilter
                         0x800'134f   0x26  Code  Gb  stm32l4xx_hal_i2c_ex.o [4]
HAL_I2C_Init             0x800'1271   0xa2  Code  Gb  stm32l4xx_hal_i2c.o [4]
HAL_I2C_MspInit          0x800'15c5   0x5e  Code  Gb  stm32l4xx_hal_msp.o [2]
HAL_IncTick              0x800'17fd   0x10  Code  Wk  stm32l4xx_hal.o [4]
HAL_Init                 0x800'1075   0x1e  Code  Gb  stm32l4xx_hal.o [4]
HAL_InitTick             0x800'0889   0x44  Code  Wk  stm32l4xx_hal.o [4]
HAL_MspInit              0x800'1599   0x2c  Code  Gb  stm32l4xx_hal_msp.o [2]
HAL_NVIC_SetPriority     0x800'0989   0x3a  Code  Gb  stm32l4xx_hal_cortex.o [4]
HAL_NVIC_SetPriorityGrouping
                         0x800'096f   0x1a  Code  Gb  stm32l4xx_hal_cortex.o [4]
HAL_PWREx_ControlVoltageScaling
                         0x800'08e5   0x62  Code  Gb  stm32l4xx_hal_pwr_ex.o [4]
HAL_PWREx_GetVoltageRange
                         0x800'08d9    0xc  Code  Gb  stm32l4xx_hal_pwr_ex.o [4]
HAL_RCCEx_PeriphCLKConfig
                         0x800'0a01  0x250  Code  Gb  stm32l4xx_hal_rcc_ex.o [4]
HAL_RCC_ClockConfig      0x800'0633  0x100  Code  Gb  stm32l4xx_hal_rcc.o [4]
HAL_RCC_GetSysClockFreq
                         0x800'0747   0x92  Code  Gb  stm32l4xx_hal_rcc.o [4]
HAL_RCC_OscConfig        0x800'018d  0x47a  Code  Gb  stm32l4xx_hal_rcc.o [4]
HAL_SYSTICK_Config       0x800'09c5   0x28  Code  Gb  stm32l4xx_hal_cortex.o [4]
HardFault_Handler        0x800'17eb    0x2  Code  Gb  stm32l4xx_it.o [2]
LCD_Command              0x800'14af    0xa  Code  Gb  spi_ili9341.o [2]
LCD_Data                 0x800'14b9    0x8  Code  Gb  spi_ili9341.o [2]
LCD_SendChar             0x800'1507    0xe  Code  Gb  spi_ili9341.o [2]
LCD_SetPos               0x800'1539   0x36  Code  Gb  spi_ili9341.o [2]
LCD_String               0x800'151b   0x1e  Code  Gb  spi_ili9341.o [2]
LCD_WriteData            0x800'1451   0x54  Code  Gb  spi_ili9341.o [2]
LCD_ini                  0x800'13a5   0x9c  Code  Gb  spi_ili9341.o [2]
MSIRangeTable            0x800'16f8   0x30  Data  Gb  system_stm32l4xx.o [3]
MemManage_Handler        0x800'17ed    0x2  Code  Gb  stm32l4xx_it.o [2]
NMI_Handler              0x800'17e9    0x2  Code  Gb  stm32l4xx_it.o [2]
PendSV_Handler           0x800'17f7    0x2  Code  Gb  stm32l4xx_it.o [2]
RCCEx_PLLSAI1_Config     0x800'0c57   0xfa  Code  Lc  stm32l4xx_hal_rcc_ex.o [4]
RCC_SetFlashLatencyFromMSIRange
                         0x800'07d9   0x74  Code  Lc  stm32l4xx_hal_rcc.o [4]
Region$$Table$$Base      0x800'1774          --   Gb  - Linker created -
Region$$Table$$Limit     0x800'1784          --   Gb  - Linker created -
SVC_Handler              0x800'17f3    0x2  Code  Gb  stm32l4xx_it.o [2]
SysTick_Handler          0x800'17f9    0x4  Code  Gb  stm32l4xx_it.o [2]
SystemClock_Config       0x800'0f9d   0x9a  Code  Gb  main.o [2]
SystemCoreClock         0x2000'0088    0x4  Data  Gb  system_stm32l4xx.o [3]
SystemInit               0x800'169d   0x3c  Code  Gb  system_stm32l4xx.o [3]
UsageFault_Handler       0x800'17f1    0x2  Code  Gb  stm32l4xx_it.o [2]
__NVIC_SetPriority       0x800'0955   0x1a  Code  Lc  stm32l4xx_hal_cortex.o [4]
__aeabi_memset           0x800'1635         Code  Gb  ABImemset.o [7]
__cmain                  0x800'1785         Code  Gb  cmain.o [7]
__exit                   0x800'17b9   0x14  Code  Gb  exit.o [8]
__iar_Memset             0x800'1635         Code  Gb  ABImemset.o [7]
__iar_Memset_word        0x800'163d         Code  Gb  ABImemset.o [7]
__iar_data_init3         0x800'1729   0x28  Code  Gb  data_init.o [7]
__iar_init_vfp           0x800'1751         Code  Gb  fpinit_M.o [6]
__iar_packbits_init_single3
                         0x800'103b   0x3a  Code  Gb  packbits_init_single.o [7]
__iar_program_start      0x800'17cd         Code  Gb  cstartup_M.o [7]
__low_level_init         0x800'17a3    0x4  Code  Gb  low_level_init.o [5]
__vector_table           0x800'0000         Data  Gb  startup_stm32l431xx.o [1]
_call_main               0x800'1791         Code  Gb  cmain.o [7]
_exit                    0x800'17ad         Code  Gb  cexit.o [7]
co2                     0x2000'006c    0x4  Data  Gb  main.o [2]
data                    0x2000'0000    0xc  Data  Gb  main.o [2]
delay                    0x800'14ad    0x2  Code  Gb  spi_ili9341.o [2]
eco2_data               0x2000'000c    0x2  Data  Gb  main.o [2]
exit                     0x800'17a7    0x4  Code  Gb  exit.o [5]
hi2c1                   0x2000'0010   0x4c  Data  Gb  main.o [2]
hum                     0x2000'0074    0x4  Data  Gb  main.o [2]
main                     0x800'0d7d  0x1d6  Code  Gb  main.o [2]
memset                   0x800'1093   0x14  Code  Gb  memset.o [7]
tem                     0x2000'0078    0x4  Data  Gb  main.o [2]
uwTick                  0x2000'0080    0x4  Data  Gb  stm32l4xx_hal.o [4]
uwTickFreq              0x2000'007c    0x1  Data  Gb  stm32l4xx_hal.o [4]
uwTickPrio              0x2000'0084    0x4  Data  Gb  stm32l4xx_hal.o [4]
voc                     0x2000'0070    0x4  Data  Gb  main.o [2]
voc_data                0x2000'000e    0x2  Data  Gb  main.o [2]


[1] = D:\Work\Programming\Sensors\Temperature_and_CO2_to_display\EWARM\Temperature_and_CO2_to_display\Obj\Application\EWARM
[2] = D:\Work\Programming\Sensors\Temperature_and_CO2_to_display\EWARM\Temperature_and_CO2_to_display\Obj\Application\User\Core
[3] = D:\Work\Programming\Sensors\Temperature_and_CO2_to_display\EWARM\Temperature_and_CO2_to_display\Obj\Drivers\CMSIS
[4] = D:\Work\Programming\Sensors\Temperature_and_CO2_to_display\EWARM\Temperature_and_CO2_to_display\Obj\Drivers\STM32L4xx_HAL_Driver
[5] = dl7M_tln.a
[6] = m7M_tls.a
[7] = rt7M_tl.a
[8] = shb_l.a

  6'362 bytes of readonly  code memory
     96 bytes of readonly  data memory
  1'164 bytes of readwrite data memory

Errors: none
Warnings: none
